C:/Users/ketan.singh/Desktop/Microcontroller-Nucleo-G071RB/Mustercopy/CAN-to-CAN5/Old_and_NewAbstraction/New/Hardware_Abstraction/Includes/Hardware_Interface.h:84:18:virtual void HardwareInterface::MasterNodesendCommand(int, int)	24	static
C:/Users/ketan.singh/Desktop/Microcontroller-Nucleo-G071RB/Mustercopy/CAN-to-CAN5/Old_and_NewAbstraction/New/Hardware_Abstraction/Includes/Hardware_Interface.h:89:18:virtual bool HardwareInterface::getNMTinternalstate(int)	16	static
C:/Users/ketan.singh/Desktop/Microcontroller-Nucleo-G071RB/Mustercopy/CAN-to-CAN5/Old_and_NewAbstraction/New/Hardware_Abstraction/Includes/Hardware_Interface.h:95:18:virtual void HardwareInterface::setNMTinternalstate(int)	16	static
C:/Users/ketan.singh/Desktop/Microcontroller-Nucleo-G071RB/Mustercopy/CAN-to-CAN5/Old_and_NewAbstraction/New/Hardware_Abstraction/Includes/Hardware_Interface.h:99:18:virtual void HardwareInterface::RegisterMasterCallbacks()	16	static
C:/Users/ketan.singh/Desktop/Microcontroller-Nucleo-G071RB/Mustercopy/CAN-to-CAN5/Old_and_NewAbstraction/New/Hardware_Abstraction/Includes/Hardware_Interface.h:105:18:virtual void HardwareInterface::NodeStateHandler()	16	static
C:/Users/ketan.singh/Desktop/Microcontroller-Nucleo-G071RB/Mustercopy/CAN-to-CAN5/Old_and_NewAbstraction/New/Hardware_Abstraction/Includes/Hardware_Interface.h:150:17:virtual int HardwareInterface::initandSetFilters(const std::array<long unsigned int, 13>&)	16	static
C:/Users/ketan.singh/Desktop/Microcontroller-Nucleo-G071RB/Mustercopy/CAN-to-CAN5/Old_and_NewAbstraction/New/Hardware_Abstraction/Includes/Hardware_Interface.h:156:18:virtual void HardwareInterface::CANerrorHandler()	16	static
C:/Users/ketan.singh/Desktop/Microcontroller-Nucleo-G071RB/Mustercopy/CAN-to-CAN5/Old_and_NewAbstraction/New/Hardware_Abstraction/Includes/Hardware_Interface.h:161:18:virtual void HardwareInterface::RegisterCANInterruptCallback(CANInterruptCallback)	24	static
C:/Users/ketan.singh/Desktop/Microcontroller-Nucleo-G071RB/Mustercopy/CAN-to-CAN5/Old_and_NewAbstraction/New/Hardware_Abstraction/Includes/Hardware_Interface.h:167:18:virtual bool HardwareInterface::allNodesBooted()	16	static
C:/Users/ketan.singh/Desktop/Microcontroller-Nucleo-G071RB/Mustercopy/CAN-to-CAN5/Old_and_NewAbstraction/New/Hardware_Abstraction/Includes/Hardware_Factory.h:38:37:void __tcf_0()	8	static
C:/Users/ketan.singh/Desktop/Microcontroller-Nucleo-G071RB/Mustercopy/CAN-to-CAN5/Old_and_NewAbstraction/New/Hardware_Abstraction/Includes/Hardware_Factory.h:18:31:static HardwareInterface* HardwareFactory::Create()	8	static
C:/Users/ketan.singh/Desktop/Microcontroller-Nucleo-G071RB/Mustercopy/CAN-to-CAN5/app/Updated_IO/HeaderFiles/COL_EventSubject.h:32:13:IRPDOObserver::~IRPDOObserver()	16	static
C:/Users/ketan.singh/Desktop/Microcontroller-Nucleo-G071RB/Mustercopy/CAN-to-CAN5/app/Updated_IO/HeaderFiles/COL_EventSubject.h:32:13:virtual IRPDOObserver::~IRPDOObserver()	16	static
C:\ST\STM32CubeIDE_1.17.0\STM32CubeIDE\plugins\com.st.stm32cube.ide.mcu.externaltools.gnu-tools-for-stm32.12.3.rel1.win32_1.1.0.202410251130\tools\arm-none-eabi\include\c++\12.3.1\arm-none-eabi\thumb\v6-m\nofp\bits\gthr-default.h:229:1:int __gthread_key_delete(__gthread_key_t)	16	static
../CANopenNodeInterface/CANOpenManager.cpp:3:1:CANOpenManager::CANOpenManager()	16	static
../CANopenNodeInterface/CANOpenManager.cpp:17:6:void CANOpenManager::InitIO()	16	static
../CANopenNodeInterface/CANOpenManager.cpp:29:6:void CANOpenManager::InitCANopenStack()	16	static
../CANopenNodeInterface/CANOpenManager.cpp:43:6:void CANOpenManager::CheckSignals()	16	static
../CANopenNodeInterface/CANOpenManager.cpp:54:6:void CANOpenManager::Startloop()	16	static
../CANopenNodeInterface/CANOpenManager.cpp:65:6:void CANOpenManager::setMode(Mode)	16	static
C:/Users/ketan.singh/Desktop/Microcontroller-Nucleo-G071RB/Mustercopy/CAN-to-CAN5/app/Updated_IO/HeaderFiles/COL_EventSubject.h:291:7:GenericRPDOObserverT<SimpleRPDOHandler<void (*)(const virtualIOMapping_data&)> >::~GenericRPDOObserverT()	16	static
C:/Users/ketan.singh/Desktop/Microcontroller-Nucleo-G071RB/Mustercopy/CAN-to-CAN5/app/Updated_IO/HeaderFiles/COL_EventSubject.h:291:7:virtual GenericRPDOObserverT<SimpleRPDOHandler<void (*)(const virtualIOMapping_data&)> >::~GenericRPDOObserverT()	16	static
../CANopenNodeInterface/CANOpenManager.cpp:68:1:void __static_initialization_and_destruction_0(int, int)	16	static
C:/Users/ketan.singh/Desktop/Microcontroller-Nucleo-G071RB/Mustercopy/CAN-to-CAN5/Old_and_NewAbstraction/New/Hardware_Abstraction/Includes/Hardware_Interface.h:202:13:HardwareInterface::~HardwareInterface()	16	static
C:/Users/ketan.singh/Desktop/Microcontroller-Nucleo-G071RB/Mustercopy/CAN-to-CAN5/Old_and_NewAbstraction/New/Hardware_Abstraction/Includes/Hardware_Interface.h:202:13:virtual HardwareInterface::~HardwareInterface()	16	static
C:/Users/ketan.singh/Desktop/Microcontroller-Nucleo-G071RB/Mustercopy/CAN-to-CAN5/Old_and_NewAbstraction/New/Hardware_Abstraction/STM32/STM32G0/STM32G0_Hardware.h:20:7:STM32G0_Hardware::~STM32G0_Hardware()	16	static
C:/Users/ketan.singh/Desktop/Microcontroller-Nucleo-G071RB/Mustercopy/CAN-to-CAN5/Old_and_NewAbstraction/New/Hardware_Abstraction/STM32/STM32G0/STM32G0_Hardware.h:20:7:virtual STM32G0_Hardware::~STM32G0_Hardware()	16	static
C:/Users/ketan.singh/Desktop/Microcontroller-Nucleo-G071RB/Mustercopy/CAN-to-CAN5/app/Updated_IO/HeaderFiles/COL_EventSubject.h:314:10:void GenericRPDOObserverT<Handler>::onRPDOReceived(const virtualIOMapping_data_t&) [with Handler = SimpleRPDOHandler<void (*)(const virtualIOMapping_data&)>]	24	static
C:\ST\STM32CubeIDE_1.17.0\STM32CubeIDE\plugins\com.st.stm32cube.ide.mcu.externaltools.gnu-tools-for-stm32.12.3.rel1.win32_1.1.0.202410251130\tools\bin/../lib/gcc/arm-none-eabi/12.3.1/../../../../arm-none-eabi/include/c++/12.3.1/array:206:7:std::array<_Tp, _Nm>::value_type& std::array<_Tp, _Nm>::operator[](size_type) [with _Tp = SimpleRPDOHandler<void (*)(const virtualIOMapping_data&)>; unsigned int _Nm = 4]	16	static
C:/Users/ketan.singh/Desktop/Microcontroller-Nucleo-G071RB/Mustercopy/CAN-to-CAN5/app/Updated_IO/HeaderFiles/COL_EventSubject.h:160:10:bool SimpleRPDOHandler<T>::matches(libCOL_outputBasicFunction_t) const [with T = void (*)(const virtualIOMapping_data&)]	16	static
C:/Users/ketan.singh/Desktop/Microcontroller-Nucleo-G071RB/Mustercopy/CAN-to-CAN5/app/Updated_IO/HeaderFiles/COL_EventSubject.h:161:10:void SimpleRPDOHandler<T>::call(const virtualIOMapping_data_t&) const [with T = void (*)(const virtualIOMapping_data&)]	16	static
C:\ST\STM32CubeIDE_1.17.0\STM32CubeIDE\plugins\com.st.stm32cube.ide.mcu.externaltools.gnu-tools-for-stm32.12.3.rel1.win32_1.1.0.202410251130\tools\bin/../lib/gcc/arm-none-eabi/12.3.1/../../../../arm-none-eabi/include/c++/12.3.1/array:60:7:static constexpr _Tp& std::__array_traits<_Tp, _Nm>::_S_ref(const _Tp (&)[_Nm], std::size_t) [with _Tp = SimpleRPDOHandler<void (*)(const virtualIOMapping_data&)>; unsigned int _Nm = 4]	16	static
../CANopenNodeInterface/CANOpenManager.cpp:68:1:cpp)	8	static
../CANopenNodeInterface/CANOpenManager.cpp:68:1:cpp)	8	static
