C:/Users/ketan.singh/Desktop/Microcontroller-Nucleo-G071RB/Mustercopy/CAN-to-CAN5/Old_and_NewAbstraction/New/Hardware_Abstraction/Includes/Hardware_Interface.h:84:18:virtual void HardwareInterface::MasterNodesendCommand(int, int)	24	static
C:/Users/ketan.singh/Desktop/Microcontroller-Nucleo-G071RB/Mustercopy/CAN-to-CAN5/Old_and_NewAbstraction/New/Hardware_Abstraction/Includes/Hardware_Interface.h:89:18:virtual bool HardwareInterface::getNMTinternalstate(int)	16	static
C:/Users/ketan.singh/Desktop/Microcontroller-Nucleo-G071RB/Mustercopy/CAN-to-CAN5/Old_and_NewAbstraction/New/Hardware_Abstraction/Includes/Hardware_Interface.h:95:18:virtual void HardwareInterface::setNMTinternalstate(int)	16	static
C:/Users/ketan.singh/Desktop/Microcontroller-Nucleo-G071RB/Mustercopy/CAN-to-CAN5/Old_and_NewAbstraction/New/Hardware_Abstraction/Includes/Hardware_Interface.h:99:18:virtual void HardwareInterface::RegisterMasterCallbacks()	16	static
C:/Users/ketan.singh/Desktop/Microcontroller-Nucleo-G071RB/Mustercopy/CAN-to-CAN5/Old_and_NewAbstraction/New/Hardware_Abstraction/Includes/Hardware_Interface.h:105:18:virtual void HardwareInterface::NodeStateHandler()	16	static
C:/Users/ketan.singh/Desktop/Microcontroller-Nucleo-G071RB/Mustercopy/CAN-to-CAN5/Old_and_NewAbstraction/New/Hardware_Abstraction/Includes/Hardware_Interface.h:150:17:virtual int HardwareInterface::initandSetFilters(const std::array<long unsigned int, 13>&)	16	static
C:/Users/ketan.singh/Desktop/Microcontroller-Nucleo-G071RB/Mustercopy/CAN-to-CAN5/Old_and_NewAbstraction/New/Hardware_Abstraction/Includes/Hardware_Interface.h:156:18:virtual void HardwareInterface::CANerrorHandler()	16	static
C:/Users/ketan.singh/Desktop/Microcontroller-Nucleo-G071RB/Mustercopy/CAN-to-CAN5/Old_and_NewAbstraction/New/Hardware_Abstraction/Includes/Hardware_Interface.h:161:18:virtual void HardwareInterface::RegisterCANInterruptCallback(CANInterruptCallback)	24	static
C:/Users/ketan.singh/Desktop/Microcontroller-Nucleo-G071RB/Mustercopy/CAN-to-CAN5/Old_and_NewAbstraction/New/Hardware_Abstraction/Includes/Hardware_Interface.h:167:18:virtual bool HardwareInterface::allNodesBooted()	16	static
C:/Users/ketan.singh/Desktop/Microcontroller-Nucleo-G071RB/Mustercopy/CAN-to-CAN5/Old_and_NewAbstraction/New/Hardware_Abstraction/Includes/Hardware_Factory.h:38:37:void __tcf_0()	8	static
C:/Users/ketan.singh/Desktop/Microcontroller-Nucleo-G071RB/Mustercopy/CAN-to-CAN5/Old_and_NewAbstraction/New/Hardware_Abstraction/Includes/Hardware_Factory.h:18:31:static HardwareInterface* HardwareFactory::Create()	8	static
../CANopenNodeInterface/../basic/Timer.h:18:2:Timer::Timer()	16	static
../CANopenNodeInterface/../basic/Timer.h:23:7:void Timer::startTime(uint32_t)	16	static
../CANopenNodeInterface/../basic/Timer.h:29:7:void Timer::stopTime()	16	static
../CANopenNodeInterface/../basic/Timer.h:32:7:bool Timer::isTimeExpired()	32	static
../CANopenNodeInterface/../basic/Timer.h:46:11:uint32_t Timer::getCurrentDiffTime()	16	static
../CANopenNodeInterface/CanStackInterface.cpp:12:1:CanStackInterface::CanStackInterface()	24	static
../CANopenNodeInterface/CanStackInterface.cpp:19:6:void CanStackInterface::set_CanStack(CANopenNodeSTM32&)	16	static
../CANopenNodeInterface/CanStackInterface.cpp:33:19:CANopenNodeSTM32* CanStackInterface::get_CanStack()	16	static
../CANopenNodeInterface/CanStackInterface.cpp:38:6:bool CanStackInterface::isCanStackInitialized()	16	static
../CANopenNodeInterface/CanStackInterface.cpp:43:6:void CanStackInterface::irqTimerHandler()	16	static
../CANopenNodeInterface/CanStackInterface.cpp:53:6:void CanStackInterface::irqErrorHandler()	16	static
../CANopenNodeInterface/CanStackInterface.cpp:61:6:void CanStackInterface::process()	32	static
../CANopenNodeInterface/CanStackInterface.cpp:177:42:CanStackInterface::CANopenMasterStates& CanStackInterface::get_CanMasterState()	16	static
../CANopenNodeInterface/CanStackInterface.cpp:182:6:void CanStackInterface::set_CanMasterState(CANopenMasterStates)	16	static
../CANopenNodeInterface/CanStackInterface.cpp:187:9:uint8_t CanStackInterface::get_MaxCountNodes()	24	static
../CANopenNodeInterface/../basic/Timer.h:21:10:Timer::~Timer()	16	static
../CANopenNodeInterface/../basic/Timer.h:21:10:virtual Timer::~Timer()	16	static
C:/Users/ketan.singh/Desktop/Microcontroller-Nucleo-G071RB/Mustercopy/CAN-to-CAN5/Old_and_NewAbstraction/New/Hardware_Abstraction/Includes/Hardware_Interface.h:202:13:HardwareInterface::~HardwareInterface()	16	static
C:/Users/ketan.singh/Desktop/Microcontroller-Nucleo-G071RB/Mustercopy/CAN-to-CAN5/Old_and_NewAbstraction/New/Hardware_Abstraction/Includes/Hardware_Interface.h:202:13:virtual HardwareInterface::~HardwareInterface()	16	static
C:/Users/ketan.singh/Desktop/Microcontroller-Nucleo-G071RB/Mustercopy/CAN-to-CAN5/Old_and_NewAbstraction/New/Hardware_Abstraction/STM32/STM32G0/STM32G0_Hardware.h:20:7:STM32G0_Hardware::~STM32G0_Hardware()	16	static
C:/Users/ketan.singh/Desktop/Microcontroller-Nucleo-G071RB/Mustercopy/CAN-to-CAN5/Old_and_NewAbstraction/New/Hardware_Abstraction/STM32/STM32G0/STM32G0_Hardware.h:20:7:virtual STM32G0_Hardware::~STM32G0_Hardware()	16	static
