C:/Users/ketan.singh/Desktop/Microcontroller-Nucleo-G071RB/Mustercopy/CAN-to-CAN5/CANopenNode/301/CO_ODinterface.h:530:1:OD_get_u32	32	static
C:/Users/ketan.singh/Desktop/Microcontroller-Nucleo-G071RB/Mustercopy/CAN-to-CAN5/CANopenNode/301/CO_ODinterface.h:605:1:OD_set_u32	32	static
../Old_and_NewAbstraction/New/Hardware_Abstraction/STM32/Common/CO_app_STM32.c:75:23:isTimeExpired	16	static
../Old_and_NewAbstraction/New/Hardware_Abstraction/STM32/Common/CO_app_STM32.c:91:24:getTimeExpiredDiff	8	static
../Old_and_NewAbstraction/New/Hardware_Abstraction/STM32/Common/CO_app_STM32.c:97:5:canopen_app_init	24	static
../Old_and_NewAbstraction/New/Hardware_Abstraction/STM32/Common/CO_app_STM32.c:153:10:canopen_app_resetCommunication	72	static
../Old_and_NewAbstraction/New/Hardware_Abstraction/STM32/Common/CO_app_STM32.c:277:9:canopen_app_process	24	static
../Old_and_NewAbstraction/New/Hardware_Abstraction/STM32/Common/CO_app_STM32.c:309:1:canopen_app_interrupt	24	static,ignoring_inline_asm
../Old_and_NewAbstraction/New/Hardware_Abstraction/STM32/Common/CO_app_STM32.c:331:6:canextrafilters	24	static
../Old_and_NewAbstraction/New/Hardware_Abstraction/STM32/Common/CO_app_STM32.c:350:16:find_free_1016_subindex	40	static
../Old_and_NewAbstraction/New/Hardware_Abstraction/STM32/Common/CO_app_STM32.c:371:6:bootupCallback	48	static
../Old_and_NewAbstraction/New/Hardware_Abstraction/STM32/Common/CO_app_STM32.c:403:6:writeto1016	48	static
