Archive member included to satisfy reference by file (symbol)

C:/PROGRA~2/ARMGNU~1/14EFD8~1.2RE/bin/../lib/gcc/arm-none-eabi/14.2.1/thumb/v6-m/nofp\libc_nano.a(libc_a-exit.o)
                              C:/PROGRA~2/ARMGNU~1/14EFD8~1.2RE/bin/../lib/gcc/arm-none-eabi/14.2.1/thumb/v6-m/nofp/crt0.o (exit)
C:/PROGRA~2/ARMGNU~1/14EFD8~1.2RE/bin/../lib/gcc/arm-none-eabi/14.2.1/thumb/v6-m/nofp\libc_nano.a(libc_a-findfp.o)
                              C:/PROGRA~2/ARMGNU~1/14EFD8~1.2RE/bin/../lib/gcc/arm-none-eabi/14.2.1/thumb/v6-m/nofp\libc_nano.a(libc_a-exit.o) (__stdio_exit_handler)
C:/PROGRA~2/ARMGNU~1/14EFD8~1.2RE/bin/../lib/gcc/arm-none-eabi/14.2.1/thumb/v6-m/nofp\libc_nano.a(libc_a-fwalk.o)
                              C:/PROGRA~2/ARMGNU~1/14EFD8~1.2RE/bin/../lib/gcc/arm-none-eabi/14.2.1/thumb/v6-m/nofp\libc_nano.a(libc_a-findfp.o) (_fwalk_sglue)
C:/PROGRA~2/ARMGNU~1/14EFD8~1.2RE/bin/../lib/gcc/arm-none-eabi/14.2.1/thumb/v6-m/nofp\libc_nano.a(libc_a-stdio.o)
                              C:/PROGRA~2/ARMGNU~1/14EFD8~1.2RE/bin/../lib/gcc/arm-none-eabi/14.2.1/thumb/v6-m/nofp\libc_nano.a(libc_a-findfp.o) (__sread)
C:/PROGRA~2/ARMGNU~1/14EFD8~1.2RE/bin/../lib/gcc/arm-none-eabi/14.2.1/thumb/v6-m/nofp\libc_nano.a(libc_a-memset.o)
                              C:/PROGRA~2/ARMGNU~1/14EFD8~1.2RE/bin/../lib/gcc/arm-none-eabi/14.2.1/thumb/v6-m/nofp/crt0.o (memset)
C:/PROGRA~2/ARMGNU~1/14EFD8~1.2RE/bin/../lib/gcc/arm-none-eabi/14.2.1/thumb/v6-m/nofp\libc_nano.a(libc_a-closer.o)
                              C:/PROGRA~2/ARMGNU~1/14EFD8~1.2RE/bin/../lib/gcc/arm-none-eabi/14.2.1/thumb/v6-m/nofp\libc_nano.a(libc_a-stdio.o) (_close_r)
C:/PROGRA~2/ARMGNU~1/14EFD8~1.2RE/bin/../lib/gcc/arm-none-eabi/14.2.1/thumb/v6-m/nofp\libc_nano.a(libc_a-reent.o)
                              C:/PROGRA~2/ARMGNU~1/14EFD8~1.2RE/bin/../lib/gcc/arm-none-eabi/14.2.1/thumb/v6-m/nofp\libc_nano.a(libc_a-closer.o) (errno)
C:/PROGRA~2/ARMGNU~1/14EFD8~1.2RE/bin/../lib/gcc/arm-none-eabi/14.2.1/thumb/v6-m/nofp\libc_nano.a(libc_a-impure.o)
                              C:/PROGRA~2/ARMGNU~1/14EFD8~1.2RE/bin/../lib/gcc/arm-none-eabi/14.2.1/thumb/v6-m/nofp\libc_nano.a(libc_a-reent.o) (_impure_ptr)
C:/PROGRA~2/ARMGNU~1/14EFD8~1.2RE/bin/../lib/gcc/arm-none-eabi/14.2.1/thumb/v6-m/nofp\libc_nano.a(libc_a-lseekr.o)
                              C:/PROGRA~2/ARMGNU~1/14EFD8~1.2RE/bin/../lib/gcc/arm-none-eabi/14.2.1/thumb/v6-m/nofp\libc_nano.a(libc_a-stdio.o) (_lseek_r)
C:/PROGRA~2/ARMGNU~1/14EFD8~1.2RE/bin/../lib/gcc/arm-none-eabi/14.2.1/thumb/v6-m/nofp\libc_nano.a(libc_a-readr.o)
                              C:/PROGRA~2/ARMGNU~1/14EFD8~1.2RE/bin/../lib/gcc/arm-none-eabi/14.2.1/thumb/v6-m/nofp\libc_nano.a(libc_a-stdio.o) (_read_r)
C:/PROGRA~2/ARMGNU~1/14EFD8~1.2RE/bin/../lib/gcc/arm-none-eabi/14.2.1/thumb/v6-m/nofp\libc_nano.a(libc_a-writer.o)
                              C:/PROGRA~2/ARMGNU~1/14EFD8~1.2RE/bin/../lib/gcc/arm-none-eabi/14.2.1/thumb/v6-m/nofp\libc_nano.a(libc_a-stdio.o) (_write_r)
C:/PROGRA~2/ARMGNU~1/14EFD8~1.2RE/bin/../lib/gcc/arm-none-eabi/14.2.1/thumb/v6-m/nofp\libc_nano.a(libc_a-init.o)
                              C:/PROGRA~2/ARMGNU~1/14EFD8~1.2RE/bin/../lib/gcc/arm-none-eabi/14.2.1/thumb/v6-m/nofp/crt0.o (__libc_init_array)
C:/PROGRA~2/ARMGNU~1/14EFD8~1.2RE/bin/../lib/gcc/arm-none-eabi/14.2.1/thumb/v6-m/nofp\libc_nano.a(libc_a-lock.o)
                              C:/PROGRA~2/ARMGNU~1/14EFD8~1.2RE/bin/../lib/gcc/arm-none-eabi/14.2.1/thumb/v6-m/nofp\libc_nano.a(libc_a-findfp.o) (__retarget_lock_init_recursive)
C:/PROGRA~2/ARMGNU~1/14EFD8~1.2RE/bin/../lib/gcc/arm-none-eabi/14.2.1/thumb/v6-m/nofp\libc_nano.a(libc_a-freer.o)
                              C:/PROGRA~2/ARMGNU~1/14EFD8~1.2RE/bin/../lib/gcc/arm-none-eabi/14.2.1/thumb/v6-m/nofp\libc_nano.a(libc_a-reent.o) (_free_r)
C:/PROGRA~2/ARMGNU~1/14EFD8~1.2RE/bin/../lib/gcc/arm-none-eabi/14.2.1/thumb/v6-m/nofp\libc_nano.a(libc_a-mallocr.o)
                              C:/PROGRA~2/ARMGNU~1/14EFD8~1.2RE/bin/../lib/gcc/arm-none-eabi/14.2.1/thumb/v6-m/nofp\libc_nano.a(libc_a-findfp.o) (_malloc_r)
C:/PROGRA~2/ARMGNU~1/14EFD8~1.2RE/bin/../lib/gcc/arm-none-eabi/14.2.1/thumb/v6-m/nofp\libc_nano.a(libc_a-mlock.o)
                              C:/PROGRA~2/ARMGNU~1/14EFD8~1.2RE/bin/../lib/gcc/arm-none-eabi/14.2.1/thumb/v6-m/nofp\libc_nano.a(libc_a-freer.o) (__malloc_lock)
C:/PROGRA~2/ARMGNU~1/14EFD8~1.2RE/bin/../lib/gcc/arm-none-eabi/14.2.1/thumb/v6-m/nofp\libc_nano.a(libc_a-fflush.o)
                              C:/PROGRA~2/ARMGNU~1/14EFD8~1.2RE/bin/../lib/gcc/arm-none-eabi/14.2.1/thumb/v6-m/nofp\libc_nano.a(libc_a-findfp.o) (_fflush_r)
C:/PROGRA~2/ARMGNU~1/14EFD8~1.2RE/bin/../lib/gcc/arm-none-eabi/14.2.1/thumb/v6-m/nofp\libc_nano.a(libc_a-sbrkr.o)
                              C:/PROGRA~2/ARMGNU~1/14EFD8~1.2RE/bin/../lib/gcc/arm-none-eabi/14.2.1/thumb/v6-m/nofp\libc_nano.a(libc_a-mallocr.o) (_sbrk_r)
[...]
Memory Configuration

Name             Origin             Length             Attributes
RAM              0x20000000         0x00003000         xrw
FLASH            0x08000000         0x00008000         xr
*default*        0x00000000         0xffffffff

Linker script and memory map

LOAD C:/PROGRA~2/ARMGNU~1/14EFD8~1.2RE/bin/../lib/gcc/arm-none-eabi/14.2.1/thumb/v6-m/nofp/crti.o
LOAD C:/PROGRA~2/ARMGNU~1/14EFD8~1.2RE/bin/../lib/gcc/arm-none-eabi/14.2.1/thumb/v6-m/nofp/crtbegin.o
LOAD C:/PROGRA~2/ARMGNU~1/14EFD8~1.2RE/bin/../lib/gcc/arm-none-eabi/14.2.1/thumb/v6-m/nofp/crt0.o
START GROUP
LOAD C:/PROGRA~2/ARMGNU~1/14EFD8~1.2RE/bin/../lib/gcc/arm-none-eabi/14.2.1/thumb/v6-m/nofp\libc_nano.a
LOAD C:/PROGRA~2/ARMGNU~1/14EFD8~1.2RE/bin/../lib/gcc/arm-none-eabi/14.2.1/thumb/v6-m/nofp\libm.a
END GROUP
LOAD CMakeFiles/Demo_CubeMX_Project.dir/Core/Src/main.c.obj
LOAD CMakeFiles/Demo_CubeMX_Project.dir/Core/Src/stm32c0xx_it.c.obj
LOAD CMakeFiles/Demo_CubeMX_Project.dir/Core/Src/stm32c0xx_hal_msp.c.obj
LOAD CMakeFiles/Demo_CubeMX_Project.dir/Drivers/BSP/stm32c0xx-nucleo-bsp/stm32c0xx_nucleo.c.obj
LOAD CMakeFiles/Demo_CubeMX_Project.dir/Drivers/stm32c0xx-hal-driver/Src/stm32c0xx_hal_usart_ex.c.obj
LOAD CMakeFiles/Demo_CubeMX_Project.dir/Drivers/stm32c0xx-hal-driver/Src/stm32c0xx_hal.c.obj
LOAD CMakeFiles/Demo_CubeMX_Project.dir/Drivers/stm32c0xx-hal-driver/Src/stm32c0xx_hal_cortex.c.obj
LOAD CMakeFiles/Demo_CubeMX_Project.dir/Drivers/stm32c0xx-hal-driver/Src/stm32c0xx_hal_rcc.c.obj
LOAD CMakeFiles/Demo_CubeMX_Project.dir/Drivers/stm32c0xx-hal-driver/Src/stm32c0xx_hal_rcc_ex.c.obj
LOAD CMakeFiles/Demo_CubeMX_Project.dir/Drivers/stm32c0xx-hal-driver/Src/stm32c0xx_hal_flash.c.obj
LOAD CMakeFiles/Demo_CubeMX_Project.dir/Drivers/stm32c0xx-hal-driver/Src/stm32c0xx_hal_flash_ex.c.obj
LOAD CMakeFiles/Demo_CubeMX_Project.dir/Drivers/stm32c0xx-hal-driver/Src/stm32c0xx_hal_gpio.c.obj
LOAD CMakeFiles/Demo_CubeMX_Project.dir/Drivers/stm32c0xx-hal-driver/Src/stm32c0xx_hal_dma.c.obj
LOAD CMakeFiles/Demo_CubeMX_Project.dir/Drivers/stm32c0xx-hal-driver/Src/stm32c0xx_hal_dma_ex.c.obj
LOAD CMakeFiles/Demo_CubeMX_Project.dir/Drivers/stm32c0xx-hal-driver/Src/stm32c0xx_hal_pwr.c.obj
LOAD CMakeFiles/Demo_CubeMX_Project.dir/Drivers/stm32c0xx-hal-driver/Src/stm32c0xx_hal_pwr_ex.c.obj
LOAD CMakeFiles/Demo_CubeMX_Project.dir/Drivers/stm32c0xx-hal-driver/Src/stm32c0xx_hal_exti.c.obj
LOAD CMakeFiles/Demo_CubeMX_Project.dir/Drivers/stm32c0xx-hal-driver/Src/stm32c0xx_hal_tim.c.obj
LOAD CMakeFiles/Demo_CubeMX_Project.dir/Drivers/stm32c0xx-hal-driver/Src/stm32c0xx_hal_tim_ex.c.obj
LOAD CMakeFiles/Demo_CubeMX_Project.dir/Drivers/stm32c0xx-hal-driver/Src/stm32c0xx_hal_usart.c.obj
LOAD CMakeFiles/Demo_CubeMX_Project.dir/Drivers/stm32c0xx-hal-driver/Src/stm32c0xx_hal_uart_ex.c.obj
LOAD CMakeFiles/Demo_CubeMX_Project.dir/Drivers/stm32c0xx-hal-driver/Src/stm32c0xx_hal_uart.c.obj
LOAD CMakeFiles/Demo_CubeMX_Project.dir/Core/Src/system_stm32c0xx.c.obj
LOAD CMakeFiles/Demo_CubeMX_Project.dir/Core/Src/sysmem.c.obj
LOAD CMakeFiles/Demo_CubeMX_Project.dir/Core/Src/syscalls.c.obj
LOAD CMakeFiles/Demo_CubeMX_Project.dir/startup_stm32c031xx.s.obj
START GROUP
LOAD C:/PROGRA~2/ARMGNU~1/14EFD8~1.2RE/bin/../lib/gcc/arm-none-eabi/14.2.1/thumb/v6-m/nofp\libgcc.a
LOAD C:/PROGRA~2/ARMGNU~1/14EFD8~1.2RE/bin/../lib/gcc/arm-none-eabi/14.2.1/thumb/v6-m/nofp\libg_nano.a
LOAD C:/PROGRA~2/ARMGNU~1/14EFD8~1.2RE/bin/../lib/gcc/arm-none-eabi/14.2.1/thumb/v6-m/nofp\libc_nano.a
END GROUP
START GROUP
LOAD C:/PROGRA~2/ARMGNU~1/14EFD8~1.2RE/bin/../lib/gcc/arm-none-eabi/14.2.1/thumb/v6-m/nofp\libgcc.a
LOAD C:/PROGRA~2/ARMGNU~1/14EFD8~1.2RE/bin/../lib/gcc/arm-none-eabi/14.2.1/thumb/v6-m/nofp\libc_nano.a
END GROUP
LOAD C:/PROGRA~2/ARMGNU~1/14EFD8~1.2RE/bin/../lib/gcc/arm-none-eabi/14.2.1/thumb/v6-m/nofp/crtend.o
LOAD C:/PROGRA~2/ARMGNU~1/14EFD8~1.2RE/bin/../lib/gcc/arm-none-eabi/14.2.1/thumb/v6-m/nofp/crtn.o
                0x20003000                        _estack = (ORIGIN (RAM) + LENGTH (RAM))
                0x00000200                        _Min_Heap_Size = 0x200
                0x00000400                        _Min_Stack_Size = 0x400

.isr_vector     0x08000000       0xc0
                0x08000000                        . = ALIGN (0x4)
 *(.isr_vector)
 .isr_vector    0x08000000       0xc0 CMakeFiles/Demo_CubeMX_Project.dir/startup_stm32c031xx.s.obj
                0x08000000                g_pfnVectors
                0x080000c0                        . = ALIGN (0x4)

.text           0x080000c0     0x1ee4
                0x080000c0                        . = ALIGN (0x4)
 *(.text)
 .text          0x080000c0      0x114 C:/PROGRA~2/ARMGNU~1/14EFD8~1.2RE/bin/../lib/gcc/arm-none-eabi/14.2.1/thumb/v6-m/nofp\libgcc.a(_udivsi3.o)
                0x080000c0                __aeabi_uidiv
                0x080000c0                __udivsi3
                0x080001cc                __aeabi_uidivmod
 .text          0x080001d4        0x4 C:/PROGRA~2/ARMGNU~1/14EFD8~1.2RE/bin/../lib/gcc/arm-none-eabi/14.2.1/thumb/v6-m/nofp\libgcc.a(_dvmd_tls.o)
                0x080001d4                __aeabi_idiv0
                0x080001d4                __aeabi_ldiv0
 *(.text*)
 .text.deregister_tm_clones
                0x080001d8       0x20 C:/PROGRA~2/ARMGNU~1/14EFD8~1.2RE/bin/../lib/gcc/arm-none-eabi/14.2.1/thumb/v6-m/nofp/crtbegin.o
 .text.register_tm_clones
                0x080001f8       0x28 C:/PROGRA~2/ARMGNU~1/14EFD8~1.2RE/bin/../lib/gcc/arm-none-eabi/14.2.1/thumb/v6-m/nofp/crtbegin.o
 .text.__do_global_dtors_aux
                0x08000220       0x2c C:/PROGRA~2/ARMGNU~1/14EFD8~1.2RE/bin/../lib/gcc/arm-none-eabi/14.2.1/thumb/v6-m/nofp/crtbegin.o
 .text.frame_dummy
                0x0800024c       0x24 C:/PROGRA~2/ARMGNU~1/14EFD8~1.2RE/bin/../lib/gcc/arm-none-eabi/14.2.1/thumb/v6-m/nofp/crtbegin.o
 .text.memset   0x08000270       0x10 C:/PROGRA~2/ARMGNU~1/14EFD8~1.2RE/bin/../lib/gcc/arm-none-eabi/14.2.1/thumb/v6-m/nofp\libc_nano.a(libc_a-memset.o)
                0x08000270                memset
 .text.__libc_init_array
                0x08000280       0x48 C:/PROGRA~2/ARMGNU~1/14EFD8~1.2RE/bin/../lib/gcc/arm-none-eabi/14.2.1/thumb/v6-m/nofp\libc_nano.a(libc_a-init.o)
                0x08000280                __libc_init_array
 .text.main     0x080002c8       0x74 CMakeFiles/Demo_CubeMX_Project.dir/Core/Src/main.c.obj
                0x080002c8                main
 .text.SystemClock_Config
                0x0800033c       0x90 CMakeFiles/Demo_CubeMX_Project.dir/Core/Src/main.c.obj
                0x0800033c                SystemClock_Config
 .text.MX_GPIO_Init
                0x080003cc       0xc8 CMakeFiles/Demo_CubeMX_Project.dir/Core/Src/main.c.obj
 .text.Error_Handler
                0x08000494        0xc CMakeFiles/Demo_CubeMX_Project.dir/Core/Src/main.c.obj
                0x08000494                Error_Handler
 .text.NMI_Handler
                0x080004a0        0x8 CMakeFiles/Demo_CubeMX_Project.dir/Core/Src/stm32c0xx_it.c.obj
                0x080004a0                NMI_Handler
 .text.HardFault_Handler
                0x080004a8        0x8 CMakeFiles/Demo_CubeMX_Project.dir/Core/Src/stm32c0xx_it.c.obj
                0x080004a8                HardFault_Handler
 .text.SVC_Handler
                0x080004b0        0xa CMakeFiles/Demo_CubeMX_Project.dir/Core/Src/stm32c0xx_it.c.obj
                0x080004b0                SVC_Handler
 .text.PendSV_Handler
                0x080004ba        0xa CMakeFiles/Demo_CubeMX_Project.dir/Core/Src/stm32c0xx_it.c.obj
                0x080004ba                PendSV_Handler
 .text.SysTick_Handler
                0x080004c4        0xe CMakeFiles/Demo_CubeMX_Project.dir/Core/Src/stm32c0xx_it.c.obj
                0x080004c4                SysTick_Handler
 .text.EXTI4_15_IRQHandler
                0x080004d2       0x10 CMakeFiles/Demo_CubeMX_Project.dir/Core/Src/stm32c0xx_it.c.obj
                0x080004d2                EXTI4_15_IRQHandler
 *fill*         0x080004e2        0x2 
 .text.HAL_MspInit
                0x080004e4       0x48 CMakeFiles/Demo_CubeMX_Project.dir/Core/Src/stm32c0xx_hal_msp.c.obj
                0x080004e4                HAL_MspInit
 .text.BSP_LED_Init
                0x0800052c       0xd4 CMakeFiles/Demo_CubeMX_Project.dir/Drivers/BSP/stm32c0xx-nucleo-bsp/stm32c0xx_nucleo.c.obj
                0x0800052c                BSP_LED_Init
 .text.BSP_PB_Init
                0x08000600      0x108 CMakeFiles/Demo_CubeMX_Project.dir/Drivers/BSP/stm32c0xx-nucleo-bsp/stm32c0xx_nucleo.c.obj
                0x08000600                BSP_PB_Init
 .text.BSP_PB_IRQHandler
                0x08000708       0x30 CMakeFiles/Demo_CubeMX_Project.dir/Drivers/BSP/stm32c0xx-nucleo-bsp/stm32c0xx_nucleo.c.obj
                0x08000708                BSP_PB_IRQHandler
 .text.BSP_PB_Callback
                0x08000738       0x14 CMakeFiles/Demo_CubeMX_Project.dir/Drivers/BSP/stm32c0xx-nucleo-bsp/stm32c0xx_nucleo.c.obj
                0x08000738                BSP_PB_Callback
 .text.BSP_COM_Init
                0x0800074c       0x64 CMakeFiles/Demo_CubeMX_Project.dir/Drivers/BSP/stm32c0xx-nucleo-bsp/stm32c0xx_nucleo.c.obj
                0x0800074c                BSP_COM_Init
 .text.MX_USART2_Init
                0x080007b0       0x6c CMakeFiles/Demo_CubeMX_Project.dir/Drivers/BSP/stm32c0xx-nucleo-bsp/stm32c0xx_nucleo.c.obj
                0x080007b0                MX_USART2_Init
 .text.BUTTON_USER_EXTI_Callback
                0x0800081c       0x10 CMakeFiles/Demo_CubeMX_Project.dir/Drivers/BSP/stm32c0xx-nucleo-bsp/stm32c0xx_nucleo.c.obj
 .text.COM1_MspInit
                0x0800082c       0xb0 CMakeFiles/Demo_CubeMX_Project.dir/Drivers/BSP/stm32c0xx-nucleo-bsp/stm32c0xx_nucleo.c.obj
 .text.HAL_Init
                0x080008dc       0x2e CMakeFiles/Demo_CubeMX_Project.dir/Drivers/stm32c0xx-hal-driver/Src/stm32c0xx_hal.c.obj
                0x080008dc                HAL_Init
 *fill*         0x0800090a        0x2 
 .text.HAL_InitTick
                0x0800090c       0x94 CMakeFiles/Demo_CubeMX_Project.dir/Drivers/stm32c0xx-hal-driver/Src/stm32c0xx_hal.c.obj
                0x0800090c                HAL_InitTick
 .text.HAL_IncTick
                0x080009a0       0x24 CMakeFiles/Demo_CubeMX_Project.dir/Drivers/stm32c0xx-hal-driver/Src/stm32c0xx_hal.c.obj
                0x080009a0                HAL_IncTick
 .text.HAL_GetTick
                0x080009c4       0x14 CMakeFiles/Demo_CubeMX_Project.dir/Drivers/stm32c0xx-hal-driver/Src/stm32c0xx_hal.c.obj
                0x080009c4                HAL_GetTick
 .text.HAL_Delay
                0x080009d8       0x48 CMakeFiles/Demo_CubeMX_Project.dir/Drivers/stm32c0xx-hal-driver/Src/stm32c0xx_hal.c.obj
                0x080009d8                HAL_Delay
 .text.__NVIC_EnableIRQ
                0x08000a20       0x34 CMakeFiles/Demo_CubeMX_Project.dir/Drivers/stm32c0xx-hal-driver/Src/stm32c0xx_hal_cortex.c.obj
 .text.__NVIC_SetPriority
                0x08000a54       0xdc CMakeFiles/Demo_CubeMX_Project.dir/Drivers/stm32c0xx-hal-driver/Src/stm32c0xx_hal_cortex.c.obj
 .text.SysTick_Config
                0x08000b30       0x48 CMakeFiles/Demo_CubeMX_Project.dir/Drivers/stm32c0xx-hal-driver/Src/stm32c0xx_hal_cortex.c.obj
 .text.HAL_NVIC_SetPriority
                0x08000b78       0x2a CMakeFiles/Demo_CubeMX_Project.dir/Drivers/stm32c0xx-hal-driver/Src/stm32c0xx_hal_cortex.c.obj
                0x08000b78                HAL_NVIC_SetPriority
 .text.HAL_NVIC_EnableIRQ
                0x08000ba2       0x20 CMakeFiles/Demo_CubeMX_Project.dir/Drivers/stm32c0xx-hal-driver/Src/stm32c0xx_hal_cortex.c.obj
                0x08000ba2                HAL_NVIC_EnableIRQ
 .text.HAL_SYSTICK_Config
                0x08000bc2       0x1a CMakeFiles/Demo_CubeMX_Project.dir/Drivers/stm32c0xx-hal-driver/Src/stm32c0xx_hal_cortex.c.obj
                0x08000bc2                HAL_SYSTICK_Config
 .text.HAL_RCC_OscConfig
                0x08000bdc      0x3c8 CMakeFiles/Demo_CubeMX_Project.dir/Drivers/stm32c0xx-hal-driver/Src/stm32c0xx_hal_rcc.c.obj
                0x08000bdc                HAL_RCC_OscConfig
 .text.HAL_RCC_ClockConfig
                0x08000fa4      0x200 CMakeFiles/Demo_CubeMX_Project.dir/Drivers/stm32c0xx-hal-driver/Src/stm32c0xx_hal_rcc.c.obj
                0x08000fa4                HAL_RCC_ClockConfig
 .text.HAL_RCC_GetSysClockFreq
                0x080011a4       0x80 CMakeFiles/Demo_CubeMX_Project.dir/Drivers/stm32c0xx-hal-driver/Src/stm32c0xx_hal_rcc.c.obj
                0x080011a4                HAL_RCC_GetSysClockFreq
 .text.HAL_RCC_GetHCLKFreq
                0x08001224       0x3c CMakeFiles/Demo_CubeMX_Project.dir/Drivers/stm32c0xx-hal-driver/Src/stm32c0xx_hal_rcc.c.obj
                0x08001224                HAL_RCC_GetHCLKFreq
 .text.HAL_RCC_GetPCLK1Freq
                0x08001260       0x30 CMakeFiles/Demo_CubeMX_Project.dir/Drivers/stm32c0xx-hal-driver/Src/stm32c0xx_hal_rcc.c.obj
                0x08001260                HAL_RCC_GetPCLK1Freq
 .text.HAL_GPIO_Init
                0x08001290      0x2e4 CMakeFiles/Demo_CubeMX_Project.dir/Drivers/stm32c0xx-hal-driver/Src/stm32c0xx_hal_gpio.c.obj
                0x08001290                HAL_GPIO_Init
 .text.HAL_GPIO_WritePin
                0x08001574       0x3a CMakeFiles/Demo_CubeMX_Project.dir/Drivers/stm32c0xx-hal-driver/Src/stm32c0xx_hal_gpio.c.obj
                0x08001574                HAL_GPIO_WritePin
 .text.HAL_GPIO_TogglePin
                0x080015ae       0x36 CMakeFiles/Demo_CubeMX_Project.dir/Drivers/stm32c0xx-hal-driver/Src/stm32c0xx_hal_gpio.c.obj
                0x080015ae                HAL_GPIO_TogglePin
 .text.HAL_EXTI_RegisterCallback
                0x080015e4       0x64 CMakeFiles/Demo_CubeMX_Project.dir/Drivers/stm32c0xx-hal-driver/Src/stm32c0xx_hal_exti.c.obj
                0x080015e4                HAL_EXTI_RegisterCallback
 .text.HAL_EXTI_GetHandle
                0x08001648       0x24 CMakeFiles/Demo_CubeMX_Project.dir/Drivers/stm32c0xx-hal-driver/Src/stm32c0xx_hal_exti.c.obj
                0x08001648                HAL_EXTI_GetHandle
 .text.HAL_EXTI_IRQHandler
                0x0800166c       0x94 CMakeFiles/Demo_CubeMX_Project.dir/Drivers/stm32c0xx-hal-driver/Src/stm32c0xx_hal_exti.c.obj
                0x0800166c                HAL_EXTI_IRQHandler
 .text.HAL_UART_Init
                0x08001700       0xac CMakeFiles/Demo_CubeMX_Project.dir/Drivers/stm32c0xx-hal-driver/Src/stm32c0xx_hal_uart.c.obj
                0x08001700                HAL_UART_Init
 .text.HAL_UART_MspInit
                0x080017ac       0x10 CMakeFiles/Demo_CubeMX_Project.dir/Drivers/stm32c0xx-hal-driver/Src/stm32c0xx_hal_uart.c.obj
                0x080017ac                HAL_UART_MspInit
 .text.UART_SetConfig
                0x080017bc      0x2fc CMakeFiles/Demo_CubeMX_Project.dir/Drivers/stm32c0xx-hal-driver/Src/stm32c0xx_hal_uart.c.obj
                0x080017bc                UART_SetConfig
 .text.UART_AdvFeatureConfig
                0x08001ab8      0x168 CMakeFiles/Demo_CubeMX_Project.dir/Drivers/stm32c0xx-hal-driver/Src/stm32c0xx_hal_uart.c.obj
                0x08001ab8                UART_AdvFeatureConfig
 .text.UART_CheckIdleState
                0x08001c20      0x154 CMakeFiles/Demo_CubeMX_Project.dir/Drivers/stm32c0xx-hal-driver/Src/stm32c0xx_hal_uart.c.obj
                0x08001c20                UART_CheckIdleState
 .text.UART_WaitOnFlagUntilTimeout
                0x08001d74       0xde CMakeFiles/Demo_CubeMX_Project.dir/Drivers/stm32c0xx-hal-driver/Src/stm32c0xx_hal_uart.c.obj
                0x08001d74                UART_WaitOnFlagUntilTimeout
 *fill*         0x08001e52        0x2 
 .text.UART_EndRxTransfer
                0x08001e54       0xcc CMakeFiles/Demo_CubeMX_Project.dir/Drivers/stm32c0xx-hal-driver/Src/stm32c0xx_hal_uart.c.obj
 .text.SystemInit
                0x08001f20       0x18 CMakeFiles/Demo_CubeMX_Project.dir/Core/Src/system_stm32c0xx.c.obj
                0x08001f20                SystemInit
 .text.Reset_Handler
                0x08001f38       0x50 CMakeFiles/Demo_CubeMX_Project.dir/startup_stm32c031xx.s.obj
                0x08001f38                Reset_Handler
 .text.Default_Handler
                0x08001f88        0x2 CMakeFiles/Demo_CubeMX_Project.dir/startup_stm32c031xx.s.obj
                0x08001f88                TIM1_CC_IRQHandler
                0x08001f88                I2C1_IRQHandler
                0x08001f88                DMAMUX1_IRQHandler
                0x08001f88                SPI1_IRQHandler
                0x08001f88                EXTI2_3_IRQHandler
                0x08001f88                ADC1_IRQHandler
                0x08001f88                TIM17_IRQHandler
                0x08001f88                RTC_IRQHandler
                0x08001f88                TIM16_IRQHandler
                0x08001f88                TIM3_IRQHandler
                0x08001f88                RCC_IRQHandler
                0x08001f88                DMA1_Channel1_IRQHandler
                0x08001f88                Default_Handler
                0x08001f88                TIM14_IRQHandler
                0x08001f88                EXTI0_1_IRQHandler
                0x08001f88                WWDG_IRQHandler
                0x08001f88                DMA1_Channel2_3_IRQHandler
                0x08001f88                USART2_IRQHandler
                0x08001f88                FLASH_IRQHandler
                0x08001f88                USART1_IRQHandler
                0x08001f88                TIM1_BRK_UP_TRG_COM_IRQHandler
 *(.glue_7)
 .glue_7        0x08001f8a        0x0 linker stubs
 *(.glue_7t)
 .glue_7t       0x08001f8a        0x0 linker stubs
 *(.eh_frame)
 *fill*         0x08001f8a        0x2 
 .eh_frame      0x08001f8c        0x0 C:/PROGRA~2/ARMGNU~1/14EFD8~1.2RE/bin/../lib/gcc/arm-none-eabi/14.2.1/thumb/v6-m/nofp/crtbegin.o
 *(.init)
 .init          0x08001f8c        0x4 C:/PROGRA~2/ARMGNU~1/14EFD8~1.2RE/bin/../lib/gcc/arm-none-eabi/14.2.1/thumb/v6-m/nofp/crti.o
                0x08001f8c                _init
 .init          0x08001f90        0x8 C:/PROGRA~2/ARMGNU~1/14EFD8~1.2RE/bin/../lib/gcc/arm-none-eabi/14.2.1/thumb/v6-m/nofp/crtn.o
 *(.fini)
 .fini          0x08001f98        0x4 C:/PROGRA~2/ARMGNU~1/14EFD8~1.2RE/bin/../lib/gcc/arm-none-eabi/14.2.1/thumb/v6-m/nofp/crti.o
                0x08001f98                _fini
 .fini          0x08001f9c        0x8 C:/PROGRA~2/ARMGNU~1/14EFD8~1.2RE/bin/../lib/gcc/arm-none-eabi/14.2.1/thumb/v6-m/nofp/crtn.o
                0x08001fa4                        . = ALIGN (0x4)
                0x08001fa4                        _etext = .

.vfp11_veneer   0x08001fa4        0x0
 .vfp11_veneer  0x08001fa4        0x0 linker stubs

.v4_bx          0x08001fa4        0x0
 .v4_bx         0x08001fa4        0x0 linker stubs

.iplt           0x08001fa4        0x0
 .iplt          0x08001fa4        0x0 C:/PROGRA~2/ARMGNU~1/14EFD8~1.2RE/bin/../lib/gcc/arm-none-eabi/14.2.1/thumb/v6-m/nofp/crtbegin.o

.rodata         0x08001fa4       0x80
                0x08001fa4                        . = ALIGN (0x4)
 *(.rodata)
 *(.rodata*)
 .rodata.LED_PIN
                0x08001fa4        0x4 CMakeFiles/Demo_CubeMX_Project.dir/Drivers/BSP/stm32c0xx-nucleo-bsp/stm32c0xx_nucleo.c.obj
 .rodata.BUTTON_EXTI_LINE.2
                0x08001fa8        0x4 CMakeFiles/Demo_CubeMX_Project.dir/Drivers/BSP/stm32c0xx-nucleo-bsp/stm32c0xx_nucleo.c.obj
 .rodata.UARTPrescTable
                0x08001fac       0x18 CMakeFiles/Demo_CubeMX_Project.dir/Drivers/stm32c0xx-hal-driver/Src/stm32c0xx_hal_uart.c.obj
                0x08001fac                UARTPrescTable
 .rodata.AHBPrescTable
                0x08001fc4       0x40 CMakeFiles/Demo_CubeMX_Project.dir/Core/Src/system_stm32c0xx.c.obj
                0x08001fc4                AHBPrescTable
 .rodata.APBPrescTable
                0x08002004       0x20 CMakeFiles/Demo_CubeMX_Project.dir/Core/Src/system_stm32c0xx.c.obj
                0x08002004                APBPrescTable
                0x08002024                        . = ALIGN (0x4)

.rel.dyn        0x08002024        0x0
 .rel.iplt      0x08002024        0x0 C:/PROGRA~2/ARMGNU~1/14EFD8~1.2RE/bin/../lib/gcc/arm-none-eabi/14.2.1/thumb/v6-m/nofp/crtbegin.o

.ARM.extab
 *(.ARM.extab* .gnu.linkonce.armextab.*)

.ARM            0x08002024        0x0
                0x08002024                        __exidx_start = .
 *(.ARM.exidx*)
                0x08002024                        __exidx_end = .

.preinit_array  0x08002024        0x0
                0x08002024                        PROVIDE (__preinit_array_start = .)
 *(.preinit_array*)
                0x08002024                        PROVIDE (__preinit_array_end = .)

.init_array     0x08002024        0x4
                0x08002024                        PROVIDE (__init_array_start = .)
 *(SORT_BY_NAME(.init_array.*))
 *(.init_array*)
 .init_array    0x08002024        0x4 C:/PROGRA~2/ARMGNU~1/14EFD8~1.2RE/bin/../lib/gcc/arm-none-eabi/14.2.1/thumb/v6-m/nofp/crtbegin.o
                0x08002028                        PROVIDE (__init_array_end = .)

.fini_array     0x08002028        0x4
                [!provide]                        PROVIDE (__fini_array_start = .)
 *(SORT_BY_NAME(.fini_array.*))
 *(.fini_array*)
 .fini_array    0x08002028        0x4 C:/PROGRA~2/ARMGNU~1/14EFD8~1.2RE/bin/../lib/gcc/arm-none-eabi/14.2.1/thumb/v6-m/nofp/crtbegin.o
                [!provide]                        PROVIDE (__fini_array_end = .)
                0x0800202c                        _sidata = LOADADDR (.data)

.data           0x20000000       0x24 load address 0x0800202c
                0x20000000                        . = ALIGN (0x4)
                0x20000000                        _sdata = .
 *(.data)
 *(.data*)
 .data.COM_USART
                0x20000000        0x4 CMakeFiles/Demo_CubeMX_Project.dir/Drivers/BSP/stm32c0xx-nucleo-bsp/stm32c0xx_nucleo.c.obj
                0x20000000                COM_USART
 .data.LED_PORT
                0x20000004        0x8 CMakeFiles/Demo_CubeMX_Project.dir/Drivers/BSP/stm32c0xx-nucleo-bsp/stm32c0xx_nucleo.c.obj
 .data.BUTTON_PORT
                0x2000000c        0x4 CMakeFiles/Demo_CubeMX_Project.dir/Drivers/BSP/stm32c0xx-nucleo-bsp/stm32c0xx_nucleo.c.obj
 .data.ButtonCallback.1
                0x20000010        0x4 CMakeFiles/Demo_CubeMX_Project.dir/Drivers/BSP/stm32c0xx-nucleo-bsp/stm32c0xx_nucleo.c.obj
 .data.BSP_BUTTON_PRIO.0
                0x20000014        0x4 CMakeFiles/Demo_CubeMX_Project.dir/Drivers/BSP/stm32c0xx-nucleo-bsp/stm32c0xx_nucleo.c.obj
 .data.uwTickPrio
                0x20000018        0x4 CMakeFiles/Demo_CubeMX_Project.dir/Drivers/stm32c0xx-hal-driver/Src/stm32c0xx_hal.c.obj
                0x20000018                uwTickPrio
 .data.uwTickFreq
                0x2000001c        0x1 CMakeFiles/Demo_CubeMX_Project.dir/Drivers/stm32c0xx-hal-driver/Src/stm32c0xx_hal.c.obj
                0x2000001c                uwTickFreq
 *fill*         0x2000001d        0x3 
 .data.SystemCoreClock
                0x20000020        0x4 CMakeFiles/Demo_CubeMX_Project.dir/Core/Src/system_stm32c0xx.c.obj
                0x20000020                SystemCoreClock
                0x20000024                        . = ALIGN (0x4)
                0x20000024                        _edata = .

.tm_clone_table
                0x20000024        0x0 load address 0x08002050
 .tm_clone_table
                0x20000024        0x0 C:/PROGRA~2/ARMGNU~1/14EFD8~1.2RE/bin/../lib/gcc/arm-none-eabi/14.2.1/thumb/v6-m/nofp/crtbegin.o
 .tm_clone_table
                0x20000024        0x0 C:/PROGRA~2/ARMGNU~1/14EFD8~1.2RE/bin/../lib/gcc/arm-none-eabi/14.2.1/thumb/v6-m/nofp/crtend.o

.igot.plt       0x20000024        0x0 load address 0x08002050
 .igot.plt      0x20000024        0x0 C:/PROGRA~2/ARMGNU~1/14EFD8~1.2RE/bin/../lib/gcc/arm-none-eabi/14.2.1/thumb/v6-m/nofp/crtbegin.o
                0x20000024                        . = ALIGN (0x4)

.bss            0x20000024       0xd0 load address 0x08002050
                0x20000024                        _sbss = .
                0x20000024                        __bss_start__ = _sbss
 *(.bss)
 *(.bss*)
 .bss.completed.1
                0x20000024        0x1 C:/PROGRA~2/ARMGNU~1/14EFD8~1.2RE/bin/../lib/gcc/arm-none-eabi/14.2.1/thumb/v6-m/nofp/crtbegin.o
 *fill*         0x20000025        0x3 
 .bss.object.0  0x20000028       0x18 C:/PROGRA~2/ARMGNU~1/14EFD8~1.2RE/bin/../lib/gcc/arm-none-eabi/14.2.1/thumb/v6-m/nofp/crtbegin.o
 .bss.BspCOMInit
                0x20000040       0x10 CMakeFiles/Demo_CubeMX_Project.dir/Core/Src/main.c.obj
                0x20000040                BspCOMInit
 .bss.hpb_exti  0x20000050        0xc CMakeFiles/Demo_CubeMX_Project.dir/Drivers/BSP/stm32c0xx-nucleo-bsp/stm32c0xx_nucleo.c.obj
                0x20000050                hpb_exti
 .bss.hcom_uart
                0x2000005c       0x94 CMakeFiles/Demo_CubeMX_Project.dir/Drivers/BSP/stm32c0xx-nucleo-bsp/stm32c0xx_nucleo.c.obj
                0x2000005c                hcom_uart
 .bss.uwTick    0x200000f0        0x4 CMakeFiles/Demo_CubeMX_Project.dir/Drivers/stm32c0xx-hal-driver/Src/stm32c0xx_hal.c.obj
                0x200000f0                uwTick
 *(COMMON)
                0x200000f4                        . = ALIGN (0x4)
                0x200000f4                        _ebss = .
                0x200000f4                        __bss_end__ = _ebss

._user_heap_stack
                0x200000f4      0x604 load address 0x08002050
                0x200000f8                        . = ALIGN (0x8)
 *fill*         0x200000f4        0x4 
                [!provide]                        PROVIDE (end = .)
                0x200000f8                        PROVIDE (_end = .)
                0x200002f8                        . = (. + _Min_Heap_Size)
 *fill*         0x200000f8      0x200 
                0x200006f8                        . = (. + _Min_Stack_Size)
 *fill*         0x200002f8      0x400 
                0x200006f8                        . = ALIGN (0x8)

/DISCARD/
 libc.a(*)
 libm.a(*)
 libgcc.a(*)
OUTPUT(Demo_CubeMX_Project.elf elf32-littlearm)
LOAD linker stubs
LOAD C:/PROGRA~2/ARMGNU~1/14EFD8~1.2RE/bin/../lib/gcc/arm-none-eabi/14.2.1/thumb/v6-m/nofp\libc.a
LOAD C:/PROGRA~2/ARMGNU~1/14EFD8~1.2RE/bin/../lib/gcc/arm-none-eabi/14.2.1/thumb/v6-m/nofp\libm.a
LOAD C:/PROGRA~2/ARMGNU~1/14EFD8~1.2RE/bin/../lib/gcc/arm-none-eabi/14.2.1/thumb/v6-m/nofp\libgcc.a

.ARM.attributes
                0x00000000       0x28
 .ARM.attributes
                0x00000000       0x1e C:/PROGRA~2/ARMGNU~1/14EFD8~1.2RE/bin/../lib/gcc/arm-none-eabi/14.2.1/thumb/v6-m/nofp/crti.o
 .ARM.attributes
                0x0000001e       0x2c C:/PROGRA~2/ARMGNU~1/14EFD8~1.2RE/bin/../lib/gcc/arm-none-eabi/14.2.1/thumb/v6-m/nofp/crtbegin.o
 .ARM.attributes
                0x0000004a       0x2c C:/PROGRA~2/ARMGNU~1/14EFD8~1.2RE/bin/../lib/gcc/arm-none-eabi/14.2.1/thumb/v6-m/nofp\libc_nano.a(libc_a-memset.o)
 .ARM.attributes
                0x00000076       0x2c C:/PROGRA~2/ARMGNU~1/14EFD8~1.2RE/bin/../lib/gcc/arm-none-eabi/14.2.1/thumb/v6-m/nofp\libc_nano.a(libc_a-init.o)
 .ARM.attributes
                0x000000a2       0x2c CMakeFiles/Demo_CubeMX_Project.dir/Core/Src/main.c.obj
 .ARM.attributes
                0x000000ce       0x2c CMakeFiles/Demo_CubeMX_Project.dir/Core/Src/stm32c0xx_it.c.obj
 .ARM.attributes
                0x000000fa       0x2c CMakeFiles/Demo_CubeMX_Project.dir/Core/Src/stm32c0xx_hal_msp.c.obj
 .ARM.attributes
                0x00000126       0x2c CMakeFiles/Demo_CubeMX_Project.dir/Drivers/BSP/stm32c0xx-nucleo-bsp/stm32c0xx_nucleo.c.obj
 .ARM.attributes
                0x00000152       0x2c CMakeFiles/Demo_CubeMX_Project.dir/Drivers/stm32c0xx-hal-driver/Src/stm32c0xx_hal.c.obj
 .ARM.attributes
                0x0000017e       0x2c CMakeFiles/Demo_CubeMX_Project.dir/Drivers/stm32c0xx-hal-driver/Src/stm32c0xx_hal_cortex.c.obj
 .ARM.attributes
                0x000001aa       0x2c CMakeFiles/Demo_CubeMX_Project.dir/Drivers/stm32c0xx-hal-driver/Src/stm32c0xx_hal_rcc.c.obj
 .ARM.attributes
                0x000001d6       0x2c CMakeFiles/Demo_CubeMX_Project.dir/Drivers/stm32c0xx-hal-driver/Src/stm32c0xx_hal_gpio.c.obj
 .ARM.attributes
                0x00000202       0x2c CMakeFiles/Demo_CubeMX_Project.dir/Drivers/stm32c0xx-hal-driver/Src/stm32c0xx_hal_exti.c.obj
 .ARM.attributes
                0x0000022e       0x2c CMakeFiles/Demo_CubeMX_Project.dir/Drivers/stm32c0xx-hal-driver/Src/stm32c0xx_hal_uart.c.obj
 .ARM.attributes
                0x0000025a       0x2c CMakeFiles/Demo_CubeMX_Project.dir/Core/Src/system_stm32c0xx.c.obj
 .ARM.attributes
                0x00000286       0x22 CMakeFiles/Demo_CubeMX_Project.dir/startup_stm32c031xx.s.obj
 .ARM.attributes
                0x000002a8       0x1e C:/PROGRA~2/ARMGNU~1/14EFD8~1.2RE/bin/../lib/gcc/arm-none-eabi/14.2.1/thumb/v6-m/nofp\libgcc.a(_udivsi3.o)
 .ARM.attributes
                0x000002c6       0x1e C:/PROGRA~2/ARMGNU~1/14EFD8~1.2RE/bin/../lib/gcc/arm-none-eabi/14.2.1/thumb/v6-m/nofp\libgcc.a(_dvmd_tls.o)
 .ARM.attributes
                0x000002e4       0x2c C:/PROGRA~2/ARMGNU~1/14EFD8~1.2RE/bin/../lib/gcc/arm-none-eabi/14.2.1/thumb/v6-m/nofp/crtend.o
 .ARM.attributes
                0x00000310       0x1e C:/PROGRA~2/ARMGNU~1/14EFD8~1.2RE/bin/../lib/gcc/arm-none-eabi/14.2.1/thumb/v6-m/nofp/crtn.o

.comment        0x00000000       0x45
 .comment       0x00000000       0x45 CMakeFiles/Demo_CubeMX_Project.dir/Core/Src/main.c.obj
                                 0x46 (size before relaxing)
 .comment       0x00000045       0x46 CMakeFiles/Demo_CubeMX_Project.dir/Core/Src/stm32c0xx_it.c.obj
 .comment       0x00000045       0x46 CMakeFiles/Demo_CubeMX_Project.dir/Core/Src/stm32c0xx_hal_msp.c.obj
 .comment       0x00000045       0x46 CMakeFiles/Demo_CubeMX_Project.dir/Drivers/BSP/stm32c0xx-nucleo-bsp/stm32c0xx_nucleo.c.obj
 .comment       0x00000045       0x46 CMakeFiles/Demo_CubeMX_Project.dir/Drivers/stm32c0xx-hal-driver/Src/stm32c0xx_hal.c.obj
 .comment       0x00000045       0x46 CMakeFiles/Demo_CubeMX_Project.dir/Drivers/stm32c0xx-hal-driver/Src/stm32c0xx_hal_cortex.c.obj
 .comment       0x00000045       0x46 CMakeFiles/Demo_CubeMX_Project.dir/Drivers/stm32c0xx-hal-driver/Src/stm32c0xx_hal_rcc.c.obj
 .comment       0x00000045       0x46 CMakeFiles/Demo_CubeMX_Project.dir/Drivers/stm32c0xx-hal-driver/Src/stm32c0xx_hal_gpio.c.obj
 .comment       0x00000045       0x46 CMakeFiles/Demo_CubeMX_Project.dir/Drivers/stm32c0xx-hal-driver/Src/stm32c0xx_hal_exti.c.obj
 .comment       0x00000045       0x46 CMakeFiles/Demo_CubeMX_Project.dir/Drivers/stm32c0xx-hal-driver/Src/stm32c0xx_hal_uart.c.obj
 .comment       0x00000045       0x46 CMakeFiles/Demo_CubeMX_Project.dir/Core/Src/system_stm32c0xx.c.obj

.debug_frame    0x00000000     0x18f4
 .debug_frame   0x00000000       0x20 C:/PROGRA~2/ARMGNU~1/14EFD8~1.2RE/bin/../lib/gcc/arm-none-eabi/14.2.1/thumb/v6-m/nofp\libc_nano.a(libc_a-memset.o)
 .debug_frame   0x00000020       0x2c C:/PROGRA~2/ARMGNU~1/14EFD8~1.2RE/bin/../lib/gcc/arm-none-eabi/14.2.1/thumb/v6-m/nofp\libc_nano.a(libc_a-init.o)
 .debug_frame   0x0000004c       0x88 CMakeFiles/Demo_CubeMX_Project.dir/Core/Src/main.c.obj
 .debug_frame   0x000000d4       0xb8 CMakeFiles/Demo_CubeMX_Project.dir/Core/Src/stm32c0xx_it.c.obj
 .debug_frame   0x0000018c       0x30 CMakeFiles/Demo_CubeMX_Project.dir/Core/Src/stm32c0xx_hal_msp.c.obj
 .debug_frame   0x000001bc      0x2c0 CMakeFiles/Demo_CubeMX_Project.dir/Drivers/BSP/stm32c0xx-nucleo-bsp/stm32c0xx_nucleo.c.obj
 .debug_frame   0x0000047c      0x368 CMakeFiles/Demo_CubeMX_Project.dir/Drivers/stm32c0xx-hal-driver/Src/stm32c0xx_hal.c.obj
 .debug_frame   0x000007e4      0x33c CMakeFiles/Demo_CubeMX_Project.dir/Drivers/stm32c0xx-hal-driver/Src/stm32c0xx_hal_cortex.c.obj
 .debug_frame   0x00000b20      0x214 CMakeFiles/Demo_CubeMX_Project.dir/Drivers/stm32c0xx-hal-driver/Src/stm32c0xx_hal_rcc.c.obj
 .debug_frame   0x00000d34      0x150 CMakeFiles/Demo_CubeMX_Project.dir/Drivers/stm32c0xx-hal-driver/Src/stm32c0xx_hal_gpio.c.obj
 .debug_frame   0x00000e84      0x130 CMakeFiles/Demo_CubeMX_Project.dir/Drivers/stm32c0xx-hal-driver/Src/stm32c0xx_hal_exti.c.obj
 .debug_frame   0x00000fb4      0x8d4 CMakeFiles/Demo_CubeMX_Project.dir/Drivers/stm32c0xx-hal-driver/Src/stm32c0xx_hal_uart.c.obj
 .debug_frame   0x00001888       0x4c CMakeFiles/Demo_CubeMX_Project.dir/Core/Src/system_stm32c0xx.c.obj
 .debug_frame   0x000018d4       0x20 C:/PROGRA~2/ARMGNU~1/14EFD8~1.2RE/bin/../lib/gcc/arm-none-eabi/14.2.1/thumb/v6-m/nofp\libgcc.a(_udivsi3.o)

.debug_info     0x00000000     0x92fe
 .debug_info    0x00000000      0x92a CMakeFiles/Demo_CubeMX_Project.dir/Core/Src/main.c.obj
 .debug_info    0x0000092a      0x122 CMakeFiles/Demo_CubeMX_Project.dir/Core/Src/stm32c0xx_it.c.obj
 .debug_info    0x00000a4c      0x21e CMakeFiles/Demo_CubeMX_Project.dir/Core/Src/stm32c0xx_hal_msp.c.obj
 .debug_info    0x00000c6a     0x1523 CMakeFiles/Demo_CubeMX_Project.dir/Drivers/BSP/stm32c0xx-nucleo-bsp/stm32c0xx_nucleo.c.obj
 .debug_info    0x0000218d      0x832 CMakeFiles/Demo_CubeMX_Project.dir/Drivers/stm32c0xx-hal-driver/Src/stm32c0xx_hal.c.obj
 .debug_info    0x000029bf      0x87b CMakeFiles/Demo_CubeMX_Project.dir/Drivers/stm32c0xx-hal-driver/Src/stm32c0xx_hal_cortex.c.obj
 .debug_info    0x0000323a      0x903 CMakeFiles/Demo_CubeMX_Project.dir/Drivers/stm32c0xx-hal-driver/Src/stm32c0xx_hal_rcc.c.obj
 .debug_info    0x00003b3d      0x5b7 CMakeFiles/Demo_CubeMX_Project.dir/Drivers/stm32c0xx-hal-driver/Src/stm32c0xx_hal_gpio.c.obj
 .debug_info    0x000040f4      0x63f CMakeFiles/Demo_CubeMX_Project.dir/Drivers/stm32c0xx-hal-driver/Src/stm32c0xx_hal_exti.c.obj
 .debug_info    0x00004733     0x4828 CMakeFiles/Demo_CubeMX_Project.dir/Drivers/stm32c0xx-hal-driver/Src/stm32c0xx_hal_uart.c.obj
 .debug_info    0x00008f5b      0x373 CMakeFiles/Demo_CubeMX_Project.dir/Core/Src/system_stm32c0xx.c.obj
 .debug_info    0x000092ce       0x30 CMakeFiles/Demo_CubeMX_Project.dir/startup_stm32c031xx.s.obj

.debug_abbrev   0x00000000     0x1669
 .debug_abbrev  0x00000000      0x218 CMakeFiles/Demo_CubeMX_Project.dir/Core/Src/main.c.obj
 .debug_abbrev  0x00000218       0xbc CMakeFiles/Demo_CubeMX_Project.dir/Core/Src/stm32c0xx_it.c.obj
 .debug_abbrev  0x000002d4       0xd6 CMakeFiles/Demo_CubeMX_Project.dir/Core/Src/stm32c0xx_hal_msp.c.obj
 .debug_abbrev  0x000003aa      0x326 CMakeFiles/Demo_CubeMX_Project.dir/Drivers/BSP/stm32c0xx-nucleo-bsp/stm32c0xx_nucleo.c.obj
 .debug_abbrev  0x000006d0      0x2cb CMakeFiles/Demo_CubeMX_Project.dir/Drivers/stm32c0xx-hal-driver/Src/stm32c0xx_hal.c.obj
 .debug_abbrev  0x0000099b      0x2b7 CMakeFiles/Demo_CubeMX_Project.dir/Drivers/stm32c0xx-hal-driver/Src/stm32c0xx_hal_cortex.c.obj
 .debug_abbrev  0x00000c52      0x28b CMakeFiles/Demo_CubeMX_Project.dir/Drivers/stm32c0xx-hal-driver/Src/stm32c0xx_hal_rcc.c.obj
 .debug_abbrev  0x00000edd      0x1d6 CMakeFiles/Demo_CubeMX_Project.dir/Drivers/stm32c0xx-hal-driver/Src/stm32c0xx_hal_gpio.c.obj
 .debug_abbrev  0x000010b3      0x165 CMakeFiles/Demo_CubeMX_Project.dir/Drivers/stm32c0xx-hal-driver/Src/stm32c0xx_hal_exti.c.obj
 .debug_abbrev  0x00001218      0x314 CMakeFiles/Demo_CubeMX_Project.dir/Drivers/stm32c0xx-hal-driver/Src/stm32c0xx_hal_uart.c.obj
 .debug_abbrev  0x0000152c      0x119 CMakeFiles/Demo_CubeMX_Project.dir/Core/Src/system_stm32c0xx.c.obj
 .debug_abbrev  0x00001645       0x24 CMakeFiles/Demo_CubeMX_Project.dir/startup_stm32c031xx.s.obj

.debug_aranges  0x00000000      0x750
 .debug_aranges
                0x00000000       0x38 CMakeFiles/Demo_CubeMX_Project.dir/Core/Src/main.c.obj
 .debug_aranges
                0x00000038       0x48 CMakeFiles/Demo_CubeMX_Project.dir/Core/Src/stm32c0xx_it.c.obj
 .debug_aranges
                0x00000080       0x20 CMakeFiles/Demo_CubeMX_Project.dir/Core/Src/stm32c0xx_hal_msp.c.obj
 .debug_aranges
                0x000000a0       0xc8 CMakeFiles/Demo_CubeMX_Project.dir/Drivers/BSP/stm32c0xx-nucleo-bsp/stm32c0xx_nucleo.c.obj
 .debug_aranges
                0x00000168      0x100 CMakeFiles/Demo_CubeMX_Project.dir/Drivers/stm32c0xx-hal-driver/Src/stm32c0xx_hal.c.obj
 .debug_aranges
                0x00000268       0xe8 CMakeFiles/Demo_CubeMX_Project.dir/Drivers/stm32c0xx-hal-driver/Src/stm32c0xx_hal_cortex.c.obj
 .debug_aranges
                0x00000350       0xa0 CMakeFiles/Demo_CubeMX_Project.dir/Drivers/stm32c0xx-hal-driver/Src/stm32c0xx_hal_rcc.c.obj
 .debug_aranges
                0x000003f0       0x68 CMakeFiles/Demo_CubeMX_Project.dir/Drivers/stm32c0xx-hal-driver/Src/stm32c0xx_hal_gpio.c.obj
 .debug_aranges
                0x00000458       0x60 CMakeFiles/Demo_CubeMX_Project.dir/Drivers/stm32c0xx-hal-driver/Src/stm32c0xx_hal_exti.c.obj
 .debug_aranges
                0x000004b8      0x248 CMakeFiles/Demo_CubeMX_Project.dir/Drivers/stm32c0xx-hal-driver/Src/stm32c0xx_hal_uart.c.obj
 .debug_aranges
                0x00000700       0x28 CMakeFiles/Demo_CubeMX_Project.dir/Core/Src/system_stm32c0xx.c.obj
 .debug_aranges
                0x00000728       0x28 CMakeFiles/Demo_CubeMX_Project.dir/startup_stm32c031xx.s.obj

.debug_rnglists
                0x00000000      0x59e
 .debug_rnglists
                0x00000000       0x27 CMakeFiles/Demo_CubeMX_Project.dir/Core/Src/main.c.obj
 .debug_rnglists
                0x00000027       0x31 CMakeFiles/Demo_CubeMX_Project.dir/Core/Src/stm32c0xx_it.c.obj
 .debug_rnglists
                0x00000058       0x13 CMakeFiles/Demo_CubeMX_Project.dir/Core/Src/stm32c0xx_hal_msp.c.obj
 .debug_rnglists
                0x0000006b       0x95 CMakeFiles/Demo_CubeMX_Project.dir/Drivers/BSP/stm32c0xx-nucleo-bsp/stm32c0xx_nucleo.c.obj
 .debug_rnglists
                0x00000100       0xbc CMakeFiles/Demo_CubeMX_Project.dir/Drivers/stm32c0xx-hal-driver/Src/stm32c0xx_hal.c.obj
 .debug_rnglists
                0x000001bc       0xaa CMakeFiles/Demo_CubeMX_Project.dir/Drivers/stm32c0xx-hal-driver/Src/stm32c0xx_hal_cortex.c.obj
 .debug_rnglists
                0x00000266       0x78 CMakeFiles/Demo_CubeMX_Project.dir/Drivers/stm32c0xx-hal-driver/Src/stm32c0xx_hal_rcc.c.obj
 .debug_rnglists
                0x000002de       0x4b CMakeFiles/Demo_CubeMX_Project.dir/Drivers/stm32c0xx-hal-driver/Src/stm32c0xx_hal_gpio.c.obj
 .debug_rnglists
                0x00000329       0x47 CMakeFiles/Demo_CubeMX_Project.dir/Drivers/stm32c0xx-hal-driver/Src/stm32c0xx_hal_exti.c.obj
 .debug_rnglists
                0x00000370      0x1fb CMakeFiles/Demo_CubeMX_Project.dir/Drivers/stm32c0xx-hal-driver/Src/stm32c0xx_hal_uart.c.obj
 .debug_rnglists
                0x0000056b       0x1a CMakeFiles/Demo_CubeMX_Project.dir/Core/Src/system_stm32c0xx.c.obj
 .debug_rnglists
                0x00000585       0x19 CMakeFiles/Demo_CubeMX_Project.dir/startup_stm32c031xx.s.obj

.debug_macro    0x00000000    0x131f6
 .debug_macro   0x00000000      0x2b5 CMakeFiles/Demo_CubeMX_Project.dir/Core/Src/main.c.obj
 .debug_macro   0x000002b5      0xab4 CMakeFiles/Demo_CubeMX_Project.dir/Core/Src/main.c.obj
 .debug_macro   0x00000d69       0x2e CMakeFiles/Demo_CubeMX_Project.dir/Core/Src/main.c.obj
 .debug_macro   0x00000d97       0x28 CMakeFiles/Demo_CubeMX_Project.dir/Core/Src/main.c.obj
 .debug_macro   0x00000dbf       0x22 CMakeFiles/Demo_CubeMX_Project.dir/Core/Src/main.c.obj
 .debug_macro   0x00000de1       0x8e CMakeFiles/Demo_CubeMX_Project.dir/Core/Src/main.c.obj
 .debug_macro   0x00000e6f       0x51 CMakeFiles/Demo_CubeMX_Project.dir/Core/Src/main.c.obj
 .debug_macro   0x00000ec0      0x103 CMakeFiles/Demo_CubeMX_Project.dir/Core/Src/main.c.obj
 .debug_macro   0x00000fc3       0x6a CMakeFiles/Demo_CubeMX_Project.dir/Core/Src/main.c.obj
 .debug_macro   0x0000102d      0x1df CMakeFiles/Demo_CubeMX_Project.dir/Core/Src/main.c.obj
 .debug_macro   0x0000120c       0x1c CMakeFiles/Demo_CubeMX_Project.dir/Core/Src/main.c.obj
 .debug_macro   0x00001228       0x22 CMakeFiles/Demo_CubeMX_Project.dir/Core/Src/main.c.obj
 .debug_macro   0x0000124a       0xd1 CMakeFiles/Demo_CubeMX_Project.dir/Core/Src/main.c.obj
 .debug_macro   0x0000131b      0x4da CMakeFiles/Demo_CubeMX_Project.dir/Core/Src/main.c.obj
 .debug_macro   0x000017f5      0x11f CMakeFiles/Demo_CubeMX_Project.dir/Core/Src/main.c.obj
 .debug_macro   0x00001914     0x93cf CMakeFiles/Demo_CubeMX_Project.dir/Core/Src/main.c.obj
 .debug_macro   0x0000ace3       0x6d CMakeFiles/Demo_CubeMX_Project.dir/Core/Src/main.c.obj
 .debug_macro   0x0000ad50      0x175 CMakeFiles/Demo_CubeMX_Project.dir/Core/Src/main.c.obj
 .debug_macro   0x0000aec5       0xe3 CMakeFiles/Demo_CubeMX_Project.dir/Core/Src/main.c.obj
 .debug_macro   0x0000afa8     0x3440 CMakeFiles/Demo_CubeMX_Project.dir/Core/Src/main.c.obj
 .debug_macro   0x0000e3e8      0x190 CMakeFiles/Demo_CubeMX_Project.dir/Core/Src/main.c.obj
 .debug_macro   0x0000e578       0x5b CMakeFiles/Demo_CubeMX_Project.dir/Core/Src/main.c.obj
 .debug_macro   0x0000e5d3      0x366 CMakeFiles/Demo_CubeMX_Project.dir/Core/Src/main.c.obj
 .debug_macro   0x0000e939      0xb47 CMakeFiles/Demo_CubeMX_Project.dir/Core/Src/main.c.obj
 .debug_macro   0x0000f480      0x145 CMakeFiles/Demo_CubeMX_Project.dir/Core/Src/main.c.obj
 .debug_macro   0x0000f5c5      0x15f CMakeFiles/Demo_CubeMX_Project.dir/Core/Src/main.c.obj
 .debug_macro   0x0000f724      0x19d CMakeFiles/Demo_CubeMX_Project.dir/Core/Src/main.c.obj
 .debug_macro   0x0000f8c1      0x264 CMakeFiles/Demo_CubeMX_Project.dir/Core/Src/main.c.obj
 .debug_macro   0x0000fb25      0x17e CMakeFiles/Demo_CubeMX_Project.dir/Core/Src/main.c.obj
 .debug_macro   0x0000fca3       0x43 CMakeFiles/Demo_CubeMX_Project.dir/Core/Src/main.c.obj
 .debug_macro   0x0000fce6      0x1f1 CMakeFiles/Demo_CubeMX_Project.dir/Core/Src/main.c.obj
 .debug_macro   0x0000fed7      0x1b1 CMakeFiles/Demo_CubeMX_Project.dir/Core/Src/main.c.obj
 .debug_macro   0x00010088      0x37c CMakeFiles/Demo_CubeMX_Project.dir/Core/Src/main.c.obj
 .debug_macro   0x00010404       0x28 CMakeFiles/Demo_CubeMX_Project.dir/Core/Src/main.c.obj
 .debug_macro   0x0001042c       0xb3 CMakeFiles/Demo_CubeMX_Project.dir/Core/Src/main.c.obj
 .debug_macro   0x000104df      0x104 CMakeFiles/Demo_CubeMX_Project.dir/Core/Src/main.c.obj
 .debug_macro   0x000105e3       0xf6 CMakeFiles/Demo_CubeMX_Project.dir/Core/Src/main.c.obj
 .debug_macro   0x000106d9      0x67e CMakeFiles/Demo_CubeMX_Project.dir/Core/Src/main.c.obj
 .debug_macro   0x00010d57       0xa6 CMakeFiles/Demo_CubeMX_Project.dir/Core/Src/main.c.obj
 .debug_macro   0x00010dfd      0x3a9 CMakeFiles/Demo_CubeMX_Project.dir/Core/Src/main.c.obj
 .debug_macro   0x000111a6       0x22 CMakeFiles/Demo_CubeMX_Project.dir/Core/Src/main.c.obj
 .debug_macro   0x000111c8       0x52 CMakeFiles/Demo_CubeMX_Project.dir/Core/Src/main.c.obj
 .debug_macro   0x0001121a       0x7b CMakeFiles/Demo_CubeMX_Project.dir/Core/Src/main.c.obj
 .debug_macro   0x00011295       0x24 CMakeFiles/Demo_CubeMX_Project.dir/Core/Src/main.c.obj
 .debug_macro   0x000112b9       0x3c CMakeFiles/Demo_CubeMX_Project.dir/Core/Src/main.c.obj
 .debug_macro   0x000112f5       0x34 CMakeFiles/Demo_CubeMX_Project.dir/Core/Src/main.c.obj
 .debug_macro   0x00011329       0x16 CMakeFiles/Demo_CubeMX_Project.dir/Core/Src/main.c.obj
 .debug_macro   0x0001133f       0x3c CMakeFiles/Demo_CubeMX_Project.dir/Core/Src/main.c.obj
 .debug_macro   0x0001137b      0x364 CMakeFiles/Demo_CubeMX_Project.dir/Core/Src/main.c.obj
 .debug_macro   0x000116df       0x10 CMakeFiles/Demo_CubeMX_Project.dir/Core/Src/main.c.obj
 .debug_macro   0x000116ef       0x16 CMakeFiles/Demo_CubeMX_Project.dir/Core/Src/main.c.obj
 .debug_macro   0x00011705       0x4a CMakeFiles/Demo_CubeMX_Project.dir/Core/Src/main.c.obj
 .debug_macro   0x0001174f       0x34 CMakeFiles/Demo_CubeMX_Project.dir/Core/Src/main.c.obj
 .debug_macro   0x00011783       0x10 CMakeFiles/Demo_CubeMX_Project.dir/Core/Src/main.c.obj
 .debug_macro   0x00011793       0x58 CMakeFiles/Demo_CubeMX_Project.dir/Core/Src/main.c.obj
 .debug_macro   0x000117eb      0x1e5 CMakeFiles/Demo_CubeMX_Project.dir/Core/Src/main.c.obj
 .debug_macro   0x000119d0       0x16 CMakeFiles/Demo_CubeMX_Project.dir/Core/Src/main.c.obj
 .debug_macro   0x000119e6       0x16 CMakeFiles/Demo_CubeMX_Project.dir/Core/Src/main.c.obj
 .debug_macro   0x000119fc      0x170 CMakeFiles/Demo_CubeMX_Project.dir/Core/Src/main.c.obj
 .debug_macro   0x00011b6c      0x10e CMakeFiles/Demo_CubeMX_Project.dir/Core/Src/main.c.obj
 .debug_macro   0x00011c7a       0x64 CMakeFiles/Demo_CubeMX_Project.dir/Core/Src/main.c.obj
 .debug_macro   0x00011cde      0x2bf CMakeFiles/Demo_CubeMX_Project.dir/Core/Src/stm32c0xx_it.c.obj
 .debug_macro   0x00011f9d      0x2b5 CMakeFiles/Demo_CubeMX_Project.dir/Core/Src/stm32c0xx_hal_msp.c.obj
 .debug_macro   0x00012252      0x2b2 CMakeFiles/Demo_CubeMX_Project.dir/Drivers/BSP/stm32c0xx-nucleo-bsp/stm32c0xx_nucleo.c.obj
 .debug_macro   0x00012504       0x1c CMakeFiles/Demo_CubeMX_Project.dir/Drivers/BSP/stm32c0xx-nucleo-bsp/stm32c0xx_nucleo.c.obj
 .debug_macro   0x00012520      0x1da CMakeFiles/Demo_CubeMX_Project.dir/Drivers/stm32c0xx-hal-driver/Src/stm32c0xx_hal.c.obj
 .debug_macro   0x000126fa      0x1bc CMakeFiles/Demo_CubeMX_Project.dir/Drivers/stm32c0xx-hal-driver/Src/stm32c0xx_hal_cortex.c.obj
 .debug_macro   0x000128b6      0x1ec CMakeFiles/Demo_CubeMX_Project.dir/Drivers/stm32c0xx-hal-driver/Src/stm32c0xx_hal_rcc.c.obj
 .debug_macro   0x00012aa2      0x1f1 CMakeFiles/Demo_CubeMX_Project.dir/Drivers/stm32c0xx-hal-driver/Src/stm32c0xx_hal_gpio.c.obj
 .debug_macro   0x00012c93      0x1c8 CMakeFiles/Demo_CubeMX_Project.dir/Drivers/stm32c0xx-hal-driver/Src/stm32c0xx_hal_exti.c.obj
 .debug_macro   0x00012e5b      0x1d9 CMakeFiles/Demo_CubeMX_Project.dir/Drivers/stm32c0xx-hal-driver/Src/stm32c0xx_hal_uart.c.obj
 .debug_macro   0x00013034      0x1c2 CMakeFiles/Demo_CubeMX_Project.dir/Core/Src/system_stm32c0xx.c.obj

.debug_line     0x00000000     0x987a
 .debug_line    0x00000000      0x8a4 CMakeFiles/Demo_CubeMX_Project.dir/Core/Src/main.c.obj
 .debug_line    0x000008a4      0x863 CMakeFiles/Demo_CubeMX_Project.dir/Core/Src/stm32c0xx_it.c.obj
 .debug_line    0x00001107      0x7ee CMakeFiles/Demo_CubeMX_Project.dir/Core/Src/stm32c0xx_hal_msp.c.obj
 .debug_line    0x000018f5      0xb49 CMakeFiles/Demo_CubeMX_Project.dir/Drivers/BSP/stm32c0xx-nucleo-bsp/stm32c0xx_nucleo.c.obj
 .debug_line    0x0000243e      0x9e0 CMakeFiles/Demo_CubeMX_Project.dir/Drivers/stm32c0xx-hal-driver/Src/stm32c0xx_hal.c.obj
 .debug_line    0x00002e1e      0xafb CMakeFiles/Demo_CubeMX_Project.dir/Drivers/stm32c0xx-hal-driver/Src/stm32c0xx_hal_cortex.c.obj
 .debug_line    0x00003919      0xd03 CMakeFiles/Demo_CubeMX_Project.dir/Drivers/stm32c0xx-hal-driver/Src/stm32c0xx_hal_rcc.c.obj
 .debug_line    0x0000461c      0xaf8 CMakeFiles/Demo_CubeMX_Project.dir/Drivers/stm32c0xx-hal-driver/Src/stm32c0xx_hal_gpio.c.obj
 .debug_line    0x00005114      0xa6b CMakeFiles/Demo_CubeMX_Project.dir/Drivers/stm32c0xx-hal-driver/Src/stm32c0xx_hal_exti.c.obj
 .debug_line    0x00005b7f     0x357e CMakeFiles/Demo_CubeMX_Project.dir/Drivers/stm32c0xx-hal-driver/Src/stm32c0xx_hal_uart.c.obj
 .debug_line    0x000090fd      0x700 CMakeFiles/Demo_CubeMX_Project.dir/Core/Src/system_stm32c0xx.c.obj
 .debug_line    0x000097fd       0x7d CMakeFiles/Demo_CubeMX_Project.dir/startup_stm32c031xx.s.obj

.debug_str      0x00000000    0x75838
 .debug_str     0x00000000    0x75838 CMakeFiles/Demo_CubeMX_Project.dir/Core/Src/main.c.obj
                              0x73753 (size before relaxing)
 .debug_str     0x00075838    0x73229 CMakeFiles/Demo_CubeMX_Project.dir/Core/Src/stm32c0xx_it.c.obj
 .debug_str     0x00075838    0x73255 CMakeFiles/Demo_CubeMX_Project.dir/Core/Src/stm32c0xx_hal_msp.c.obj
 .debug_str     0x00075838    0x73dc6 CMakeFiles/Demo_CubeMX_Project.dir/Drivers/BSP/stm32c0xx-nucleo-bsp/stm32c0xx_nucleo.c.obj
 .debug_str     0x00075838    0x6fd33 CMakeFiles/Demo_CubeMX_Project.dir/Drivers/stm32c0xx-hal-driver/Src/stm32c0xx_hal.c.obj
 .debug_str     0x00075838    0x6fb56 CMakeFiles/Demo_CubeMX_Project.dir/Drivers/stm32c0xx-hal-driver/Src/stm32c0xx_hal_cortex.c.obj
 .debug_str     0x00075838    0x6fd28 CMakeFiles/Demo_CubeMX_Project.dir/Drivers/stm32c0xx-hal-driver/Src/stm32c0xx_hal_rcc.c.obj
 .debug_str     0x00075838    0x6f935 CMakeFiles/Demo_CubeMX_Project.dir/Drivers/stm32c0xx-hal-driver/Src/stm32c0xx_hal_gpio.c.obj
 .debug_str     0x00075838    0x6f8b9 CMakeFiles/Demo_CubeMX_Project.dir/Drivers/stm32c0xx-hal-driver/Src/stm32c0xx_hal_exti.c.obj
 .debug_str     0x00075838    0x7068d CMakeFiles/Demo_CubeMX_Project.dir/Drivers/stm32c0xx-hal-driver/Src/stm32c0xx_hal_uart.c.obj
 .debug_str     0x00075838    0x6f73d CMakeFiles/Demo_CubeMX_Project.dir/Core/Src/system_stm32c0xx.c.obj
 .debug_str     0x00075838       0xda CMakeFiles/Demo_CubeMX_Project.dir/startup_stm32c031xx.s.obj

.debug_line_str
                0x00000000      0x187
 .debug_line_str
                0x00000000      0x187 CMakeFiles/Demo_CubeMX_Project.dir/startup_stm32c031xx.s.obj
                                 0xbe (size before relaxing)
 .debug_line_str
                0x00000187       0xc9 C:/PROGRA~2/ARMGNU~1/14EFD8~1.2RE/bin/../lib/gcc/arm-none-eabi/14.2.1/thumb/v6-m/nofp\libgcc.a(_udivsi3.o)
 .debug_line_str
                0x00000187       0xc9 C:/PROGRA~2/ARMGNU~1/14EFD8~1.2RE/bin/../lib/gcc/arm-none-eabi/14.2.1/thumb/v6-m/nofp\libgcc.a(_dvmd_tls.o)
