Archive member included to satisfy reference by file (symbol)

mcu_drivers/stm32c0/libstm32c0_src.a(gpio_stm32c0.cpp.obj)
                              app/CMakeFiles/stm32c0.dir/main.cpp.obj (periph::gpio_stm32c0::gpio_stm32c0(periph::gpio_stm32c0::port, unsigned char, periph::gpio::mode, bool))
mcu_drivers/stm32c0/libstm32c0_src.a(systick.cpp.obj)
                              app/CMakeFiles/stm32c0.dir/main.cpp.obj (periph::systick::init())
mcu_drivers/stm32c0/libstm32c0_src.a(assert.c.obj)
                              mcu_drivers/stm32c0/libstm32c0_src.a(gpio_stm32c0.cpp.obj) (__assert_func)
mcu_drivers/stm32c0/CMSIS/libcmsis.a(system_stm32c0xx.c.obj)
                              mcu_drivers/stm32c0/libstm32c0_src.a(systick.cpp.obj) (SystemCoreClock)
mcu_drivers/stm32c0/CMSIS/libcmsis.a(startup_stm32c031xx.s.obj)
                              (Reset_Handler)
C:/ST/STM32CubeCLT_1.18.0/GNU-tools-for-STM32/bin/../lib/gcc/arm-none-eabi/13.3.1/../../../../arm-none-eabi/lib/thumb/v6-m/nofp\libstdc++_nano.a(del_ops.o)
                              mcu_drivers/stm32c0/libstm32c0_src.a(gpio_stm32c0.cpp.obj) (operator delete(void*, unsigned int))
C:/ST/STM32CubeCLT_1.18.0/GNU-tools-for-STM32/bin/../lib/gcc/arm-none-eabi/13.3.1/../../../../arm-none-eabi/lib/thumb/v6-m/nofp\libstdc++_nano.a(del_op.o)
                              C:/ST/STM32CubeCLT_1.18.0/GNU-tools-for-STM32/bin/../lib/gcc/arm-none-eabi/13.3.1/../../../../arm-none-eabi/lib/thumb/v6-m/nofp\libstdc++_nano.a(del_ops.o) (operator delete(void*))
C:/ST/STM32CubeCLT_1.18.0/GNU-tools-for-STM32/bin/../lib/gcc/arm-none-eabi/13.3.1/thumb/v6-m/nofp\libgcc.a(_udivsi3.o)
                              mcu_drivers/stm32c0/libstm32c0_src.a(systick.cpp.obj) (__aeabi_uidiv)
C:/ST/STM32CubeCLT_1.18.0/GNU-tools-for-STM32/bin/../lib/gcc/arm-none-eabi/13.3.1/thumb/v6-m/nofp\libgcc.a(_dvmd_tls.o)
                              C:/ST/STM32CubeCLT_1.18.0/GNU-tools-for-STM32/bin/../lib/gcc/arm-none-eabi/13.3.1/thumb/v6-m/nofp\libgcc.a(_udivsi3.o) (__aeabi_idiv0)
C:/ST/STM32CubeCLT_1.18.0/GNU-tools-for-STM32/bin/../lib/gcc/arm-none-eabi/13.3.1/thumb/v6-m/nofp\libgcc.a(_muldi3.o)
                              mcu_drivers/stm32c0/libstm32c0_src.a(systick.cpp.obj) (__aeabi_lmul)
C:/ST/STM32CubeCLT_1.18.0/GNU-tools-for-STM32/bin/../lib/gcc/arm-none-eabi/13.3.1/../../../../arm-none-eabi/lib/thumb/v6-m/nofp\libg_nano.a(libc_a-exit.o)
                              C:/ST/STM32CubeCLT_1.18.0/GNU-tools-for-STM32/bin/../lib/gcc/arm-none-eabi/13.3.1/../../../../arm-none-eabi/lib/thumb/v6-m/nofp/crt0.o (exit)
C:/ST/STM32CubeCLT_1.18.0/GNU-tools-for-STM32/bin/../lib/gcc/arm-none-eabi/13.3.1/../../../../arm-none-eabi/lib/thumb/v6-m/nofp\libg_nano.a(libc_a-malloc.o)
                              C:/ST/STM32CubeCLT_1.18.0/GNU-tools-for-STM32/bin/../lib/gcc/arm-none-eabi/13.3.1/../../../../arm-none-eabi/lib/thumb/v6-m/nofp\libstdc++_nano.a(del_op.o) (free)
C:/ST/STM32CubeCLT_1.18.0/GNU-tools-for-STM32/bin/../lib/gcc/arm-none-eabi/13.3.1/../../../../arm-none-eabi/lib/thumb/v6-m/nofp\libg_nano.a(libc_a-mallocr.o)
                              C:/ST/STM32CubeCLT_1.18.0/GNU-tools-for-STM32/bin/../lib/gcc/arm-none-eabi/13.3.1/../../../../arm-none-eabi/lib/thumb/v6-m/nofp\libg_nano.a(libc_a-malloc.o) (_malloc_r)
C:/ST/STM32CubeCLT_1.18.0/GNU-tools-for-STM32/bin/../lib/gcc/arm-none-eabi/13.3.1/../../../../arm-none-eabi/lib/thumb/v6-m/nofp\libg_nano.a(libc_a-mlock.o)
                              C:/ST/STM32CubeCLT_1.18.0/GNU-tools-for-STM32/bin/../lib/gcc/arm-none-eabi/13.3.1/../../../../arm-none-eabi/lib/thumb/v6-m/nofp\libg_nano.a(libc_a-mallocr.o) (__malloc_lock)
C:/ST/STM32CubeCLT_1.18.0/GNU-tools-for-STM32/bin/../lib/gcc/arm-none-eabi/13.3.1/../../../../arm-none-eabi/lib/thumb/v6-m/nofp\libg_nano.a(libc_a-findfp.o)
                              C:/ST/STM32CubeCLT_1.18.0/GNU-tools-for-STM32/bin/../lib/gcc/arm-none-eabi/13.3.1/../../../../arm-none-eabi/lib/thumb/v6-m/nofp\libg_nano.a(libc_a-exit.o) (__stdio_exit_handler)
C:/ST/STM32CubeCLT_1.18.0/GNU-tools-for-STM32/bin/../lib/gcc/arm-none-eabi/13.3.1/../../../../arm-none-eabi/lib/thumb/v6-m/nofp\libg_nano.a(libc_a-fwalk.o)
                              C:/ST/STM32CubeCLT_1.18.0/GNU-tools-for-STM32/bin/../lib/gcc/arm-none-eabi/13.3.1/../../../../arm-none-eabi/lib/thumb/v6-m/nofp\libg_nano.a(libc_a-findfp.o) (_fwalk_sglue)
C:/ST/STM32CubeCLT_1.18.0/GNU-tools-for-STM32/bin/../lib/gcc/arm-none-eabi/13.3.1/../../../../arm-none-eabi/lib/thumb/v6-m/nofp\libg_nano.a(libc_a-stdio.o)
                              C:/ST/STM32CubeCLT_1.18.0/GNU-tools-for-STM32/bin/../lib/gcc/arm-none-eabi/13.3.1/../../../../arm-none-eabi/lib/thumb/v6-m/nofp\libg_nano.a(libc_a-findfp.o) (__sread)
C:/ST/STM32CubeCLT_1.18.0/GNU-tools-for-STM32/bin/../lib/gcc/arm-none-eabi/13.3.1/../../../../arm-none-eabi/lib/thumb/v6-m/nofp\libg_nano.a(libc_a-memset.o)
[...]
Memory Configuration

Name             Origin             Length             Attributes
RAM              0x20000000         0x00003000         xrw
FLASH            0x08000000         0x00008000         xr
*default*        0x00000000         0xffffffff

Linker script and memory map

LOAD C:/ST/STM32CubeCLT_1.18.0/GNU-tools-for-STM32/bin/../lib/gcc/arm-none-eabi/13.3.1/thumb/v6-m/nofp/crti.o
LOAD C:/ST/STM32CubeCLT_1.18.0/GNU-tools-for-STM32/bin/../lib/gcc/arm-none-eabi/13.3.1/thumb/v6-m/nofp/crtbegin.o
LOAD C:/ST/STM32CubeCLT_1.18.0/GNU-tools-for-STM32/bin/../lib/gcc/arm-none-eabi/13.3.1/../../../../arm-none-eabi/lib/thumb/v6-m/nofp/crt0.o
LOAD app/CMakeFiles/stm32c0.dir/main.cpp.obj
LOAD gpio/libgpio.a
LOAD mcu_drivers/stm32c0/libstm32c0_src.a
LOAD gpio/libgpio.a
LOAD mcu_drivers/stm32c0/CMSIS/libcmsis.a
LOAD C:/ST/STM32CubeCLT_1.18.0/GNU-tools-for-STM32/bin/../lib/gcc/arm-none-eabi/13.3.1/../../../../arm-none-eabi/lib/thumb/v6-m/nofp\libstdc++_nano.a
LOAD C:/ST/STM32CubeCLT_1.18.0/GNU-tools-for-STM32/bin/../lib/gcc/arm-none-eabi/13.3.1/../../../../arm-none-eabi/lib/thumb/v6-m/nofp\libm.a
START GROUP
LOAD C:/ST/STM32CubeCLT_1.18.0/GNU-tools-for-STM32/bin/../lib/gcc/arm-none-eabi/13.3.1/thumb/v6-m/nofp\libgcc.a
LOAD C:/ST/STM32CubeCLT_1.18.0/GNU-tools-for-STM32/bin/../lib/gcc/arm-none-eabi/13.3.1/../../../../arm-none-eabi/lib/thumb/v6-m/nofp\libg_nano.a
LOAD C:/ST/STM32CubeCLT_1.18.0/GNU-tools-for-STM32/bin/../lib/gcc/arm-none-eabi/13.3.1/../../../../arm-none-eabi/lib/thumb/v6-m/nofp\libc_nano.a
END GROUP
START GROUP
LOAD C:/ST/STM32CubeCLT_1.18.0/GNU-tools-for-STM32/bin/../lib/gcc/arm-none-eabi/13.3.1/thumb/v6-m/nofp\libgcc.a
LOAD C:/ST/STM32CubeCLT_1.18.0/GNU-tools-for-STM32/bin/../lib/gcc/arm-none-eabi/13.3.1/../../../../arm-none-eabi/lib/thumb/v6-m/nofp\libc_nano.a
LOAD C:/ST/STM32CubeCLT_1.18.0/GNU-tools-for-STM32/bin/../lib/gcc/arm-none-eabi/13.3.1/../../../../arm-none-eabi/lib/thumb/v6-m/nofp\libnosys.a
END GROUP
START GROUP
LOAD C:/ST/STM32CubeCLT_1.18.0/GNU-tools-for-STM32/bin/../lib/gcc/arm-none-eabi/13.3.1/thumb/v6-m/nofp\libgcc.a
LOAD C:/ST/STM32CubeCLT_1.18.0/GNU-tools-for-STM32/bin/../lib/gcc/arm-none-eabi/13.3.1/../../../../arm-none-eabi/lib/thumb/v6-m/nofp\libc_nano.a
LOAD C:/ST/STM32CubeCLT_1.18.0/GNU-tools-for-STM32/bin/../lib/gcc/arm-none-eabi/13.3.1/../../../../arm-none-eabi/lib/thumb/v6-m/nofp\libnosys.a
END GROUP
LOAD C:/ST/STM32CubeCLT_1.18.0/GNU-tools-for-STM32/bin/../lib/gcc/arm-none-eabi/13.3.1/thumb/v6-m/nofp/crtend.o
LOAD C:/ST/STM32CubeCLT_1.18.0/GNU-tools-for-STM32/bin/../lib/gcc/arm-none-eabi/13.3.1/thumb/v6-m/nofp/crtn.o
                0x20003000                        _estack = (ORIGIN (RAM) + LENGTH (RAM))
                0x00000200                        _Min_Heap_Size = 0x200
                0x00000400                        _Min_Stack_Size = 0x400

.isr_vector     0x08000000       0xc0
                0x08000000                        . = ALIGN (0x4)
 *(.isr_vector)
 .isr_vector    0x08000000       0xc0 mcu_drivers/stm32c0/CMSIS/libcmsis.a(startup_stm32c031xx.s.obj)
                0x08000000                g_pfnVectors
                0x080000c0                        . = ALIGN (0x4)

.text           0x080000c0      0xb10
                0x080000c0                        . = ALIGN (0x4)
 *(.text)
 .text          0x080000c0       0x48 C:/ST/STM32CubeCLT_1.18.0/GNU-tools-for-STM32/bin/../lib/gcc/arm-none-eabi/13.3.1/thumb/v6-m/nofp/crtbegin.o
 .text          0x08000108      0x114 C:/ST/STM32CubeCLT_1.18.0/GNU-tools-for-STM32/bin/../lib/gcc/arm-none-eabi/13.3.1/thumb/v6-m/nofp\libgcc.a(_udivsi3.o)
                0x08000108                __aeabi_uidiv
                0x08000108                __udivsi3
                0x08000214                __aeabi_uidivmod
 .text          0x0800021c        0x4 C:/ST/STM32CubeCLT_1.18.0/GNU-tools-for-STM32/bin/../lib/gcc/arm-none-eabi/13.3.1/thumb/v6-m/nofp\libgcc.a(_dvmd_tls.o)
                0x0800021c                __aeabi_idiv0
                0x0800021c                __aeabi_ldiv0
 *(.text*)
 .text.main     0x08000220       0x2e app/CMakeFiles/stm32c0.dir/main.cpp.obj
                0x08000220                main
 .text._ZNK6periph12gpio_stm32c04modeEv
                0x0800024e       0x14 mcu_drivers/stm32c0/libstm32c0_src.a(gpio_stm32c0.cpp.obj)
                0x0800024e                periph::gpio_stm32c0::mode() const
 .text._ZNK6periph12gpio_stm32c03pinEv
                0x08000262       0x14 mcu_drivers/stm32c0/libstm32c0_src.a(gpio_stm32c0.cpp.obj)
                0x08000262                periph::gpio_stm32c0::pin() const
 *fill*         0x08000276        0x2 
 .text._ZN6periph4gpioC2Ev
                0x08000278       0x1c mcu_drivers/stm32c0/libstm32c0_src.a(gpio_stm32c0.cpp.obj)
                0x08000278                periph::gpio::gpio()
                0x08000278                periph::gpio::gpio()
 .text._ZN6periph4gpioD2Ev
                0x08000294       0x1c mcu_drivers/stm32c0/libstm32c0_src.a(gpio_stm32c0.cpp.obj)
                0x08000294                periph::gpio::~gpio()
                0x08000294                periph::gpio::~gpio()
 .text._ZN6periph4gpioD0Ev
                0x080002b0       0x24 mcu_drivers/stm32c0/libstm32c0_src.a(gpio_stm32c0.cpp.obj)
                0x080002b0                periph::gpio::~gpio()
 .text._ZN6periph12gpio_stm32c0C2ENS0_4portEhNS_4gpio4modeEb
                0x080002d4       0xc4 mcu_drivers/stm32c0/libstm32c0_src.a(gpio_stm32c0.cpp.obj)
                0x080002d4                periph::gpio_stm32c0::gpio_stm32c0(periph::gpio_stm32c0::port, unsigned char, periph::gpio::mode, bool)
                0x080002d4                periph::gpio_stm32c0::gpio_stm32c0(periph::gpio_stm32c0::port, unsigned char, periph::gpio::mode, bool)
 .text._ZN6periph12gpio_stm32c0D2Ev
                0x08000398       0x64 mcu_drivers/stm32c0/libstm32c0_src.a(gpio_stm32c0.cpp.obj)
                0x08000398                periph::gpio_stm32c0::~gpio_stm32c0()
                0x08000398                periph::gpio_stm32c0::~gpio_stm32c0()
 .text._ZN6periph12gpio_stm32c0D0Ev
                0x080003fc       0x24 mcu_drivers/stm32c0/libstm32c0_src.a(gpio_stm32c0.cpp.obj)
                0x080003fc                periph::gpio_stm32c0::~gpio_stm32c0()
 .text._ZN6periph12gpio_stm32c03setEb
                0x08000420       0x74 mcu_drivers/stm32c0/libstm32c0_src.a(gpio_stm32c0.cpp.obj)
                0x08000420                periph::gpio_stm32c0::set(bool)
 .text._ZN6periph12gpio_stm32c06toggleEv
                0x08000494       0x68 mcu_drivers/stm32c0/libstm32c0_src.a(gpio_stm32c0.cpp.obj)
                0x08000494                periph::gpio_stm32c0::toggle()
 .text._ZNK6periph12gpio_stm32c03getEv
                0x080004fc       0x5c mcu_drivers/stm32c0/libstm32c0_src.a(gpio_stm32c0.cpp.obj)
                0x080004fc                periph::gpio_stm32c0::get() const
 .text._ZN6periph12gpio_stm32c04modeENS_4gpio4modeEb
                0x08000558      0x194 mcu_drivers/stm32c0/libstm32c0_src.a(gpio_stm32c0.cpp.obj)
                0x08000558                periph::gpio_stm32c0::mode(periph::gpio::mode, bool)
 .text.__NVIC_SetPriority
                0x080006ec       0xdc mcu_drivers/stm32c0/libstm32c0_src.a(systick.cpp.obj)
 .text.SysTick_Config
                0x080007c8       0x48 mcu_drivers/stm32c0/libstm32c0_src.a(systick.cpp.obj)
 .text._ZN6periph3rcc9frequencyENS0_10clk_sourceE
                0x08000810       0xbc mcu_drivers/stm32c0/libstm32c0_src.a(systick.cpp.obj)
                0x08000810                periph::rcc::frequency(periph::rcc::clk_source)
 .text.SysTick_Handler
                0x080008cc       0x18 mcu_drivers/stm32c0/libstm32c0_src.a(systick.cpp.obj)
                0x080008cc                SysTick_Handler
 .text._ZN6periph7systick4initEv
                0x080008e4       0x2c mcu_drivers/stm32c0/libstm32c0_src.a(systick.cpp.obj)
                0x080008e4                periph::systick::init()
 .text._Z17xTaskGetTickCountv
                0x08000910       0x14 mcu_drivers/stm32c0/libstm32c0_src.a(systick.cpp.obj)
                0x08000910                xTaskGetTickCount()
 .text._ZN6periph7systick5delayEm
                0x08000924       0x34 mcu_drivers/stm32c0/libstm32c0_src.a(systick.cpp.obj)
                0x08000924                periph::systick::delay(unsigned long)
 .text.__assert_func
                0x08000958       0x10 mcu_drivers/stm32c0/libstm32c0_src.a(assert.c.obj)
                0x08000958                __assert_func
 .text.SystemInit
                0x08000968       0x18 mcu_drivers/stm32c0/CMSIS/libcmsis.a(system_stm32c0xx.c.obj)
                0x08000968                SystemInit
 .text.SystemCoreClockUpdate
                0x08000980       0xc0 mcu_drivers/stm32c0/CMSIS/libcmsis.a(system_stm32c0xx.c.obj)
                0x08000980                SystemCoreClockUpdate
 .text.Reset_Handler
                0x08000a40       0x50 mcu_drivers/stm32c0/CMSIS/libcmsis.a(startup_stm32c031xx.s.obj)
                0x08000a40                Reset_Handler
 .text.Default_Handler
                0x08000a90        0x2 mcu_drivers/stm32c0/CMSIS/libcmsis.a(startup_stm32c031xx.s.obj)
                0x08000a90                TIM1_CC_IRQHandler
                0x08000a90                HardFault_Handler
                0x08000a90                PendSV_Handler
                0x08000a90                NMI_Handler
                0x08000a90                I2C1_IRQHandler
                0x08000a90                DMAMUX1_IRQHandler
                0x08000a90                SPI1_IRQHandler
                0x08000a90                EXTI2_3_IRQHandler
                0x08000a90                ADC1_IRQHandler
                0x08000a90                TIM17_IRQHandler
                0x08000a90                RTC_IRQHandler
                0x08000a90                TIM16_IRQHandler
                0x08000a90                TIM3_IRQHandler
                0x08000a90                EXTI4_15_IRQHandler
                0x08000a90                RCC_IRQHandler
                0x08000a90                DMA1_Channel1_IRQHandler
                0x08000a90                Default_Handler
                0x08000a90                TIM14_IRQHandler
                0x08000a90                EXTI0_1_IRQHandler
                0x08000a90                SVC_Handler
                0x08000a90                WWDG_IRQHandler
                0x08000a90                DMA1_Channel2_3_IRQHandler
                0x08000a90                USART2_IRQHandler
                0x08000a90                FLASH_IRQHandler
                0x08000a90                USART1_IRQHandler
                0x08000a90                TIM1_BRK_UP_TRG_COM_IRQHandler
 .text._ZdlPvj  0x08000a92        0x8 C:/ST/STM32CubeCLT_1.18.0/GNU-tools-for-STM32/bin/../lib/gcc/arm-none-eabi/13.3.1/../../../../arm-none-eabi/lib/thumb/v6-m/nofp\libstdc++_nano.a(del_ops.o)
                0x08000a92                operator delete(void*, unsigned int)
 .text._ZdlPv   0x08000a9a        0x8 C:/ST/STM32CubeCLT_1.18.0/GNU-tools-for-STM32/bin/../lib/gcc/arm-none-eabi/13.3.1/../../../../arm-none-eabi/lib/thumb/v6-m/nofp\libstdc++_nano.a(del_op.o)
                0x08000a9a                operator delete(void*)
 *fill*         0x08000aa2        0x2 
 .text.free     0x08000aa4       0x14 C:/ST/STM32CubeCLT_1.18.0/GNU-tools-for-STM32/bin/../lib/gcc/arm-none-eabi/13.3.1/../../../../arm-none-eabi/lib/thumb/v6-m/nofp\libg_nano.a(libc_a-malloc.o)
                0x08000aa4                free
 .text.__malloc_lock
                0x08000ab8       0x10 C:/ST/STM32CubeCLT_1.18.0/GNU-tools-for-STM32/bin/../lib/gcc/arm-none-eabi/13.3.1/../../../../arm-none-eabi/lib/thumb/v6-m/nofp\libg_nano.a(libc_a-mlock.o)
                0x08000ab8                __malloc_lock
 .text.__malloc_unlock
                0x08000ac8       0x10 C:/ST/STM32CubeCLT_1.18.0/GNU-tools-for-STM32/bin/../lib/gcc/arm-none-eabi/13.3.1/../../../../arm-none-eabi/lib/thumb/v6-m/nofp\libg_nano.a(libc_a-mlock.o)
                0x08000ac8                __malloc_unlock
 .text.__libc_init_array
                0x08000ad8       0x48 C:/ST/STM32CubeCLT_1.18.0/GNU-tools-for-STM32/bin/../lib/gcc/arm-none-eabi/13.3.1/../../../../arm-none-eabi/lib/thumb/v6-m/nofp\libg_nano.a(libc_a-init.o)
                0x08000ad8                __libc_init_array
 .text.__retarget_lock_acquire_recursive
                0x08000b20        0x2 C:/ST/STM32CubeCLT_1.18.0/GNU-tools-for-STM32/bin/../lib/gcc/arm-none-eabi/13.3.1/../../../../arm-none-eabi/lib/thumb/v6-m/nofp\libg_nano.a(libc_a-lock.o)
                0x08000b20                __retarget_lock_acquire_recursive
 .text.__retarget_lock_release_recursive
                0x08000b22        0x2 C:/ST/STM32CubeCLT_1.18.0/GNU-tools-for-STM32/bin/../lib/gcc/arm-none-eabi/13.3.1/../../../../arm-none-eabi/lib/thumb/v6-m/nofp\libg_nano.a(libc_a-lock.o)
                0x08000b22                __retarget_lock_release_recursive
 .text._free_r  0x08000b24       0x94 C:/ST/STM32CubeCLT_1.18.0/GNU-tools-for-STM32/bin/../lib/gcc/arm-none-eabi/13.3.1/../../../../arm-none-eabi/lib/thumb/v6-m/nofp\libg_nano.a(libc_a-freer.o)
                0x08000b24                _free_r
 *(.glue_7)
 .glue_7        0x08000bb8        0x0 linker stubs
 *(.glue_7t)
 .glue_7t       0x08000bb8        0x0 linker stubs
 *(.eh_frame)
 .eh_frame      0x08000bb8        0x0 C:/ST/STM32CubeCLT_1.18.0/GNU-tools-for-STM32/bin/../lib/gcc/arm-none-eabi/13.3.1/thumb/v6-m/nofp/crtbegin.o
 *(.init)
 .init          0x08000bb8        0x4 C:/ST/STM32CubeCLT_1.18.0/GNU-tools-for-STM32/bin/../lib/gcc/arm-none-eabi/13.3.1/thumb/v6-m/nofp/crti.o
                0x08000bb8                _init
 .init          0x08000bbc        0x8 C:/ST/STM32CubeCLT_1.18.0/GNU-tools-for-STM32/bin/../lib/gcc/arm-none-eabi/13.3.1/thumb/v6-m/nofp/crtn.o
 *(.fini)
 .fini          0x08000bc4        0x4 C:/ST/STM32CubeCLT_1.18.0/GNU-tools-for-STM32/bin/../lib/gcc/arm-none-eabi/13.3.1/thumb/v6-m/nofp/crti.o
                0x08000bc4                _fini
 .fini          0x08000bc8        0x8 C:/ST/STM32CubeCLT_1.18.0/GNU-tools-for-STM32/bin/../lib/gcc/arm-none-eabi/13.3.1/thumb/v6-m/nofp/crtn.o
                0x08000bd0                        . = ALIGN (0x4)
                0x08000bd0                        _etext = .

.vfp11_veneer   0x08000bd0        0x0
 .vfp11_veneer  0x08000bd0        0x0 linker stubs

.v4_bx          0x08000bd0        0x0
 .v4_bx         0x08000bd0        0x0 linker stubs

.iplt           0x08000bd0        0x0
 .iplt          0x08000bd0        0x0 C:/ST/STM32CubeCLT_1.18.0/GNU-tools-for-STM32/bin/../lib/gcc/arm-none-eabi/13.3.1/thumb/v6-m/nofp/crtbegin.o

.rodata         0x08000bd0      0x340
                0x08000bd0                        . = ALIGN (0x4)
 *(.rodata)
 .rodata        0x08000bd0      0x213 mcu_drivers/stm32c0/libstm32c0_src.a(gpio_stm32c0.cpp.obj)
 *(.rodata*)
 *fill*         0x08000de3        0x1 
 .rodata._ZN6periph15gpio_hw_mappingL4gpioE
                0x08000de4       0x14 mcu_drivers/stm32c0/libstm32c0_src.a(gpio_stm32c0.cpp.obj)
 .rodata._ZN6periph15gpio_hw_mappingL6rcc_enE
                0x08000df8       0x14 mcu_drivers/stm32c0/libstm32c0_src.a(gpio_stm32c0.cpp.obj)
 .rodata._ZN6periph12gpio_stm32c04modeENS_4gpio4modeEb
                0x08000e0c       0x14 mcu_drivers/stm32c0/libstm32c0_src.a(gpio_stm32c0.cpp.obj)
 .rodata._ZTVN6periph12gpio_stm32c0E
                0x08000e20       0x28 mcu_drivers/stm32c0/libstm32c0_src.a(gpio_stm32c0.cpp.obj)
                0x08000e20                vtable for periph::gpio_stm32c0
 .rodata._ZTVN6periph4gpioE
                0x08000e48       0x28 mcu_drivers/stm32c0/libstm32c0_src.a(gpio_stm32c0.cpp.obj)
                0x08000e48                vtable for periph::gpio
 .rodata._ZN6periph3rcc15ahb_prescallersE
                0x08000e70       0x40 mcu_drivers/stm32c0/libstm32c0_src.a(systick.cpp.obj)
                0x08000e70                periph::rcc::ahb_prescallers
 .rodata._ZN6periph3rcc15apb_prescallersE
                0x08000eb0       0x20 mcu_drivers/stm32c0/libstm32c0_src.a(systick.cpp.obj)
                0x08000eb0                periph::rcc::apb_prescallers
 .rodata.AHBPrescTable
                0x08000ed0       0x40 mcu_drivers/stm32c0/CMSIS/libcmsis.a(system_stm32c0xx.c.obj)
                0x08000ed0                AHBPrescTable
                0x08000f10                        . = ALIGN (0x4)

.ARM.extab      0x08000f10        0x0
                0x08000f10                        . = ALIGN (0x4)
 *(.ARM.extab* .gnu.linkonce.armextab.*)
                0x08000f10                        . = ALIGN (0x4)

.ARM            0x08000f10        0x0
                0x08000f10                        . = ALIGN (0x4)
                0x08000f10                        __exidx_start = .
 *(.ARM.exidx*)
                0x08000f10                        __exidx_end = .
                0x08000f10                        . = ALIGN (0x4)

.preinit_array  0x08000f10        0x0
                0x08000f10                        . = ALIGN (0x4)
                0x08000f10                        PROVIDE (__preinit_array_start = .)
 *(.preinit_array*)
                0x08000f10                        PROVIDE (__preinit_array_end = .)
                0x08000f10                        . = ALIGN (0x4)

.init_array     0x08000f10        0x4
                0x08000f10                        . = ALIGN (0x4)
                0x08000f10                        PROVIDE (__init_array_start = .)
 *(SORT_BY_NAME(.init_array.*))
 *(.init_array*)
 .init_array    0x08000f10        0x4 C:/ST/STM32CubeCLT_1.18.0/GNU-tools-for-STM32/bin/../lib/gcc/arm-none-eabi/13.3.1/thumb/v6-m/nofp/crtbegin.o
                0x08000f14                        PROVIDE (__init_array_end = .)
                0x08000f14                        . = ALIGN (0x4)

.fini_array     0x08000f14        0x4
                0x08000f14                        . = ALIGN (0x4)
                [!provide]                        PROVIDE (__fini_array_start = .)
 *(SORT_BY_NAME(.fini_array.*))
 *(.fini_array*)
 .fini_array    0x08000f14        0x4 C:/ST/STM32CubeCLT_1.18.0/GNU-tools-for-STM32/bin/../lib/gcc/arm-none-eabi/13.3.1/thumb/v6-m/nofp/crtbegin.o
                [!provide]                        PROVIDE (__fini_array_end = .)
                0x08000f18                        . = ALIGN (0x4)
                0x08000f18                        _sidata = LOADADDR (.data)

.rel.dyn        0x08000f18        0x0
 .rel.iplt      0x08000f18        0x0 C:/ST/STM32CubeCLT_1.18.0/GNU-tools-for-STM32/bin/../lib/gcc/arm-none-eabi/13.3.1/thumb/v6-m/nofp/crtbegin.o

.data           0x20000000       0x54 load address 0x08000f18
                0x20000000                        . = ALIGN (0x4)
                0x20000000                        _sdata = .
 *(.data)
 *(.data*)
 .data.SystemCoreClock
                0x20000000        0x4 mcu_drivers/stm32c0/CMSIS/libcmsis.a(system_stm32c0xx.c.obj)
                0x20000000                SystemCoreClock
 .data._impure_ptr
                0x20000004        0x4 C:/ST/STM32CubeCLT_1.18.0/GNU-tools-for-STM32/bin/../lib/gcc/arm-none-eabi/13.3.1/../../../../arm-none-eabi/lib/thumb/v6-m/nofp\libg_nano.a(libc_a-impure.o)
                0x20000004                _impure_ptr
 .data._impure_data
                0x20000008       0x4c C:/ST/STM32CubeCLT_1.18.0/GNU-tools-for-STM32/bin/../lib/gcc/arm-none-eabi/13.3.1/../../../../arm-none-eabi/lib/thumb/v6-m/nofp\libg_nano.a(libc_a-impure.o)
                0x20000008                _impure_data
 *(.RamFunc)
 *(.RamFunc*)
                0x20000054                        . = ALIGN (0x4)
                0x20000054                        _edata = .

.igot.plt       0x20000054        0x0 load address 0x08000f6c
 .igot.plt      0x20000054        0x0 C:/ST/STM32CubeCLT_1.18.0/GNU-tools-for-STM32/bin/../lib/gcc/arm-none-eabi/13.3.1/thumb/v6-m/nofp/crtbegin.o
                0x20000054                        . = ALIGN (0x4)

.bss            0x20000054      0x160 load address 0x08000f6c
                0x20000054                        _sbss = .
                0x20000054                        __bss_start__ = _sbss
 *(.bss)
 .bss           0x20000054       0x1c C:/ST/STM32CubeCLT_1.18.0/GNU-tools-for-STM32/bin/../lib/gcc/arm-none-eabi/13.3.1/thumb/v6-m/nofp/crtbegin.o
 *(.bss*)
 .bss._ZN12_GLOBAL__N_1L15systick_counterE
                0x20000070        0x4 mcu_drivers/stm32c0/libstm32c0_src.a(systick.cpp.obj)
 .bss.__malloc_free_list
                0x20000074        0x4 C:/ST/STM32CubeCLT_1.18.0/GNU-tools-for-STM32/bin/../lib/gcc/arm-none-eabi/13.3.1/../../../../arm-none-eabi/lib/thumb/v6-m/nofp\libg_nano.a(libc_a-mallocr.o)
                0x20000074                __malloc_free_list
 .bss.__sf      0x20000078      0x138 C:/ST/STM32CubeCLT_1.18.0/GNU-tools-for-STM32/bin/../lib/gcc/arm-none-eabi/13.3.1/../../../../arm-none-eabi/lib/thumb/v6-m/nofp\libg_nano.a(libc_a-findfp.o)
                0x20000078                __sf
 .bss.__lock___malloc_recursive_mutex
                0x200001b0        0x1 C:/ST/STM32CubeCLT_1.18.0/GNU-tools-for-STM32/bin/../lib/gcc/arm-none-eabi/13.3.1/../../../../arm-none-eabi/lib/thumb/v6-m/nofp\libg_nano.a(libc_a-lock.o)
                0x200001b0                __lock___malloc_recursive_mutex
 *(COMMON)
                0x200001b4                        . = ALIGN (0x4)
 *fill*         0x200001b1        0x3 
                0x200001b4                        _ebss = .
                0x200001b4                        __bss_end__ = _ebss

._user_heap_stack
                0x200001b4      0x604 load address 0x08000f6c
                0x200001b8                        . = ALIGN (0x8)
 *fill*         0x200001b4        0x4 
                0x200001b8                        PROVIDE (end = .)
                [!provide]                        PROVIDE (_end = .)
                0x200003b8                        . = (. + _Min_Heap_Size)
 *fill*         0x200001b8      0x200 
                0x200007b8                        . = (. + _Min_Stack_Size)
 *fill*         0x200003b8      0x400 
                0x200007b8                        . = ALIGN (0x8)

/DISCARD/
 libc.a(*)
 libm.a(*)
 libgcc.a(*)

.ARM.attributes
                0x00000000       0x28
 *(.ARM.attributes)
 .ARM.attributes
                0x00000000       0x1e C:/ST/STM32CubeCLT_1.18.0/GNU-tools-for-STM32/bin/../lib/gcc/arm-none-eabi/13.3.1/thumb/v6-m/nofp/crti.o
 .ARM.attributes
                0x0000001e       0x2c C:/ST/STM32CubeCLT_1.18.0/GNU-tools-for-STM32/bin/../lib/gcc/arm-none-eabi/13.3.1/thumb/v6-m/nofp/crtbegin.o
 .ARM.attributes
                0x0000004a       0x2c app/CMakeFiles/stm32c0.dir/main.cpp.obj
 .ARM.attributes
                0x00000076       0x2c mcu_drivers/stm32c0/libstm32c0_src.a(gpio_stm32c0.cpp.obj)
 .ARM.attributes
                0x000000a2       0x2c mcu_drivers/stm32c0/libstm32c0_src.a(systick.cpp.obj)
 .ARM.attributes
                0x000000ce       0x2c mcu_drivers/stm32c0/libstm32c0_src.a(assert.c.obj)
 .ARM.attributes
                0x000000fa       0x2c mcu_drivers/stm32c0/CMSIS/libcmsis.a(system_stm32c0xx.c.obj)
 .ARM.attributes
                0x00000126       0x22 mcu_drivers/stm32c0/CMSIS/libcmsis.a(startup_stm32c031xx.s.obj)
 .ARM.attributes
                0x00000148       0x2c C:/ST/STM32CubeCLT_1.18.0/GNU-tools-for-STM32/bin/../lib/gcc/arm-none-eabi/13.3.1/../../../../arm-none-eabi/lib/thumb/v6-m/nofp\libstdc++_nano.a(del_ops.o)
 .ARM.attributes
                0x00000174       0x2c C:/ST/STM32CubeCLT_1.18.0/GNU-tools-for-STM32/bin/../lib/gcc/arm-none-eabi/13.3.1/../../../../arm-none-eabi/lib/thumb/v6-m/nofp\libstdc++_nano.a(del_op.o)
 .ARM.attributes
                0x000001a0       0x1e C:/ST/STM32CubeCLT_1.18.0/GNU-tools-for-STM32/bin/../lib/gcc/arm-none-eabi/13.3.1/thumb/v6-m/nofp\libgcc.a(_udivsi3.o)
 .ARM.attributes
                0x000001be       0x1e C:/ST/STM32CubeCLT_1.18.0/GNU-tools-for-STM32/bin/../lib/gcc/arm-none-eabi/13.3.1/thumb/v6-m/nofp\libgcc.a(_dvmd_tls.o)
 .ARM.attributes
                0x000001dc       0x2c C:/ST/STM32CubeCLT_1.18.0/GNU-tools-for-STM32/bin/../lib/gcc/arm-none-eabi/13.3.1/../../../../arm-none-eabi/lib/thumb/v6-m/nofp\libg_nano.a(libc_a-malloc.o)
 .ARM.attributes
                0x00000208       0x2c C:/ST/STM32CubeCLT_1.18.0/GNU-tools-for-STM32/bin/../lib/gcc/arm-none-eabi/13.3.1/../../../../arm-none-eabi/lib/thumb/v6-m/nofp\libg_nano.a(libc_a-mallocr.o)
 .ARM.attributes
                0x00000234       0x2c C:/ST/STM32CubeCLT_1.18.0/GNU-tools-for-STM32/bin/../lib/gcc/arm-none-eabi/13.3.1/../../../../arm-none-eabi/lib/thumb/v6-m/nofp\libg_nano.a(libc_a-mlock.o)
 .ARM.attributes
                0x00000260       0x2c C:/ST/STM32CubeCLT_1.18.0/GNU-tools-for-STM32/bin/../lib/gcc/arm-none-eabi/13.3.1/../../../../arm-none-eabi/lib/thumb/v6-m/nofp\libg_nano.a(libc_a-findfp.o)
 .ARM.attributes
                0x0000028c       0x2c C:/ST/STM32CubeCLT_1.18.0/GNU-tools-for-STM32/bin/../lib/gcc/arm-none-eabi/13.3.1/../../../../arm-none-eabi/lib/thumb/v6-m/nofp\libg_nano.a(libc_a-impure.o)
 .ARM.attributes
                0x000002b8       0x2c C:/ST/STM32CubeCLT_1.18.0/GNU-tools-for-STM32/bin/../lib/gcc/arm-none-eabi/13.3.1/../../../../arm-none-eabi/lib/thumb/v6-m/nofp\libg_nano.a(libc_a-init.o)
 .ARM.attributes
                0x000002e4       0x2c C:/ST/STM32CubeCLT_1.18.0/GNU-tools-for-STM32/bin/../lib/gcc/arm-none-eabi/13.3.1/../../../../arm-none-eabi/lib/thumb/v6-m/nofp\libg_nano.a(libc_a-lock.o)
 .ARM.attributes
                0x00000310       0x2c C:/ST/STM32CubeCLT_1.18.0/GNU-tools-for-STM32/bin/../lib/gcc/arm-none-eabi/13.3.1/../../../../arm-none-eabi/lib/thumb/v6-m/nofp\libg_nano.a(libc_a-freer.o)
 .ARM.attributes
                0x0000033c       0x1e C:/ST/STM32CubeCLT_1.18.0/GNU-tools-for-STM32/bin/../lib/gcc/arm-none-eabi/13.3.1/thumb/v6-m/nofp/crtn.o
OUTPUT(app\stm32c0.elf elf32-littlearm)
LOAD linker stubs
LOAD C:/ST/STM32CubeCLT_1.18.0/GNU-tools-for-STM32/bin/../lib/gcc/arm-none-eabi/13.3.1/../../../../arm-none-eabi/lib/thumb/v6-m/nofp\libc.a
LOAD C:/ST/STM32CubeCLT_1.18.0/GNU-tools-for-STM32/bin/../lib/gcc/arm-none-eabi/13.3.1/../../../../arm-none-eabi/lib/thumb/v6-m/nofp\libm.a
LOAD C:/ST/STM32CubeCLT_1.18.0/GNU-tools-for-STM32/bin/../lib/gcc/arm-none-eabi/13.3.1/thumb/v6-m/nofp\libgcc.a

.debug_info     0x00000000    0x101d8
 .debug_info    0x00000000     0x52ef app/CMakeFiles/stm32c0.dir/main.cpp.obj
 .debug_info    0x000052ef      0xe96 mcu_drivers/stm32c0/libstm32c0_src.a(gpio_stm32c0.cpp.obj)
 .debug_info    0x00006185     0x6127 mcu_drivers/stm32c0/libstm32c0_src.a(systick.cpp.obj)
 .debug_info    0x0000c2ac       0x8f mcu_drivers/stm32c0/libstm32c0_src.a(assert.c.obj)
 .debug_info    0x0000c33b      0x368 mcu_drivers/stm32c0/CMSIS/libcmsis.a(system_stm32c0xx.c.obj)
 .debug_info    0x0000c6a3       0x30 mcu_drivers/stm32c0/CMSIS/libcmsis.a(startup_stm32c031xx.s.obj)
 .debug_info    0x0000c6d3      0x7a0 C:/ST/STM32CubeCLT_1.18.0/GNU-tools-for-STM32/bin/../lib/gcc/arm-none-eabi/13.3.1/../../../../arm-none-eabi/lib/thumb/v6-m/nofp\libg_nano.a(libc_a-malloc.o)
 .debug_info    0x0000ce73      0x9c8 C:/ST/STM32CubeCLT_1.18.0/GNU-tools-for-STM32/bin/../lib/gcc/arm-none-eabi/13.3.1/../../../../arm-none-eabi/lib/thumb/v6-m/nofp\libg_nano.a(libc_a-mallocr.o)
 .debug_info    0x0000d83b      0x76b C:/ST/STM32CubeCLT_1.18.0/GNU-tools-for-STM32/bin/../lib/gcc/arm-none-eabi/13.3.1/../../../../arm-none-eabi/lib/thumb/v6-m/nofp\libg_nano.a(libc_a-mlock.o)
 .debug_info    0x0000dfa6      0xfb0 C:/ST/STM32CubeCLT_1.18.0/GNU-tools-for-STM32/bin/../lib/gcc/arm-none-eabi/13.3.1/../../../../arm-none-eabi/lib/thumb/v6-m/nofp\libg_nano.a(libc_a-findfp.o)
 .debug_info    0x0000ef56      0x715 C:/ST/STM32CubeCLT_1.18.0/GNU-tools-for-STM32/bin/../lib/gcc/arm-none-eabi/13.3.1/../../../../arm-none-eabi/lib/thumb/v6-m/nofp\libg_nano.a(libc_a-impure.o)
 .debug_info    0x0000f66b      0x10b C:/ST/STM32CubeCLT_1.18.0/GNU-tools-for-STM32/bin/../lib/gcc/arm-none-eabi/13.3.1/../../../../arm-none-eabi/lib/thumb/v6-m/nofp\libg_nano.a(libc_a-init.o)
 .debug_info    0x0000f776      0x218 C:/ST/STM32CubeCLT_1.18.0/GNU-tools-for-STM32/bin/../lib/gcc/arm-none-eabi/13.3.1/../../../../arm-none-eabi/lib/thumb/v6-m/nofp\libg_nano.a(libc_a-lock.o)
 .debug_info    0x0000f98e      0x84a C:/ST/STM32CubeCLT_1.18.0/GNU-tools-for-STM32/bin/../lib/gcc/arm-none-eabi/13.3.1/../../../../arm-none-eabi/lib/thumb/v6-m/nofp\libg_nano.a(libc_a-freer.o)

.debug_abbrev   0x00000000     0x2c38
 .debug_abbrev  0x00000000      0xa2d app/CMakeFiles/stm32c0.dir/main.cpp.obj
 .debug_abbrev  0x00000a2d      0x4bb mcu_drivers/stm32c0/libstm32c0_src.a(gpio_stm32c0.cpp.obj)
 .debug_abbrev  0x00000ee8      0xc86 mcu_drivers/stm32c0/libstm32c0_src.a(systick.cpp.obj)
 .debug_abbrev  0x00001b6e       0x67 mcu_drivers/stm32c0/libstm32c0_src.a(assert.c.obj)
 .debug_abbrev  0x00001bd5      0x117 mcu_drivers/stm32c0/CMSIS/libcmsis.a(system_stm32c0xx.c.obj)
 .debug_abbrev  0x00001cec       0x24 mcu_drivers/stm32c0/CMSIS/libcmsis.a(startup_stm32c031xx.s.obj)
 .debug_abbrev  0x00001d10      0x1cc C:/ST/STM32CubeCLT_1.18.0/GNU-tools-for-STM32/bin/../lib/gcc/arm-none-eabi/13.3.1/../../../../arm-none-eabi/lib/thumb/v6-m/nofp\libg_nano.a(libc_a-malloc.o)
 .debug_abbrev  0x00001edc      0x241 C:/ST/STM32CubeCLT_1.18.0/GNU-tools-for-STM32/bin/../lib/gcc/arm-none-eabi/13.3.1/../../../../arm-none-eabi/lib/thumb/v6-m/nofp\libg_nano.a(libc_a-mallocr.o)
 .debug_abbrev  0x0000211d      0x1bc C:/ST/STM32CubeCLT_1.18.0/GNU-tools-for-STM32/bin/../lib/gcc/arm-none-eabi/13.3.1/../../../../arm-none-eabi/lib/thumb/v6-m/nofp\libg_nano.a(libc_a-mlock.o)
 .debug_abbrev  0x000022d9      0x405 C:/ST/STM32CubeCLT_1.18.0/GNU-tools-for-STM32/bin/../lib/gcc/arm-none-eabi/13.3.1/../../../../arm-none-eabi/lib/thumb/v6-m/nofp\libg_nano.a(libc_a-findfp.o)
 .debug_abbrev  0x000026de      0x149 C:/ST/STM32CubeCLT_1.18.0/GNU-tools-for-STM32/bin/../lib/gcc/arm-none-eabi/13.3.1/../../../../arm-none-eabi/lib/thumb/v6-m/nofp\libg_nano.a(libc_a-impure.o)
 .debug_abbrev  0x00002827       0xc9 C:/ST/STM32CubeCLT_1.18.0/GNU-tools-for-STM32/bin/../lib/gcc/arm-none-eabi/13.3.1/../../../../arm-none-eabi/lib/thumb/v6-m/nofp\libg_nano.a(libc_a-init.o)
 .debug_abbrev  0x000028f0      0x115 C:/ST/STM32CubeCLT_1.18.0/GNU-tools-for-STM32/bin/../lib/gcc/arm-none-eabi/13.3.1/../../../../arm-none-eabi/lib/thumb/v6-m/nofp\libg_nano.a(libc_a-lock.o)
 .debug_abbrev  0x00002a05      0x233 C:/ST/STM32CubeCLT_1.18.0/GNU-tools-for-STM32/bin/../lib/gcc/arm-none-eabi/13.3.1/../../../../arm-none-eabi/lib/thumb/v6-m/nofp\libg_nano.a(libc_a-freer.o)

.debug_aranges  0x00000000      0x368
 .debug_aranges
                0x00000000       0x28 app/CMakeFiles/stm32c0.dir/main.cpp.obj
 .debug_aranges
                0x00000028       0x78 mcu_drivers/stm32c0/libstm32c0_src.a(gpio_stm32c0.cpp.obj)
 .debug_aranges
                0x000000a0       0xa8 mcu_drivers/stm32c0/libstm32c0_src.a(systick.cpp.obj)
 .debug_aranges
                0x00000148       0x20 mcu_drivers/stm32c0/libstm32c0_src.a(assert.c.obj)
 .debug_aranges
                0x00000168       0x28 mcu_drivers/stm32c0/CMSIS/libcmsis.a(system_stm32c0xx.c.obj)
 .debug_aranges
                0x00000190       0x28 mcu_drivers/stm32c0/CMSIS/libcmsis.a(startup_stm32c031xx.s.obj)
 .debug_aranges
                0x000001b8       0x28 C:/ST/STM32CubeCLT_1.18.0/GNU-tools-for-STM32/bin/../lib/gcc/arm-none-eabi/13.3.1/../../../../arm-none-eabi/lib/thumb/v6-m/nofp\libg_nano.a(libc_a-malloc.o)
 .debug_aranges
                0x000001e0       0x28 C:/ST/STM32CubeCLT_1.18.0/GNU-tools-for-STM32/bin/../lib/gcc/arm-none-eabi/13.3.1/../../../../arm-none-eabi/lib/thumb/v6-m/nofp\libg_nano.a(libc_a-mallocr.o)
 .debug_aranges
                0x00000208       0x28 C:/ST/STM32CubeCLT_1.18.0/GNU-tools-for-STM32/bin/../lib/gcc/arm-none-eabi/13.3.1/../../../../arm-none-eabi/lib/thumb/v6-m/nofp\libg_nano.a(libc_a-mlock.o)
 .debug_aranges
                0x00000230       0x78 C:/ST/STM32CubeCLT_1.18.0/GNU-tools-for-STM32/bin/../lib/gcc/arm-none-eabi/13.3.1/../../../../arm-none-eabi/lib/thumb/v6-m/nofp\libg_nano.a(libc_a-findfp.o)
 .debug_aranges
                0x000002a8       0x18 C:/ST/STM32CubeCLT_1.18.0/GNU-tools-for-STM32/bin/../lib/gcc/arm-none-eabi/13.3.1/../../../../arm-none-eabi/lib/thumb/v6-m/nofp\libg_nano.a(libc_a-impure.o)
 .debug_aranges
                0x000002c0       0x20 C:/ST/STM32CubeCLT_1.18.0/GNU-tools-for-STM32/bin/../lib/gcc/arm-none-eabi/13.3.1/../../../../arm-none-eabi/lib/thumb/v6-m/nofp\libg_nano.a(libc_a-init.o)
 .debug_aranges
                0x000002e0       0x68 C:/ST/STM32CubeCLT_1.18.0/GNU-tools-for-STM32/bin/../lib/gcc/arm-none-eabi/13.3.1/../../../../arm-none-eabi/lib/thumb/v6-m/nofp\libg_nano.a(libc_a-lock.o)
 .debug_aranges
                0x00000348       0x20 C:/ST/STM32CubeCLT_1.18.0/GNU-tools-for-STM32/bin/../lib/gcc/arm-none-eabi/13.3.1/../../../../arm-none-eabi/lib/thumb/v6-m/nofp\libg_nano.a(libc_a-freer.o)

.debug_rnglists
                0x00000000      0x26d
 .debug_rnglists
                0x00000000       0x19 app/CMakeFiles/stm32c0.dir/main.cpp.obj
 .debug_rnglists
                0x00000019       0x57 mcu_drivers/stm32c0/libstm32c0_src.a(gpio_stm32c0.cpp.obj)
 .debug_rnglists
                0x00000070       0x7b mcu_drivers/stm32c0/libstm32c0_src.a(systick.cpp.obj)
 .debug_rnglists
                0x000000eb       0x13 mcu_drivers/stm32c0/libstm32c0_src.a(assert.c.obj)
 .debug_rnglists
                0x000000fe       0x1a mcu_drivers/stm32c0/CMSIS/libcmsis.a(system_stm32c0xx.c.obj)
 .debug_rnglists
                0x00000118       0x19 mcu_drivers/stm32c0/CMSIS/libcmsis.a(startup_stm32c031xx.s.obj)
 .debug_rnglists
                0x00000131       0x19 C:/ST/STM32CubeCLT_1.18.0/GNU-tools-for-STM32/bin/../lib/gcc/arm-none-eabi/13.3.1/../../../../arm-none-eabi/lib/thumb/v6-m/nofp\libg_nano.a(libc_a-malloc.o)
 .debug_rnglists
                0x0000014a       0x2c C:/ST/STM32CubeCLT_1.18.0/GNU-tools-for-STM32/bin/../lib/gcc/arm-none-eabi/13.3.1/../../../../arm-none-eabi/lib/thumb/v6-m/nofp\libg_nano.a(libc_a-mallocr.o)
 .debug_rnglists
                0x00000176       0x19 C:/ST/STM32CubeCLT_1.18.0/GNU-tools-for-STM32/bin/../lib/gcc/arm-none-eabi/13.3.1/../../../../arm-none-eabi/lib/thumb/v6-m/nofp\libg_nano.a(libc_a-mlock.o)
 .debug_rnglists
                0x0000018f       0x6e C:/ST/STM32CubeCLT_1.18.0/GNU-tools-for-STM32/bin/../lib/gcc/arm-none-eabi/13.3.1/../../../../arm-none-eabi/lib/thumb/v6-m/nofp\libg_nano.a(libc_a-findfp.o)
 .debug_rnglists
                0x000001fd       0x13 C:/ST/STM32CubeCLT_1.18.0/GNU-tools-for-STM32/bin/../lib/gcc/arm-none-eabi/13.3.1/../../../../arm-none-eabi/lib/thumb/v6-m/nofp\libg_nano.a(libc_a-init.o)
 .debug_rnglists
                0x00000210       0x49 C:/ST/STM32CubeCLT_1.18.0/GNU-tools-for-STM32/bin/../lib/gcc/arm-none-eabi/13.3.1/../../../../arm-none-eabi/lib/thumb/v6-m/nofp\libg_nano.a(libc_a-lock.o)
 .debug_rnglists
                0x00000259       0x14 C:/ST/STM32CubeCLT_1.18.0/GNU-tools-for-STM32/bin/../lib/gcc/arm-none-eabi/13.3.1/../../../../arm-none-eabi/lib/thumb/v6-m/nofp\libg_nano.a(libc_a-freer.o)

.debug_line     0x00000000     0x39ad
 .debug_line    0x00000000      0x94d app/CMakeFiles/stm32c0.dir/main.cpp.obj
 .debug_line    0x0000094d      0x809 mcu_drivers/stm32c0/libstm32c0_src.a(gpio_stm32c0.cpp.obj)
 .debug_line    0x00001156      0xd10 mcu_drivers/stm32c0/libstm32c0_src.a(systick.cpp.obj)
 .debug_line    0x00001e66       0x9c mcu_drivers/stm32c0/libstm32c0_src.a(assert.c.obj)
 .debug_line    0x00001f02      0x368 mcu_drivers/stm32c0/CMSIS/libcmsis.a(system_stm32c0xx.c.obj)
 .debug_line    0x0000226a       0x7d mcu_drivers/stm32c0/CMSIS/libcmsis.a(startup_stm32c031xx.s.obj)
 .debug_line    0x000022e7      0x210 C:/ST/STM32CubeCLT_1.18.0/GNU-tools-for-STM32/bin/../lib/gcc/arm-none-eabi/13.3.1/../../../../arm-none-eabi/lib/thumb/v6-m/nofp\libg_nano.a(libc_a-malloc.o)
 .debug_line    0x000024f7      0x506 C:/ST/STM32CubeCLT_1.18.0/GNU-tools-for-STM32/bin/../lib/gcc/arm-none-eabi/13.3.1/../../../../arm-none-eabi/lib/thumb/v6-m/nofp\libg_nano.a(libc_a-mallocr.o)
 .debug_line    0x000029fd      0x1ff C:/ST/STM32CubeCLT_1.18.0/GNU-tools-for-STM32/bin/../lib/gcc/arm-none-eabi/13.3.1/../../../../arm-none-eabi/lib/thumb/v6-m/nofp\libg_nano.a(libc_a-mlock.o)
 .debug_line    0x00002bfc      0x634 C:/ST/STM32CubeCLT_1.18.0/GNU-tools-for-STM32/bin/../lib/gcc/arm-none-eabi/13.3.1/../../../../arm-none-eabi/lib/thumb/v6-m/nofp\libg_nano.a(libc_a-findfp.o)
 .debug_line    0x00003230      0x163 C:/ST/STM32CubeCLT_1.18.0/GNU-tools-for-STM32/bin/../lib/gcc/arm-none-eabi/13.3.1/../../../../arm-none-eabi/lib/thumb/v6-m/nofp\libg_nano.a(libc_a-impure.o)
 .debug_line    0x00003393      0x16c C:/ST/STM32CubeCLT_1.18.0/GNU-tools-for-STM32/bin/../lib/gcc/arm-none-eabi/13.3.1/../../../../arm-none-eabi/lib/thumb/v6-m/nofp\libg_nano.a(libc_a-init.o)
 .debug_line    0x000034ff      0x19b C:/ST/STM32CubeCLT_1.18.0/GNU-tools-for-STM32/bin/../lib/gcc/arm-none-eabi/13.3.1/../../../../arm-none-eabi/lib/thumb/v6-m/nofp\libg_nano.a(libc_a-lock.o)
 .debug_line    0x0000369a      0x313 C:/ST/STM32CubeCLT_1.18.0/GNU-tools-for-STM32/bin/../lib/gcc/arm-none-eabi/13.3.1/../../../../arm-none-eabi/lib/thumb/v6-m/nofp\libg_nano.a(libc_a-freer.o)

.debug_str      0x00000000     0x6c02
 .debug_str     0x00000000     0x6c02 app/CMakeFiles/stm32c0.dir/main.cpp.obj
                               0x5007 (size before relaxing)
 .debug_str     0x00006c02      0xa5d mcu_drivers/stm32c0/libstm32c0_src.a(gpio_stm32c0.cpp.obj)
 .debug_str     0x00006c02     0x5f49 mcu_drivers/stm32c0/libstm32c0_src.a(systick.cpp.obj)
 .debug_str     0x00006c02      0x162 mcu_drivers/stm32c0/libstm32c0_src.a(assert.c.obj)
 .debug_str     0x00006c02      0x32e mcu_drivers/stm32c0/CMSIS/libcmsis.a(system_stm32c0xx.c.obj)
 .debug_str     0x00006c02       0xff mcu_drivers/stm32c0/CMSIS/libcmsis.a(startup_stm32c031xx.s.obj)
 .debug_str     0x00006c02      0x54f C:/ST/STM32CubeCLT_1.18.0/GNU-tools-for-STM32/bin/../lib/gcc/arm-none-eabi/13.3.1/../../../../arm-none-eabi/lib/thumb/v6-m/nofp\libg_nano.a(libc_a-malloc.o)
 .debug_str     0x00006c02      0x60b C:/ST/STM32CubeCLT_1.18.0/GNU-tools-for-STM32/bin/../lib/gcc/arm-none-eabi/13.3.1/../../../../arm-none-eabi/lib/thumb/v6-m/nofp\libg_nano.a(libc_a-mallocr.o)
 .debug_str     0x00006c02      0x5ac C:/ST/STM32CubeCLT_1.18.0/GNU-tools-for-STM32/bin/../lib/gcc/arm-none-eabi/13.3.1/../../../../arm-none-eabi/lib/thumb/v6-m/nofp\libg_nano.a(libc_a-mlock.o)
 .debug_str     0x00006c02      0x7ad C:/ST/STM32CubeCLT_1.18.0/GNU-tools-for-STM32/bin/../lib/gcc/arm-none-eabi/13.3.1/../../../../arm-none-eabi/lib/thumb/v6-m/nofp\libg_nano.a(libc_a-findfp.o)
 .debug_str     0x00006c02      0x52a C:/ST/STM32CubeCLT_1.18.0/GNU-tools-for-STM32/bin/../lib/gcc/arm-none-eabi/13.3.1/../../../../arm-none-eabi/lib/thumb/v6-m/nofp\libg_nano.a(libc_a-impure.o)
 .debug_str     0x00006c02      0x26b C:/ST/STM32CubeCLT_1.18.0/GNU-tools-for-STM32/bin/../lib/gcc/arm-none-eabi/13.3.1/../../../../arm-none-eabi/lib/thumb/v6-m/nofp\libg_nano.a(libc_a-init.o)
 .debug_str     0x00006c02      0x3a1 C:/ST/STM32CubeCLT_1.18.0/GNU-tools-for-STM32/bin/../lib/gcc/arm-none-eabi/13.3.1/../../../../arm-none-eabi/lib/thumb/v6-m/nofp\libg_nano.a(libc_a-lock.o)
 .debug_str     0x00006c02      0x5aa C:/ST/STM32CubeCLT_1.18.0/GNU-tools-for-STM32/bin/../lib/gcc/arm-none-eabi/13.3.1/../../../../arm-none-eabi/lib/thumb/v6-m/nofp\libg_nano.a(libc_a-freer.o)

.comment        0x00000000       0x43
 .comment       0x00000000       0x43 app/CMakeFiles/stm32c0.dir/main.cpp.obj
                                 0x44 (size before relaxing)
 .comment       0x00000043       0x44 mcu_drivers/stm32c0/libstm32c0_src.a(gpio_stm32c0.cpp.obj)
 .comment       0x00000043       0x44 mcu_drivers/stm32c0/libstm32c0_src.a(systick.cpp.obj)
 .comment       0x00000043       0x44 mcu_drivers/stm32c0/libstm32c0_src.a(assert.c.obj)
 .comment       0x00000043       0x44 mcu_drivers/stm32c0/CMSIS/libcmsis.a(system_stm32c0xx.c.obj)
 .comment       0x00000043       0x44 C:/ST/STM32CubeCLT_1.18.0/GNU-tools-for-STM32/bin/../lib/gcc/arm-none-eabi/13.3.1/../../../../arm-none-eabi/lib/thumb/v6-m/nofp\libg_nano.a(libc_a-malloc.o)
 .comment       0x00000043       0x44 C:/ST/STM32CubeCLT_1.18.0/GNU-tools-for-STM32/bin/../lib/gcc/arm-none-eabi/13.3.1/../../../../arm-none-eabi/lib/thumb/v6-m/nofp\libg_nano.a(libc_a-mallocr.o)
 .comment       0x00000043       0x44 C:/ST/STM32CubeCLT_1.18.0/GNU-tools-for-STM32/bin/../lib/gcc/arm-none-eabi/13.3.1/../../../../arm-none-eabi/lib/thumb/v6-m/nofp\libg_nano.a(libc_a-mlock.o)
 .comment       0x00000043       0x44 C:/ST/STM32CubeCLT_1.18.0/GNU-tools-for-STM32/bin/../lib/gcc/arm-none-eabi/13.3.1/../../../../arm-none-eabi/lib/thumb/v6-m/nofp\libg_nano.a(libc_a-findfp.o)
 .comment       0x00000043       0x44 C:/ST/STM32CubeCLT_1.18.0/GNU-tools-for-STM32/bin/../lib/gcc/arm-none-eabi/13.3.1/../../../../arm-none-eabi/lib/thumb/v6-m/nofp\libg_nano.a(libc_a-impure.o)
 .comment       0x00000043       0x44 C:/ST/STM32CubeCLT_1.18.0/GNU-tools-for-STM32/bin/../lib/gcc/arm-none-eabi/13.3.1/../../../../arm-none-eabi/lib/thumb/v6-m/nofp\libg_nano.a(libc_a-init.o)
 .comment       0x00000043       0x44 C:/ST/STM32CubeCLT_1.18.0/GNU-tools-for-STM32/bin/../lib/gcc/arm-none-eabi/13.3.1/../../../../arm-none-eabi/lib/thumb/v6-m/nofp\libg_nano.a(libc_a-lock.o)
 .comment       0x00000043       0x44 C:/ST/STM32CubeCLT_1.18.0/GNU-tools-for-STM32/bin/../lib/gcc/arm-none-eabi/13.3.1/../../../../arm-none-eabi/lib/thumb/v6-m/nofp\libg_nano.a(libc_a-freer.o)

.debug_frame    0x00000000      0x828
 .debug_frame   0x00000000       0x50 app/CMakeFiles/stm32c0.dir/main.cpp.obj
 .debug_frame   0x00000050      0x190 mcu_drivers/stm32c0/libstm32c0_src.a(gpio_stm32c0.cpp.obj)
 .debug_frame   0x000001e0      0x24c mcu_drivers/stm32c0/libstm32c0_src.a(systick.cpp.obj)
 .debug_frame   0x0000042c       0x30 mcu_drivers/stm32c0/libstm32c0_src.a(assert.c.obj)
 .debug_frame   0x0000045c       0x4c mcu_drivers/stm32c0/CMSIS/libcmsis.a(system_stm32c0xx.c.obj)
 .debug_frame   0x000004a8       0x28 C:/ST/STM32CubeCLT_1.18.0/GNU-tools-for-STM32/bin/../lib/gcc/arm-none-eabi/13.3.1/../../../../arm-none-eabi/lib/thumb/v6-m/nofp\libstdc++_nano.a(del_ops.o)
 .debug_frame   0x000004d0       0x28 C:/ST/STM32CubeCLT_1.18.0/GNU-tools-for-STM32/bin/../lib/gcc/arm-none-eabi/13.3.1/../../../../arm-none-eabi/lib/thumb/v6-m/nofp\libstdc++_nano.a(del_op.o)
 .debug_frame   0x000004f8       0x20 C:/ST/STM32CubeCLT_1.18.0/GNU-tools-for-STM32/bin/../lib/gcc/arm-none-eabi/13.3.1/thumb/v6-m/nofp\libgcc.a(_udivsi3.o)
 .debug_frame   0x00000518       0x40 C:/ST/STM32CubeCLT_1.18.0/GNU-tools-for-STM32/bin/../lib/gcc/arm-none-eabi/13.3.1/../../../../arm-none-eabi/lib/thumb/v6-m/nofp\libg_nano.a(libc_a-malloc.o)
 .debug_frame   0x00000558       0x50 C:/ST/STM32CubeCLT_1.18.0/GNU-tools-for-STM32/bin/../lib/gcc/arm-none-eabi/13.3.1/../../../../arm-none-eabi/lib/thumb/v6-m/nofp\libg_nano.a(libc_a-mallocr.o)
 .debug_frame   0x000005a8       0x40 C:/ST/STM32CubeCLT_1.18.0/GNU-tools-for-STM32/bin/../lib/gcc/arm-none-eabi/13.3.1/../../../../arm-none-eabi/lib/thumb/v6-m/nofp\libg_nano.a(libc_a-mlock.o)
 .debug_frame   0x000005e8      0x138 C:/ST/STM32CubeCLT_1.18.0/GNU-tools-for-STM32/bin/../lib/gcc/arm-none-eabi/13.3.1/../../../../arm-none-eabi/lib/thumb/v6-m/nofp\libg_nano.a(libc_a-findfp.o)
 .debug_frame   0x00000720       0x2c C:/ST/STM32CubeCLT_1.18.0/GNU-tools-for-STM32/bin/../lib/gcc/arm-none-eabi/13.3.1/../../../../arm-none-eabi/lib/thumb/v6-m/nofp\libg_nano.a(libc_a-init.o)
 .debug_frame   0x0000074c       0xb0 C:/ST/STM32CubeCLT_1.18.0/GNU-tools-for-STM32/bin/../lib/gcc/arm-none-eabi/13.3.1/../../../../arm-none-eabi/lib/thumb/v6-m/nofp\libg_nano.a(libc_a-lock.o)
 .debug_frame   0x000007fc       0x2c C:/ST/STM32CubeCLT_1.18.0/GNU-tools-for-STM32/bin/../lib/gcc/arm-none-eabi/13.3.1/../../../../arm-none-eabi/lib/thumb/v6-m/nofp\libg_nano.a(libc_a-freer.o)

.debug_line_str
                0x00000000       0xe3
 .debug_line_str
                0x00000000       0xe3 mcu_drivers/stm32c0/CMSIS/libcmsis.a(startup_stm32c031xx.s.obj)

.debug_loclists
                0x00000000      0x71c
 .debug_loclists
                0x00000000       0x54 C:/ST/STM32CubeCLT_1.18.0/GNU-tools-for-STM32/bin/../lib/gcc/arm-none-eabi/13.3.1/../../../../arm-none-eabi/lib/thumb/v6-m/nofp\libg_nano.a(libc_a-malloc.o)
 .debug_loclists
                0x00000054      0x288 C:/ST/STM32CubeCLT_1.18.0/GNU-tools-for-STM32/bin/../lib/gcc/arm-none-eabi/13.3.1/../../../../arm-none-eabi/lib/thumb/v6-m/nofp\libg_nano.a(libc_a-mallocr.o)
 .debug_loclists
                0x000002dc       0x46 C:/ST/STM32CubeCLT_1.18.0/GNU-tools-for-STM32/bin/../lib/gcc/arm-none-eabi/13.3.1/../../../../arm-none-eabi/lib/thumb/v6-m/nofp\libg_nano.a(libc_a-mlock.o)
 .debug_loclists
                0x00000322      0x2c7 C:/ST/STM32CubeCLT_1.18.0/GNU-tools-for-STM32/bin/../lib/gcc/arm-none-eabi/13.3.1/../../../../arm-none-eabi/lib/thumb/v6-m/nofp\libg_nano.a(libc_a-findfp.o)
 .debug_loclists
                0x000005e9       0x42 C:/ST/STM32CubeCLT_1.18.0/GNU-tools-for-STM32/bin/../lib/gcc/arm-none-eabi/13.3.1/../../../../arm-none-eabi/lib/thumb/v6-m/nofp\libg_nano.a(libc_a-init.o)
 .debug_loclists
                0x0000062b       0x29 C:/ST/STM32CubeCLT_1.18.0/GNU-tools-for-STM32/bin/../lib/gcc/arm-none-eabi/13.3.1/../../../../arm-none-eabi/lib/thumb/v6-m/nofp\libg_nano.a(libc_a-lock.o)
 .debug_loclists
                0x00000654       0xc8 C:/ST/STM32CubeCLT_1.18.0/GNU-tools-for-STM32/bin/../lib/gcc/arm-none-eabi/13.3.1/../../../../arm-none-eabi/lib/thumb/v6-m/nofp\libg_nano.a(libc_a-freer.o)

Cross Reference Table

Symbol                                            File
ADC1_IRQHandler                                   mcu_drivers/stm32c0/CMSIS/libcmsis.a(startup_stm32c031xx.s.obj)
AHBPrescTable                                     mcu_drivers/stm32c0/CMSIS/libcmsis.a(system_stm32c0xx.c.obj)
APBPrescTable                                     mcu_drivers/stm32c0/CMSIS/libcmsis.a(system_stm32c0xx.c.obj)
DMA1_Channel1_IRQHandler                          mcu_drivers/stm32c0/CMSIS/libcmsis.a(startup_stm32c031xx.s.obj)
DMA1_Channel2_3_IRQHandler                        mcu_drivers/stm32c0/CMSIS/libcmsis.a(startup_stm32c031xx.s.obj)
DMAMUX1_IRQHandler                                mcu_drivers/stm32c0/CMSIS/libcmsis.a(startup_stm32c031xx.s.obj)
Default_Handler                                   mcu_drivers/stm32c0/CMSIS/libcmsis.a(startup_stm32c031xx.s.obj)
EXTI0_1_IRQHandler                                mcu_drivers/stm32c0/CMSIS/libcmsis.a(startup_stm32c031xx.s.obj)
EXTI2_3_IRQHandler                                mcu_drivers/stm32c0/CMSIS/libcmsis.a(startup_stm32c031xx.s.obj)
EXTI4_15_IRQHandler                               mcu_drivers/stm32c0/CMSIS/libcmsis.a(startup_stm32c031xx.s.obj)
FLASH_IRQHandler                                  mcu_drivers/stm32c0/CMSIS/libcmsis.a(startup_stm32c031xx.s.obj)
HardFault_Handler                                 mcu_drivers/stm32c0/CMSIS/libcmsis.a(startup_stm32c031xx.s.obj)
I2C1_IRQHandler                                   mcu_drivers/stm32c0/CMSIS/libcmsis.a(startup_stm32c031xx.s.obj)
NMI_Handler                                       mcu_drivers/stm32c0/CMSIS/libcmsis.a(startup_stm32c031xx.s.obj)
PendSV_Handler                                    mcu_drivers/stm32c0/CMSIS/libcmsis.a(startup_stm32c031xx.s.obj)
RCC_IRQHandler                                    mcu_drivers/stm32c0/CMSIS/libcmsis.a(startup_stm32c031xx.s.obj)
RTC_IRQHandler                                    mcu_drivers/stm32c0/CMSIS/libcmsis.a(startup_stm32c031xx.s.obj)
Reset_Handler                                     mcu_drivers/stm32c0/CMSIS/libcmsis.a(startup_stm32c031xx.s.obj)
SPI1_IRQHandler                                   mcu_drivers/stm32c0/CMSIS/libcmsis.a(startup_stm32c031xx.s.obj)
SVC_Handler                                       mcu_drivers/stm32c0/CMSIS/libcmsis.a(startup_stm32c031xx.s.obj)
SysTick_Handler                                   mcu_drivers/stm32c0/libstm32c0_src.a(systick.cpp.obj)
SystemCoreClock                                   mcu_drivers/stm32c0/CMSIS/libcmsis.a(system_stm32c0xx.c.obj)
                                                  mcu_drivers/stm32c0/libstm32c0_src.a(systick.cpp.obj)
SystemCoreClockUpdate                             mcu_drivers/stm32c0/CMSIS/libcmsis.a(system_stm32c0xx.c.obj)
                                                  mcu_drivers/stm32c0/libstm32c0_src.a(systick.cpp.obj)
SystemInit                                        mcu_drivers/stm32c0/CMSIS/libcmsis.a(system_stm32c0xx.c.obj)
                                                  mcu_drivers/stm32c0/CMSIS/libcmsis.a(startup_stm32c031xx.s.obj)
TIM14_IRQHandler                                  mcu_drivers/stm32c0/CMSIS/libcmsis.a(startup_stm32c031xx.s.obj)
TIM16_IRQHandler                                  mcu_drivers/stm32c0/CMSIS/libcmsis.a(startup_stm32c031xx.s.obj)
TIM17_IRQHandler                                  mcu_drivers/stm32c0/CMSIS/libcmsis.a(startup_stm32c031xx.s.obj)
TIM1_BRK_UP_TRG_COM_IRQHandler                    mcu_drivers/stm32c0/CMSIS/libcmsis.a(startup_stm32c031xx.s.obj)
TIM1_CC_IRQHandler                                mcu_drivers/stm32c0/CMSIS/libcmsis.a(startup_stm32c031xx.s.obj)
TIM3_IRQHandler                                   mcu_drivers/stm32c0/CMSIS/libcmsis.a(startup_stm32c031xx.s.obj)
USART1_IRQHandler                                 mcu_drivers/stm32c0/CMSIS/libcmsis.a(startup_stm32c031xx.s.obj)
USART2_IRQHandler                                 mcu_drivers/stm32c0/CMSIS/libcmsis.a(startup_stm32c031xx.s.obj)
WWDG_IRQHandler                                   mcu_drivers/stm32c0/CMSIS/libcmsis.a(startup_stm32c031xx.s.obj)
__aeabi_idiv0                                     C:/ST/STM32CubeCLT_1.18.0/GNU-tools-for-STM32/bin/../lib/gcc/arm-none-eabi/13.3.1/thumb/v6-m/nofp\libgcc.a(_dvmd_tls.o)
                                                  C:/ST/STM32CubeCLT_1.18.0/GNU-tools-for-STM32/bin/../lib/gcc/arm-none-eabi/13.3.1/thumb/v6-m/nofp\libgcc.a(_udivsi3.o)
__aeabi_ldiv0                                     C:/ST/STM32CubeCLT_1.18.0/GNU-tools-for-STM32/bin/../lib/gcc/arm-none-eabi/13.3.1/thumb/v6-m/nofp\libgcc.a(_dvmd_tls.o)
__aeabi_lmul                                      C:/ST/STM32CubeCLT_1.18.0/GNU-tools-for-STM32/bin/../lib/gcc/arm-none-eabi/13.3.1/thumb/v6-m/nofp\libgcc.a(_muldi3.o)
                                                  mcu_drivers/stm32c0/libstm32c0_src.a(systick.cpp.obj)
__aeabi_uidiv                                     C:/ST/STM32CubeCLT_1.18.0/GNU-tools-for-STM32/bin/../lib/gcc/arm-none-eabi/13.3.1/thumb/v6-m/nofp\libgcc.a(_udivsi3.o)
                                                  mcu_drivers/stm32c0/CMSIS/libcmsis.a(system_stm32c0xx.c.obj)
                                                  mcu_drivers/stm32c0/libstm32c0_src.a(systick.cpp.obj)
__aeabi_uidivmod                                  C:/ST/STM32CubeCLT_1.18.0/GNU-tools-for-STM32/bin/../lib/gcc/arm-none-eabi/13.3.1/thumb/v6-m/nofp\libgcc.a(_udivsi3.o)
__assert_func                                     mcu_drivers/stm32c0/libstm32c0_src.a(assert.c.obj)
                                                  mcu_drivers/stm32c0/libstm32c0_src.a(gpio_stm32c0.cpp.obj)
__bss_end__                                       C:/ST/STM32CubeCLT_1.18.0/GNU-tools-for-STM32/bin/../lib/gcc/arm-none-eabi/13.3.1/../../../../arm-none-eabi/lib/thumb/v6-m/nofp/crt0.o
__bss_start__                                     C:/ST/STM32CubeCLT_1.18.0/GNU-tools-for-STM32/bin/../lib/gcc/arm-none-eabi/13.3.1/../../../../arm-none-eabi/lib/thumb/v6-m/nofp/crt0.o
__call_exitprocs                                  C:/ST/STM32CubeCLT_1.18.0/GNU-tools-for-STM32/bin/../lib/gcc/arm-none-eabi/13.3.1/../../../../arm-none-eabi/lib/thumb/v6-m/nofp\libg_nano.a(libc_a-exit.o)
__cxa_pure_virtual                                mcu_drivers/stm32c0/libstm32c0_src.a(gpio_stm32c0.cpp.obj)
__deregister_frame_info                           C:/ST/STM32CubeCLT_1.18.0/GNU-tools-for-STM32/bin/../lib/gcc/arm-none-eabi/13.3.1/thumb/v6-m/nofp/crtbegin.o
__dso_handle                                      C:/ST/STM32CubeCLT_1.18.0/GNU-tools-for-STM32/bin/../lib/gcc/arm-none-eabi/13.3.1/thumb/v6-m/nofp/crtbegin.o
__fp_lock_all                                     C:/ST/STM32CubeCLT_1.18.0/GNU-tools-for-STM32/bin/../lib/gcc/arm-none-eabi/13.3.1/../../../../arm-none-eabi/lib/thumb/v6-m/nofp\libg_nano.a(libc_a-findfp.o)
__fp_unlock_all                                   C:/ST/STM32CubeCLT_1.18.0/GNU-tools-for-STM32/bin/../lib/gcc/arm-none-eabi/13.3.1/../../../../arm-none-eabi/lib/thumb/v6-m/nofp\libg_nano.a(libc_a-findfp.o)
__init_array_end                                  C:/ST/STM32CubeCLT_1.18.0/GNU-tools-for-STM32/bin/../lib/gcc/arm-none-eabi/13.3.1/../../../../arm-none-eabi/lib/thumb/v6-m/nofp\libg_nano.a(libc_a-init.o)
__init_array_start                                C:/ST/STM32CubeCLT_1.18.0/GNU-tools-for-STM32/bin/../lib/gcc/arm-none-eabi/13.3.1/../../../../arm-none-eabi/lib/thumb/v6-m/nofp\libg_nano.a(libc_a-init.o)
__libc_fini_array                                 C:/ST/STM32CubeCLT_1.18.0/GNU-tools-for-STM32/bin/../lib/gcc/arm-none-eabi/13.3.1/../../../../arm-none-eabi/lib/thumb/v6-m/nofp/crt0.o
__libc_init_array                                 C:/ST/STM32CubeCLT_1.18.0/GNU-tools-for-STM32/bin/../lib/gcc/arm-none-eabi/13.3.1/../../../../arm-none-eabi/lib/thumb/v6-m/nofp\libg_nano.a(libc_a-init.o)
                                                  mcu_drivers/stm32c0/CMSIS/libcmsis.a(startup_stm32c031xx.s.obj)
                                                  C:/ST/STM32CubeCLT_1.18.0/GNU-tools-for-STM32/bin/../lib/gcc/arm-none-eabi/13.3.1/../../../../arm-none-eabi/lib/thumb/v6-m/nofp/crt0.o
__lock___arc4random_mutex                         C:/ST/STM32CubeCLT_1.18.0/GNU-tools-for-STM32/bin/../lib/gcc/arm-none-eabi/13.3.1/../../../../arm-none-eabi/lib/thumb/v6-m/nofp\libg_nano.a(libc_a-lock.o)
__lock___at_quick_exit_mutex                      C:/ST/STM32CubeCLT_1.18.0/GNU-tools-for-STM32/bin/../lib/gcc/arm-none-eabi/13.3.1/../../../../arm-none-eabi/lib/thumb/v6-m/nofp\libg_nano.a(libc_a-lock.o)
__lock___atexit_recursive_mutex                   C:/ST/STM32CubeCLT_1.18.0/GNU-tools-for-STM32/bin/../lib/gcc/arm-none-eabi/13.3.1/../../../../arm-none-eabi/lib/thumb/v6-m/nofp\libg_nano.a(libc_a-lock.o)
__lock___dd_hash_mutex                            C:/ST/STM32CubeCLT_1.18.0/GNU-tools-for-STM32/bin/../lib/gcc/arm-none-eabi/13.3.1/../../../../arm-none-eabi/lib/thumb/v6-m/nofp\libg_nano.a(libc_a-lock.o)
__lock___env_recursive_mutex                      C:/ST/STM32CubeCLT_1.18.0/GNU-tools-for-STM32/bin/../lib/gcc/arm-none-eabi/13.3.1/../../../../arm-none-eabi/lib/thumb/v6-m/nofp\libg_nano.a(libc_a-lock.o)
__lock___malloc_recursive_mutex                   C:/ST/STM32CubeCLT_1.18.0/GNU-tools-for-STM32/bin/../lib/gcc/arm-none-eabi/13.3.1/../../../../arm-none-eabi/lib/thumb/v6-m/nofp\libg_nano.a(libc_a-lock.o)
                                                  C:/ST/STM32CubeCLT_1.18.0/GNU-tools-for-STM32/bin/../lib/gcc/arm-none-eabi/13.3.1/../../../../arm-none-eabi/lib/thumb/v6-m/nofp\libg_nano.a(libc_a-mlock.o)
__lock___sfp_recursive_mutex                      C:/ST/STM32CubeCLT_1.18.0/GNU-tools-for-STM32/bin/../lib/gcc/arm-none-eabi/13.3.1/../../../../arm-none-eabi/lib/thumb/v6-m/nofp\libg_nano.a(libc_a-lock.o)
                                                  C:/ST/STM32CubeCLT_1.18.0/GNU-tools-for-STM32/bin/../lib/gcc/arm-none-eabi/13.3.1/../../../../arm-none-eabi/lib/thumb/v6-m/nofp\libg_nano.a(libc_a-findfp.o)
__lock___tz_mutex                                 C:/ST/STM32CubeCLT_1.18.0/GNU-tools-for-STM32/bin/../lib/gcc/arm-none-eabi/13.3.1/../../../../arm-none-eabi/lib/thumb/v6-m/nofp\libg_nano.a(libc_a-lock.o)
__malloc_free_list                                C:/ST/STM32CubeCLT_1.18.0/GNU-tools-for-STM32/bin/../lib/gcc/arm-none-eabi/13.3.1/../../../../arm-none-eabi/lib/thumb/v6-m/nofp\libg_nano.a(libc_a-mallocr.o)
                                                  C:/ST/STM32CubeCLT_1.18.0/GNU-tools-for-STM32/bin/../lib/gcc/arm-none-eabi/13.3.1/../../../../arm-none-eabi/lib/thumb/v6-m/nofp\libg_nano.a(libc_a-freer.o)
__malloc_lock                                     C:/ST/STM32CubeCLT_1.18.0/GNU-tools-for-STM32/bin/../lib/gcc/arm-none-eabi/13.3.1/../../../../arm-none-eabi/lib/thumb/v6-m/nofp\libg_nano.a(libc_a-mlock.o)
                                                  C:/ST/STM32CubeCLT_1.18.0/GNU-tools-for-STM32/bin/../lib/gcc/arm-none-eabi/13.3.1/../../../../arm-none-eabi/lib/thumb/v6-m/nofp\libg_nano.a(libc_a-freer.o)
                                                  C:/ST/STM32CubeCLT_1.18.0/GNU-tools-for-STM32/bin/../lib/gcc/arm-none-eabi/13.3.1/../../../../arm-none-eabi/lib/thumb/v6-m/nofp\libg_nano.a(libc_a-mallocr.o)
__malloc_sbrk_start                               C:/ST/STM32CubeCLT_1.18.0/GNU-tools-for-STM32/bin/../lib/gcc/arm-none-eabi/13.3.1/../../../../arm-none-eabi/lib/thumb/v6-m/nofp\libg_nano.a(libc_a-mallocr.o)
__malloc_unlock                                   C:/ST/STM32CubeCLT_1.18.0/GNU-tools-for-STM32/bin/../lib/gcc/arm-none-eabi/13.3.1/../../../../arm-none-eabi/lib/thumb/v6-m/nofp\libg_nano.a(libc_a-mlock.o)
                                                  C:/ST/STM32CubeCLT_1.18.0/GNU-tools-for-STM32/bin/../lib/gcc/arm-none-eabi/13.3.1/../../../../arm-none-eabi/lib/thumb/v6-m/nofp\libg_nano.a(libc_a-freer.o)
                                                  C:/ST/STM32CubeCLT_1.18.0/GNU-tools-for-STM32/bin/../lib/gcc/arm-none-eabi/13.3.1/../../../../arm-none-eabi/lib/thumb/v6-m/nofp\libg_nano.a(libc_a-mallocr.o)
__muldi3                                          C:/ST/STM32CubeCLT_1.18.0/GNU-tools-for-STM32/bin/../lib/gcc/arm-none-eabi/13.3.1/thumb/v6-m/nofp\libgcc.a(_muldi3.o)
__preinit_array_end                               C:/ST/STM32CubeCLT_1.18.0/GNU-tools-for-STM32/bin/../lib/gcc/arm-none-eabi/13.3.1/../../../../arm-none-eabi/lib/thumb/v6-m/nofp\libg_nano.a(libc_a-init.o)
__preinit_array_start                             C:/ST/STM32CubeCLT_1.18.0/GNU-tools-for-STM32/bin/../lib/gcc/arm-none-eabi/13.3.1/../../../../arm-none-eabi/lib/thumb/v6-m/nofp\libg_nano.a(libc_a-init.o)
__register_frame_info                             C:/ST/STM32CubeCLT_1.18.0/GNU-tools-for-STM32/bin/../lib/gcc/arm-none-eabi/13.3.1/thumb/v6-m/nofp/crtbegin.o
__retarget_lock_acquire                           C:/ST/STM32CubeCLT_1.18.0/GNU-tools-for-STM32/bin/../lib/gcc/arm-none-eabi/13.3.1/../../../../arm-none-eabi/lib/thumb/v6-m/nofp\libg_nano.a(libc_a-lock.o)
__retarget_lock_acquire_recursive                 C:/ST/STM32CubeCLT_1.18.0/GNU-tools-for-STM32/bin/../lib/gcc/arm-none-eabi/13.3.1/../../../../arm-none-eabi/lib/thumb/v6-m/nofp\libg_nano.a(libc_a-lock.o)
                                                  C:/ST/STM32CubeCLT_1.18.0/GNU-tools-for-STM32/bin/../lib/gcc/arm-none-eabi/13.3.1/../../../../arm-none-eabi/lib/thumb/v6-m/nofp\libg_nano.a(libc_a-fflush.o)
                                                  C:/ST/STM32CubeCLT_1.18.0/GNU-tools-for-STM32/bin/../lib/gcc/arm-none-eabi/13.3.1/../../../../arm-none-eabi/lib/thumb/v6-m/nofp\libg_nano.a(libc_a-findfp.o)
                                                  C:/ST/STM32CubeCLT_1.18.0/GNU-tools-for-STM32/bin/../lib/gcc/arm-none-eabi/13.3.1/../../../../arm-none-eabi/lib/thumb/v6-m/nofp\libg_nano.a(libc_a-mlock.o)
__retarget_lock_close                             C:/ST/STM32CubeCLT_1.18.0/GNU-tools-for-STM32/bin/../lib/gcc/arm-none-eabi/13.3.1/../../../../arm-none-eabi/lib/thumb/v6-m/nofp\libg_nano.a(libc_a-lock.o)
__retarget_lock_close_recursive                   C:/ST/STM32CubeCLT_1.18.0/GNU-tools-for-STM32/bin/../lib/gcc/arm-none-eabi/13.3.1/../../../../arm-none-eabi/lib/thumb/v6-m/nofp\libg_nano.a(libc_a-lock.o)
__retarget_lock_init                              C:/ST/STM32CubeCLT_1.18.0/GNU-tools-for-STM32/bin/../lib/gcc/arm-none-eabi/13.3.1/../../../../arm-none-eabi/lib/thumb/v6-m/nofp\libg_nano.a(libc_a-lock.o)
__retarget_lock_init_recursive                    C:/ST/STM32CubeCLT_1.18.0/GNU-tools-for-STM32/bin/../lib/gcc/arm-none-eabi/13.3.1/../../../../arm-none-eabi/lib/thumb/v6-m/nofp\libg_nano.a(libc_a-lock.o)
                                                  C:/ST/STM32CubeCLT_1.18.0/GNU-tools-for-STM32/bin/../lib/gcc/arm-none-eabi/13.3.1/../../../../arm-none-eabi/lib/thumb/v6-m/nofp\libg_nano.a(libc_a-findfp.o)
__retarget_lock_release                           C:/ST/STM32CubeCLT_1.18.0/GNU-tools-for-STM32/bin/../lib/gcc/arm-none-eabi/13.3.1/../../../../arm-none-eabi/lib/thumb/v6-m/nofp\libg_nano.a(libc_a-lock.o)
__retarget_lock_release_recursive                 C:/ST/STM32CubeCLT_1.18.0/GNU-tools-for-STM32/bin/../lib/gcc/arm-none-eabi/13.3.1/../../../../arm-none-eabi/lib/thumb/v6-m/nofp\libg_nano.a(libc_a-lock.o)
                                                  C:/ST/STM32CubeCLT_1.18.0/GNU-tools-for-STM32/bin/../lib/gcc/arm-none-eabi/13.3.1/../../../../arm-none-eabi/lib/thumb/v6-m/nofp\libg_nano.a(libc_a-fflush.o)
                                                  C:/ST/STM32CubeCLT_1.18.0/GNU-tools-for-STM32/bin/../lib/gcc/arm-none-eabi/13.3.1/../../../../arm-none-eabi/lib/thumb/v6-m/nofp\libg_nano.a(libc_a-findfp.o)
                                                  C:/ST/STM32CubeCLT_1.18.0/GNU-tools-for-STM32/bin/../lib/gcc/arm-none-eabi/13.3.1/../../../../arm-none-eabi/lib/thumb/v6-m/nofp\libg_nano.a(libc_a-mlock.o)
__retarget_lock_try_acquire                       C:/ST/STM32CubeCLT_1.18.0/GNU-tools-for-STM32/bin/../lib/gcc/arm-none-eabi/13.3.1/../../../../arm-none-eabi/lib/thumb/v6-m/nofp\libg_nano.a(libc_a-lock.o)
__retarget_lock_try_acquire_recursive             C:/ST/STM32CubeCLT_1.18.0/GNU-tools-for-STM32/bin/../lib/gcc/arm-none-eabi/13.3.1/../../../../arm-none-eabi/lib/thumb/v6-m/nofp\libg_nano.a(libc_a-lock.o)
__sclose                                          C:/ST/STM32CubeCLT_1.18.0/GNU-tools-for-STM32/bin/../lib/gcc/arm-none-eabi/13.3.1/../../../../arm-none-eabi/lib/thumb/v6-m/nofp\libg_nano.a(libc_a-stdio.o)
                                                  C:/ST/STM32CubeCLT_1.18.0/GNU-tools-for-STM32/bin/../lib/gcc/arm-none-eabi/13.3.1/../../../../arm-none-eabi/lib/thumb/v6-m/nofp\libg_nano.a(libc_a-findfp.o)
__seofread                                        C:/ST/STM32CubeCLT_1.18.0/GNU-tools-for-STM32/bin/../lib/gcc/arm-none-eabi/13.3.1/../../../../arm-none-eabi/lib/thumb/v6-m/nofp\libg_nano.a(libc_a-stdio.o)
__sf                                              C:/ST/STM32CubeCLT_1.18.0/GNU-tools-for-STM32/bin/../lib/gcc/arm-none-eabi/13.3.1/../../../../arm-none-eabi/lib/thumb/v6-m/nofp\libg_nano.a(libc_a-findfp.o)
                                                  C:/ST/STM32CubeCLT_1.18.0/GNU-tools-for-STM32/bin/../lib/gcc/arm-none-eabi/13.3.1/../../../../arm-none-eabi/lib/thumb/v6-m/nofp\libg_nano.a(libc_a-impure.o)
__sflush_r                                        C:/ST/STM32CubeCLT_1.18.0/GNU-tools-for-STM32/bin/../lib/gcc/arm-none-eabi/13.3.1/../../../../arm-none-eabi/lib/thumb/v6-m/nofp\libg_nano.a(libc_a-fflush.o)
__sfp                                             C:/ST/STM32CubeCLT_1.18.0/GNU-tools-for-STM32/bin/../lib/gcc/arm-none-eabi/13.3.1/../../../../arm-none-eabi/lib/thumb/v6-m/nofp\libg_nano.a(libc_a-findfp.o)
__sfp_lock_acquire                                C:/ST/STM32CubeCLT_1.18.0/GNU-tools-for-STM32/bin/../lib/gcc/arm-none-eabi/13.3.1/../../../../arm-none-eabi/lib/thumb/v6-m/nofp\libg_nano.a(libc_a-findfp.o)
__sfp_lock_release                                C:/ST/STM32CubeCLT_1.18.0/GNU-tools-for-STM32/bin/../lib/gcc/arm-none-eabi/13.3.1/../../../../arm-none-eabi/lib/thumb/v6-m/nofp\libg_nano.a(libc_a-findfp.o)
__sglue                                           C:/ST/STM32CubeCLT_1.18.0/GNU-tools-for-STM32/bin/../lib/gcc/arm-none-eabi/13.3.1/../../../../arm-none-eabi/lib/thumb/v6-m/nofp\libg_nano.a(libc_a-findfp.o)
                                                  C:/ST/STM32CubeCLT_1.18.0/GNU-tools-for-STM32/bin/../lib/gcc/arm-none-eabi/13.3.1/../../../../arm-none-eabi/lib/thumb/v6-m/nofp\libg_nano.a(libc_a-fflush.o)
__sinit                                           C:/ST/STM32CubeCLT_1.18.0/GNU-tools-for-STM32/bin/../lib/gcc/arm-none-eabi/13.3.1/../../../../arm-none-eabi/lib/thumb/v6-m/nofp\libg_nano.a(libc_a-findfp.o)
                                                  C:/ST/STM32CubeCLT_1.18.0/GNU-tools-for-STM32/bin/../lib/gcc/arm-none-eabi/13.3.1/../../../../arm-none-eabi/lib/thumb/v6-m/nofp\libg_nano.a(libc_a-fflush.o)
__sread                                           C:/ST/STM32CubeCLT_1.18.0/GNU-tools-for-STM32/bin/../lib/gcc/arm-none-eabi/13.3.1/../../../../arm-none-eabi/lib/thumb/v6-m/nofp\libg_nano.a(libc_a-stdio.o)
                                                  C:/ST/STM32CubeCLT_1.18.0/GNU-tools-for-STM32/bin/../lib/gcc/arm-none-eabi/13.3.1/../../../../arm-none-eabi/lib/thumb/v6-m/nofp\libg_nano.a(libc_a-findfp.o)
__sseek                                           C:/ST/STM32CubeCLT_1.18.0/GNU-tools-for-STM32/bin/../lib/gcc/arm-none-eabi/13.3.1/../../../../arm-none-eabi/lib/thumb/v6-m/nofp\libg_nano.a(libc_a-stdio.o)
                                                  C:/ST/STM32CubeCLT_1.18.0/GNU-tools-for-STM32/bin/../lib/gcc/arm-none-eabi/13.3.1/../../../../arm-none-eabi/lib/thumb/v6-m/nofp\libg_nano.a(libc_a-findfp.o)
__stack                                           C:/ST/STM32CubeCLT_1.18.0/GNU-tools-for-STM32/bin/../lib/gcc/arm-none-eabi/13.3.1/../../../../arm-none-eabi/lib/thumb/v6-m/nofp/crt0.o
__stdio_exit_handler                              C:/ST/STM32CubeCLT_1.18.0/GNU-tools-for-STM32/bin/../lib/gcc/arm-none-eabi/13.3.1/../../../../arm-none-eabi/lib/thumb/v6-m/nofp\libg_nano.a(libc_a-findfp.o)
                                                  C:/ST/STM32CubeCLT_1.18.0/GNU-tools-for-STM32/bin/../lib/gcc/arm-none-eabi/13.3.1/../../../../arm-none-eabi/lib/thumb/v6-m/nofp\libg_nano.a(libc_a-exit.o)
__swrite                                          C:/ST/STM32CubeCLT_1.18.0/GNU-tools-for-STM32/bin/../lib/gcc/arm-none-eabi/13.3.1/../../../../arm-none-eabi/lib/thumb/v6-m/nofp\libg_nano.a(libc_a-stdio.o)
                                                  C:/ST/STM32CubeCLT_1.18.0/GNU-tools-for-STM32/bin/../lib/gcc/arm-none-eabi/13.3.1/../../../../arm-none-eabi/lib/thumb/v6-m/nofp\libg_nano.a(libc_a-findfp.o)
__udivsi3                                         C:/ST/STM32CubeCLT_1.18.0/GNU-tools-for-STM32/bin/../lib/gcc/arm-none-eabi/13.3.1/thumb/v6-m/nofp\libgcc.a(_udivsi3.o)
_close                                            C:/ST/STM32CubeCLT_1.18.0/GNU-tools-for-STM32/bin/../lib/gcc/arm-none-eabi/13.3.1/../../../../arm-none-eabi/lib/thumb/v6-m/nofp\libnosys.a(close.o)
                                                  C:/ST/STM32CubeCLT_1.18.0/GNU-tools-for-STM32/bin/../lib/gcc/arm-none-eabi/13.3.1/../../../../arm-none-eabi/lib/thumb/v6-m/nofp\libg_nano.a(libc_a-closer.o)
_close_r                                          C:/ST/STM32CubeCLT_1.18.0/GNU-tools-for-STM32/bin/../lib/gcc/arm-none-eabi/13.3.1/../../../../arm-none-eabi/lib/thumb/v6-m/nofp\libg_nano.a(libc_a-closer.o)
                                                  C:/ST/STM32CubeCLT_1.18.0/GNU-tools-for-STM32/bin/../lib/gcc/arm-none-eabi/13.3.1/../../../../arm-none-eabi/lib/thumb/v6-m/nofp\libg_nano.a(libc_a-stdio.o)
_ebss                                             mcu_drivers/stm32c0/CMSIS/libcmsis.a(startup_stm32c031xx.s.obj)
_edata                                            mcu_drivers/stm32c0/CMSIS/libcmsis.a(startup_stm32c031xx.s.obj)
_estack                                           mcu_drivers/stm32c0/CMSIS/libcmsis.a(startup_stm32c031xx.s.obj)
_exit                                             C:/ST/STM32CubeCLT_1.18.0/GNU-tools-for-STM32/bin/../lib/gcc/arm-none-eabi/13.3.1/../../../../arm-none-eabi/lib/thumb/v6-m/nofp\libnosys.a(_exit.o)
                                                  C:/ST/STM32CubeCLT_1.18.0/GNU-tools-for-STM32/bin/../lib/gcc/arm-none-eabi/13.3.1/../../../../arm-none-eabi/lib/thumb/v6-m/nofp\libg_nano.a(libc_a-exit.o)
_fflush_r                                         C:/ST/STM32CubeCLT_1.18.0/GNU-tools-for-STM32/bin/../lib/gcc/arm-none-eabi/13.3.1/../../../../arm-none-eabi/lib/thumb/v6-m/nofp\libg_nano.a(libc_a-fflush.o)
                                                  C:/ST/STM32CubeCLT_1.18.0/GNU-tools-for-STM32/bin/../lib/gcc/arm-none-eabi/13.3.1/../../../../arm-none-eabi/lib/thumb/v6-m/nofp\libg_nano.a(libc_a-findfp.o)
_fini                                             C:/ST/STM32CubeCLT_1.18.0/GNU-tools-for-STM32/bin/../lib/gcc/arm-none-eabi/13.3.1/thumb/v6-m/nofp/crti.o
_free_r                                           C:/ST/STM32CubeCLT_1.18.0/GNU-tools-for-STM32/bin/../lib/gcc/arm-none-eabi/13.3.1/../../../../arm-none-eabi/lib/thumb/v6-m/nofp\libg_nano.a(libc_a-freer.o)
                                                  C:/ST/STM32CubeCLT_1.18.0/GNU-tools-for-STM32/bin/../lib/gcc/arm-none-eabi/13.3.1/../../../../arm-none-eabi/lib/thumb/v6-m/nofp\libg_nano.a(libc_a-fflush.o)
                                                  C:/ST/STM32CubeCLT_1.18.0/GNU-tools-for-STM32/bin/../lib/gcc/arm-none-eabi/13.3.1/../../../../arm-none-eabi/lib/thumb/v6-m/nofp\libg_nano.a(libc_a-reent.o)
                                                  C:/ST/STM32CubeCLT_1.18.0/GNU-tools-for-STM32/bin/../lib/gcc/arm-none-eabi/13.3.1/../../../../arm-none-eabi/lib/thumb/v6-m/nofp\libg_nano.a(libc_a-malloc.o)
_fwalk_sglue                                      C:/ST/STM32CubeCLT_1.18.0/GNU-tools-for-STM32/bin/../lib/gcc/arm-none-eabi/13.3.1/../../../../arm-none-eabi/lib/thumb/v6-m/nofp\libg_nano.a(libc_a-fwalk.o)
                                                  C:/ST/STM32CubeCLT_1.18.0/GNU-tools-for-STM32/bin/../lib/gcc/arm-none-eabi/13.3.1/../../../../arm-none-eabi/lib/thumb/v6-m/nofp\libg_nano.a(libc_a-fflush.o)
                                                  C:/ST/STM32CubeCLT_1.18.0/GNU-tools-for-STM32/bin/../lib/gcc/arm-none-eabi/13.3.1/../../../../arm-none-eabi/lib/thumb/v6-m/nofp\libg_nano.a(libc_a-findfp.o)
_impure_data                                      C:/ST/STM32CubeCLT_1.18.0/GNU-tools-for-STM32/bin/../lib/gcc/arm-none-eabi/13.3.1/../../../../arm-none-eabi/lib/thumb/v6-m/nofp\libg_nano.a(libc_a-impure.o)
                                                  C:/ST/STM32CubeCLT_1.18.0/GNU-tools-for-STM32/bin/../lib/gcc/arm-none-eabi/13.3.1/../../../../arm-none-eabi/lib/thumb/v6-m/nofp\libg_nano.a(libc_a-fflush.o)
                                                  C:/ST/STM32CubeCLT_1.18.0/GNU-tools-for-STM32/bin/../lib/gcc/arm-none-eabi/13.3.1/../../../../arm-none-eabi/lib/thumb/v6-m/nofp\libg_nano.a(libc_a-findfp.o)
_impure_ptr                                       C:/ST/STM32CubeCLT_1.18.0/GNU-tools-for-STM32/bin/../lib/gcc/arm-none-eabi/13.3.1/../../../../arm-none-eabi/lib/thumb/v6-m/nofp\libg_nano.a(libc_a-impure.o)
                                                  C:/ST/STM32CubeCLT_1.18.0/GNU-tools-for-STM32/bin/../lib/gcc/arm-none-eabi/13.3.1/../../../../arm-none-eabi/lib/thumb/v6-m/nofp\libg_nano.a(libc_a-fflush.o)
                                                  C:/ST/STM32CubeCLT_1.18.0/GNU-tools-for-STM32/bin/../lib/gcc/arm-none-eabi/13.3.1/../../../../arm-none-eabi/lib/thumb/v6-m/nofp\libg_nano.a(libc_a-reent.o)
                                                  C:/ST/STM32CubeCLT_1.18.0/GNU-tools-for-STM32/bin/../lib/gcc/arm-none-eabi/13.3.1/../../../../arm-none-eabi/lib/thumb/v6-m/nofp\libg_nano.a(libc_a-malloc.o)
_init                                             C:/ST/STM32CubeCLT_1.18.0/GNU-tools-for-STM32/bin/../lib/gcc/arm-none-eabi/13.3.1/thumb/v6-m/nofp/crti.o
                                                  C:/ST/STM32CubeCLT_1.18.0/GNU-tools-for-STM32/bin/../lib/gcc/arm-none-eabi/13.3.1/../../../../arm-none-eabi/lib/thumb/v6-m/nofp\libg_nano.a(libc_a-init.o)
_lseek                                            C:/ST/STM32CubeCLT_1.18.0/GNU-tools-for-STM32/bin/../lib/gcc/arm-none-eabi/13.3.1/../../../../arm-none-eabi/lib/thumb/v6-m/nofp\libnosys.a(lseek.o)
                                                  C:/ST/STM32CubeCLT_1.18.0/GNU-tools-for-STM32/bin/../lib/gcc/arm-none-eabi/13.3.1/../../../../arm-none-eabi/lib/thumb/v6-m/nofp\libg_nano.a(libc_a-lseekr.o)
_lseek_r                                          C:/ST/STM32CubeCLT_1.18.0/GNU-tools-for-STM32/bin/../lib/gcc/arm-none-eabi/13.3.1/../../../../arm-none-eabi/lib/thumb/v6-m/nofp\libg_nano.a(libc_a-lseekr.o)
                                                  C:/ST/STM32CubeCLT_1.18.0/GNU-tools-for-STM32/bin/../lib/gcc/arm-none-eabi/13.3.1/../../../../arm-none-eabi/lib/thumb/v6-m/nofp\libg_nano.a(libc_a-stdio.o)
_mainCRTStartup                                   C:/ST/STM32CubeCLT_1.18.0/GNU-tools-for-STM32/bin/../lib/gcc/arm-none-eabi/13.3.1/../../../../arm-none-eabi/lib/thumb/v6-m/nofp/crt0.o
_malloc_r                                         C:/ST/STM32CubeCLT_1.18.0/GNU-tools-for-STM32/bin/../lib/gcc/arm-none-eabi/13.3.1/../../../../arm-none-eabi/lib/thumb/v6-m/nofp\libg_nano.a(libc_a-mallocr.o)
                                                  C:/ST/STM32CubeCLT_1.18.0/GNU-tools-for-STM32/bin/../lib/gcc/arm-none-eabi/13.3.1/../../../../arm-none-eabi/lib/thumb/v6-m/nofp\libg_nano.a(libc_a-findfp.o)
                                                  C:/ST/STM32CubeCLT_1.18.0/GNU-tools-for-STM32/bin/../lib/gcc/arm-none-eabi/13.3.1/../../../../arm-none-eabi/lib/thumb/v6-m/nofp\libg_nano.a(libc_a-malloc.o)
_read                                             C:/ST/STM32CubeCLT_1.18.0/GNU-tools-for-STM32/bin/../lib/gcc/arm-none-eabi/13.3.1/../../../../arm-none-eabi/lib/thumb/v6-m/nofp\libnosys.a(read.o)
                                                  C:/ST/STM32CubeCLT_1.18.0/GNU-tools-for-STM32/bin/../lib/gcc/arm-none-eabi/13.3.1/../../../../arm-none-eabi/lib/thumb/v6-m/nofp\libg_nano.a(libc_a-readr.o)
_read_r                                           C:/ST/STM32CubeCLT_1.18.0/GNU-tools-for-STM32/bin/../lib/gcc/arm-none-eabi/13.3.1/../../../../arm-none-eabi/lib/thumb/v6-m/nofp\libg_nano.a(libc_a-readr.o)
                                                  C:/ST/STM32CubeCLT_1.18.0/GNU-tools-for-STM32/bin/../lib/gcc/arm-none-eabi/13.3.1/../../../../arm-none-eabi/lib/thumb/v6-m/nofp\libg_nano.a(libc_a-stdio.o)
_reclaim_reent                                    C:/ST/STM32CubeCLT_1.18.0/GNU-tools-for-STM32/bin/../lib/gcc/arm-none-eabi/13.3.1/../../../../arm-none-eabi/lib/thumb/v6-m/nofp\libg_nano.a(libc_a-reent.o)
_sbrk                                             C:/ST/STM32CubeCLT_1.18.0/GNU-tools-for-STM32/bin/../lib/gcc/arm-none-eabi/13.3.1/../../../../arm-none-eabi/lib/thumb/v6-m/nofp\libnosys.a(sbrk.o)
                                                  C:/ST/STM32CubeCLT_1.18.0/GNU-tools-for-STM32/bin/../lib/gcc/arm-none-eabi/13.3.1/../../../../arm-none-eabi/lib/thumb/v6-m/nofp\libg_nano.a(libc_a-sbrkr.o)
_sbrk_r                                           C:/ST/STM32CubeCLT_1.18.0/GNU-tools-for-STM32/bin/../lib/gcc/arm-none-eabi/13.3.1/../../../../arm-none-eabi/lib/thumb/v6-m/nofp\libg_nano.a(libc_a-sbrkr.o)
                                                  C:/ST/STM32CubeCLT_1.18.0/GNU-tools-for-STM32/bin/../lib/gcc/arm-none-eabi/13.3.1/../../../../arm-none-eabi/lib/thumb/v6-m/nofp\libg_nano.a(libc_a-mallocr.o)
_sbss                                             mcu_drivers/stm32c0/CMSIS/libcmsis.a(startup_stm32c031xx.s.obj)
_sdata                                            mcu_drivers/stm32c0/CMSIS/libcmsis.a(startup_stm32c031xx.s.obj)
_sidata                                           mcu_drivers/stm32c0/CMSIS/libcmsis.a(startup_stm32c031xx.s.obj)
_stack_init                                       C:/ST/STM32CubeCLT_1.18.0/GNU-tools-for-STM32/bin/../lib/gcc/arm-none-eabi/13.3.1/../../../../arm-none-eabi/lib/thumb/v6-m/nofp/crt0.o
_start                                            C:/ST/STM32CubeCLT_1.18.0/GNU-tools-for-STM32/bin/../lib/gcc/arm-none-eabi/13.3.1/../../../../arm-none-eabi/lib/thumb/v6-m/nofp/crt0.o
_write                                            C:/ST/STM32CubeCLT_1.18.0/GNU-tools-for-STM32/bin/../lib/gcc/arm-none-eabi/13.3.1/../../../../arm-none-eabi/lib/thumb/v6-m/nofp\libnosys.a(write.o)
                                                  C:/ST/STM32CubeCLT_1.18.0/GNU-tools-for-STM32/bin/../lib/gcc/arm-none-eabi/13.3.1/../../../../arm-none-eabi/lib/thumb/v6-m/nofp\libg_nano.a(libc_a-writer.o)
_write_r                                          C:/ST/STM32CubeCLT_1.18.0/GNU-tools-for-STM32/bin/../lib/gcc/arm-none-eabi/13.3.1/../../../../arm-none-eabi/lib/thumb/v6-m/nofp\libg_nano.a(libc_a-writer.o)
                                                  C:/ST/STM32CubeCLT_1.18.0/GNU-tools-for-STM32/bin/../lib/gcc/arm-none-eabi/13.3.1/../../../../arm-none-eabi/lib/thumb/v6-m/nofp\libg_nano.a(libc_a-stdio.o)
atexit                                            C:/ST/STM32CubeCLT_1.18.0/GNU-tools-for-STM32/bin/../lib/gcc/arm-none-eabi/13.3.1/../../../../arm-none-eabi/lib/thumb/v6-m/nofp/crt0.o
end                                               C:/ST/STM32CubeCLT_1.18.0/GNU-tools-for-STM32/bin/../lib/gcc/arm-none-eabi/13.3.1/../../../../arm-none-eabi/lib/thumb/v6-m/nofp\libnosys.a(sbrk.o)
errno                                             C:/ST/STM32CubeCLT_1.18.0/GNU-tools-for-STM32/bin/../lib/gcc/arm-none-eabi/13.3.1/../../../../arm-none-eabi/lib/thumb/v6-m/nofp\libg_nano.a(libc_a-reent.o)
                                                  C:/ST/STM32CubeCLT_1.18.0/GNU-tools-for-STM32/bin/../lib/gcc/arm-none-eabi/13.3.1/../../../../arm-none-eabi/lib/thumb/v6-m/nofp\libnosys.a(write.o)
                                                  C:/ST/STM32CubeCLT_1.18.0/GNU-tools-for-STM32/bin/../lib/gcc/arm-none-eabi/13.3.1/../../../../arm-none-eabi/lib/thumb/v6-m/nofp\libnosys.a(read.o)
                                                  C:/ST/STM32CubeCLT_1.18.0/GNU-tools-for-STM32/bin/../lib/gcc/arm-none-eabi/13.3.1/../../../../arm-none-eabi/lib/thumb/v6-m/nofp\libnosys.a(lseek.o)
                                                  C:/ST/STM32CubeCLT_1.18.0/GNU-tools-for-STM32/bin/../lib/gcc/arm-none-eabi/13.3.1/../../../../arm-none-eabi/lib/thumb/v6-m/nofp\libnosys.a(close.o)
                                                  C:/ST/STM32CubeCLT_1.18.0/GNU-tools-for-STM32/bin/../lib/gcc/arm-none-eabi/13.3.1/../../../../arm-none-eabi/lib/thumb/v6-m/nofp\libg_nano.a(libc_a-writer.o)
                                                  C:/ST/STM32CubeCLT_1.18.0/GNU-tools-for-STM32/bin/../lib/gcc/arm-none-eabi/13.3.1/../../../../arm-none-eabi/lib/thumb/v6-m/nofp\libg_nano.a(libc_a-sbrkr.o)
                                                  C:/ST/STM32CubeCLT_1.18.0/GNU-tools-for-STM32/bin/../lib/gcc/arm-none-eabi/13.3.1/../../../../arm-none-eabi/lib/thumb/v6-m/nofp\libg_nano.a(libc_a-readr.o)
                                                  C:/ST/STM32CubeCLT_1.18.0/GNU-tools-for-STM32/bin/../lib/gcc/arm-none-eabi/13.3.1/../../../../arm-none-eabi/lib/thumb/v6-m/nofp\libg_nano.a(libc_a-lseekr.o)
                                                  C:/ST/STM32CubeCLT_1.18.0/GNU-tools-for-STM32/bin/../lib/gcc/arm-none-eabi/13.3.1/../../../../arm-none-eabi/lib/thumb/v6-m/nofp\libg_nano.a(libc_a-closer.o)
exit                                              C:/ST/STM32CubeCLT_1.18.0/GNU-tools-for-STM32/bin/../lib/gcc/arm-none-eabi/13.3.1/../../../../arm-none-eabi/lib/thumb/v6-m/nofp\libg_nano.a(libc_a-exit.o)
                                                  C:/ST/STM32CubeCLT_1.18.0/GNU-tools-for-STM32/bin/../lib/gcc/arm-none-eabi/13.3.1/../../../../arm-none-eabi/lib/thumb/v6-m/nofp/crt0.o
fflush                                            C:/ST/STM32CubeCLT_1.18.0/GNU-tools-for-STM32/bin/../lib/gcc/arm-none-eabi/13.3.1/../../../../arm-none-eabi/lib/thumb/v6-m/nofp\libg_nano.a(libc_a-fflush.o)
free                                              C:/ST/STM32CubeCLT_1.18.0/GNU-tools-for-STM32/bin/../lib/gcc/arm-none-eabi/13.3.1/../../../../arm-none-eabi/lib/thumb/v6-m/nofp\libg_nano.a(libc_a-malloc.o)
                                                  C:/ST/STM32CubeCLT_1.18.0/GNU-tools-for-STM32/bin/../lib/gcc/arm-none-eabi/13.3.1/../../../../arm-none-eabi/lib/thumb/v6-m/nofp\libstdc++_nano.a(del_op.o)
g_pfnVectors                                      mcu_drivers/stm32c0/CMSIS/libcmsis.a(startup_stm32c031xx.s.obj)
hardware_init_hook                                C:/ST/STM32CubeCLT_1.18.0/GNU-tools-for-STM32/bin/../lib/gcc/arm-none-eabi/13.3.1/../../../../arm-none-eabi/lib/thumb/v6-m/nofp/crt0.o
main                                              app/CMakeFiles/stm32c0.dir/main.cpp.obj
                                                  mcu_drivers/stm32c0/CMSIS/libcmsis.a(startup_stm32c031xx.s.obj)
                                                  C:/ST/STM32CubeCLT_1.18.0/GNU-tools-for-STM32/bin/../lib/gcc/arm-none-eabi/13.3.1/../../../../arm-none-eabi/lib/thumb/v6-m/nofp/crt0.o
malloc                                            C:/ST/STM32CubeCLT_1.18.0/GNU-tools-for-STM32/bin/../lib/gcc/arm-none-eabi/13.3.1/../../../../arm-none-eabi/lib/thumb/v6-m/nofp\libg_nano.a(libc_a-malloc.o)
memset                                            C:/ST/STM32CubeCLT_1.18.0/GNU-tools-for-STM32/bin/../lib/gcc/arm-none-eabi/13.3.1/../../../../arm-none-eabi/lib/thumb/v6-m/nofp\libg_nano.a(libc_a-memset.o)
                                                  C:/ST/STM32CubeCLT_1.18.0/GNU-tools-for-STM32/bin/../lib/gcc/arm-none-eabi/13.3.1/../../../../arm-none-eabi/lib/thumb/v6-m/nofp\libg_nano.a(libc_a-findfp.o)
                                                  C:/ST/STM32CubeCLT_1.18.0/GNU-tools-for-STM32/bin/../lib/gcc/arm-none-eabi/13.3.1/../../../../arm-none-eabi/lib/thumb/v6-m/nofp/crt0.o
operator delete(void*)                            C:/ST/STM32CubeCLT_1.18.0/GNU-tools-for-STM32/bin/../lib/gcc/arm-none-eabi/13.3.1/../../../../arm-none-eabi/lib/thumb/v6-m/nofp\libstdc++_nano.a(del_op.o)
                                                  C:/ST/STM32CubeCLT_1.18.0/GNU-tools-for-STM32/bin/../lib/gcc/arm-none-eabi/13.3.1/../../../../arm-none-eabi/lib/thumb/v6-m/nofp\libstdc++_nano.a(del_ops.o)
operator delete(void*, unsigned int)              C:/ST/STM32CubeCLT_1.18.0/GNU-tools-for-STM32/bin/../lib/gcc/arm-none-eabi/13.3.1/../../../../arm-none-eabi/lib/thumb/v6-m/nofp\libstdc++_nano.a(del_ops.o)
                                                  mcu_drivers/stm32c0/libstm32c0_src.a(gpio_stm32c0.cpp.obj)
periph::gpio::gpio()                              mcu_drivers/stm32c0/libstm32c0_src.a(gpio_stm32c0.cpp.obj)
periph::gpio::gpio()                              mcu_drivers/stm32c0/libstm32c0_src.a(gpio_stm32c0.cpp.obj)
periph::gpio::~gpio()                             mcu_drivers/stm32c0/libstm32c0_src.a(gpio_stm32c0.cpp.obj)
periph::gpio::~gpio()                             mcu_drivers/stm32c0/libstm32c0_src.a(gpio_stm32c0.cpp.obj)
periph::gpio::~gpio()                             mcu_drivers/stm32c0/libstm32c0_src.a(gpio_stm32c0.cpp.obj)
periph::gpio_stm32c0::get() const                 mcu_drivers/stm32c0/libstm32c0_src.a(gpio_stm32c0.cpp.obj)
periph::gpio_stm32c0::gpio_stm32c0(periph::gpio_stm32c0::port, unsigned char, periph::gpio::mode, bool) mcu_drivers/stm32c0/libstm32c0_src.a(gpio_stm32c0.cpp.obj)
                                                  app/CMakeFiles/stm32c0.dir/main.cpp.obj
periph::gpio_stm32c0::gpio_stm32c0(periph::gpio_stm32c0::port, unsigned char, periph::gpio::mode, bool) mcu_drivers/stm32c0/libstm32c0_src.a(gpio_stm32c0.cpp.obj)
periph::gpio_stm32c0::mode() const                mcu_drivers/stm32c0/libstm32c0_src.a(gpio_stm32c0.cpp.obj)
periph::gpio_stm32c0::mode(periph::gpio::mode, bool) mcu_drivers/stm32c0/libstm32c0_src.a(gpio_stm32c0.cpp.obj)
periph::gpio_stm32c0::pin() const                 mcu_drivers/stm32c0/libstm32c0_src.a(gpio_stm32c0.cpp.obj)
periph::gpio_stm32c0::set(bool)                   mcu_drivers/stm32c0/libstm32c0_src.a(gpio_stm32c0.cpp.obj)
periph::gpio_stm32c0::toggle()                    mcu_drivers/stm32c0/libstm32c0_src.a(gpio_stm32c0.cpp.obj)
                                                  app/CMakeFiles/stm32c0.dir/main.cpp.obj
periph::gpio_stm32c0::~gpio_stm32c0()             mcu_drivers/stm32c0/libstm32c0_src.a(gpio_stm32c0.cpp.obj)
periph::gpio_stm32c0::~gpio_stm32c0()             mcu_drivers/stm32c0/libstm32c0_src.a(gpio_stm32c0.cpp.obj)
periph::gpio_stm32c0::~gpio_stm32c0()             mcu_drivers/stm32c0/libstm32c0_src.a(gpio_stm32c0.cpp.obj)
periph::rcc::ahb_prescallers                      mcu_drivers/stm32c0/libstm32c0_src.a(systick.cpp.obj)
periph::rcc::apb_prescallers                      mcu_drivers/stm32c0/libstm32c0_src.a(systick.cpp.obj)
periph::rcc::frequency(periph::rcc::clk_source)   mcu_drivers/stm32c0/libstm32c0_src.a(systick.cpp.obj)
periph::systick::delay(unsigned long)             mcu_drivers/stm32c0/libstm32c0_src.a(systick.cpp.obj)
                                                  app/CMakeFiles/stm32c0.dir/main.cpp.obj
periph::systick::get()                            mcu_drivers/stm32c0/libstm32c0_src.a(systick.cpp.obj)
periph::systick::get_past(std::chrono::duration<long long, std::ratio<1ll, 1000000ll> >) mcu_drivers/stm32c0/libstm32c0_src.a(systick.cpp.obj)
periph::systick::init()                           mcu_drivers/stm32c0/libstm32c0_src.a(systick.cpp.obj)
                                                  app/CMakeFiles/stm32c0.dir/main.cpp.obj
software_init_hook                                C:/ST/STM32CubeCLT_1.18.0/GNU-tools-for-STM32/bin/../lib/gcc/arm-none-eabi/13.3.1/../../../../arm-none-eabi/lib/thumb/v6-m/nofp/crt0.o
std::chrono::duration<long long, std::ratio<1ll, 1000000ll> > std::chrono::__duration_cast_impl<std::chrono::duration<long long, std::ratio<1ll, 1000000ll> >, std::ratio<1000ll, 1ll>, long long, false, true>::__cast<long long, std::ratio<1ll, 1000ll> >(std::chrono::duration<long long, std::ratio<1ll, 1000ll> > const&) mcu_drivers/stm32c0/libstm32c0_src.a(systick.cpp.obj)
std::chrono::duration<long long, std::ratio<1ll, 1000000ll> >::count() const mcu_drivers/stm32c0/libstm32c0_src.a(systick.cpp.obj)
std::chrono::duration<long long, std::ratio<1ll, 1000000ll> >::duration<long long, std::ratio<1ll, 1000ll>, void>(std::chrono::duration<long long, std::ratio<1ll, 1000ll> > const&) mcu_drivers/stm32c0/libstm32c0_src.a(systick.cpp.obj)
std::chrono::duration<long long, std::ratio<1ll, 1000000ll> >::duration<long long, std::ratio<1ll, 1000ll>, void>(std::chrono::duration<long long, std::ratio<1ll, 1000ll> > const&) mcu_drivers/stm32c0/libstm32c0_src.a(systick.cpp.obj)
std::chrono::duration<long long, std::ratio<1ll, 1000000ll> >::duration<long long, void>(long long const&) mcu_drivers/stm32c0/libstm32c0_src.a(systick.cpp.obj)
std::chrono::duration<long long, std::ratio<1ll, 1000000ll> >::duration<long long, void>(long long const&) mcu_drivers/stm32c0/libstm32c0_src.a(systick.cpp.obj)
std::chrono::duration<long long, std::ratio<1ll, 1000ll> >::count() const mcu_drivers/stm32c0/libstm32c0_src.a(systick.cpp.obj)
std::chrono::duration<long long, std::ratio<1ll, 1000ll> >::duration<unsigned long, void>(unsigned long const&) mcu_drivers/stm32c0/libstm32c0_src.a(systick.cpp.obj)
std::chrono::duration<long long, std::ratio<1ll, 1000ll> >::duration<unsigned long, void>(unsigned long const&) mcu_drivers/stm32c0/libstm32c0_src.a(systick.cpp.obj)
std::common_type<std::chrono::duration<long long, std::ratio<1ll, 1000ll> >, std::chrono::duration<long long, std::ratio<1ll, 1000000ll> > >::type std::chrono::operator-<long long, std::ratio<1ll, 1000ll>, long long, std::ratio<1ll, 1000000ll> >(std::chrono::duration<long long, std::ratio<1ll, 1000ll> > const&, std::chrono::duration<long long, std::ratio<1ll, 1000000ll> > const&) mcu_drivers/stm32c0/libstm32c0_src.a(systick.cpp.obj)
std::enable_if<std::chrono::__is_duration<std::chrono::duration<long long, std::ratio<1ll, 1000000ll> > >::value, std::chrono::duration<long long, std::ratio<1ll, 1000000ll> > >::type std::chrono::duration_cast<std::chrono::duration<long long, std::ratio<1ll, 1000000ll> >, long long, std::ratio<1ll, 1000ll> >(std::chrono::duration<long long, std::ratio<1ll, 1000ll> > const&) mcu_drivers/stm32c0/libstm32c0_src.a(systick.cpp.obj)
vtable for periph::gpio                           mcu_drivers/stm32c0/libstm32c0_src.a(gpio_stm32c0.cpp.obj)
vtable for periph::gpio_stm32c0                   mcu_drivers/stm32c0/libstm32c0_src.a(gpio_stm32c0.cpp.obj)
xTaskGetTickCount()                               mcu_drivers/stm32c0/libstm32c0_src.a(systick.cpp.obj)
